05-11 19:16:00.342  1148  2090 D WindowManager: rotationForOrientation, orientationSource=ActivityRecord{b255de7 u0 com.android.todolist/.Info t1508}
05-11 19:16:00.342  1148  2090 D WindowManager: rotationForOrientation, orientationSource=ActivityRecord{b255de7 u0 com.android.todolist/.Info t1508}
05-11 19:16:00.343  1148  2090 D WindowManager: rotationForOrientation, orientationSource=ActivityRecord{b255de7 u0 com.android.todolist/.Info t1508}
05-11 19:16:00.343  1148  2090 D SGM:PkgDataHelper: notifyAppCreate(), pkgName: com.android.todolist, userId: 0, sendRet: true
05-11 19:16:00.343  1148  1387 D SGM:GameManager: onLooperPrepared(), msg: MSG_APP_CREATE, pkgName: com.android.todolist, userId: 0
05-11 19:16:00.344  1148  2090 V WindowManager: Changing focus from Window{c423200 u0 com.android.todolist/com.android.todolist.MainActivity} to null displayId=0 Callers=com.android.server.wm.RootWindowContainer.updateFocusedWindowLocked:583 com.android.server.wm.WindowManagerService.updateFocusedWindowLocked:6461 com.android.server.wm.ActivityTaskManagerService.setResumedActivityUncheckLocked:5470 com.android.server.wm.Task.onActivityStateChanged:2885 
05-11 19:16:00.344   801   801 I SurfaceFlinger: [c423200 com.android.todolist/com.android.todolist.MainActivity#0] FrameRatePriority: 1
05-11 19:16:00.346  1148  1551 D InputDispatcher: Focus entered window (0): c423200 com.android.todolist/com.android.todolist.MainActivity
05-11 19:16:00.348  1148  1200 D SGM:GameManager: notePauseComponent(), received pkgName: com.android.todolist, userId: 0
05-11 19:16:00.351  1148  1200 I GameSDK@LifeCycle: noteResumeComponent(): package name  : com.android.todolist
05-11 19:16:00.351  1148  1200 D SGM:GameManager: noteResumeComponent(), received pkgName: com.android.todolist, userId: 0
05-11 19:16:00.352  1148  1387 D SGM:GameManager: onLooperPrepared(), msg: MSG_APP_RESUME, pkgName: com.android.todolist, userid: 0
05-11 19:16:00.353   801   801 I SurfaceFlinger: [c423200 com.android.todolist/com.android.todolist.MainActivity#0] FrameRatePriority: -1
05-11 19:16:00.353 22649 22649 I Utils   : HomePackage : com.sec.android.app.launcher, resumePackageName : com.android.todolist
05-11 19:16:00.362  1148  2079 D InputDispatcher: Focus left window (0): c423200 com.android.todolist/com.android.todolist.MainActivity
05-11 19:16:00.390 19306 19306 I MSHandlerLifeCycle: isMultiSplitHandlerRequested: ignored. pkg=com.android.todolist parent=null callers=com.android.internal.policy.DecorView.setVisibility:4294 android.app.ActivityThread.handleResumeActivity:5301 android.app.servertransaction.ResumeActivityItem.execute:54 android.app.servertransaction.ActivityTransactionItem.execute:45 android.app.servertransaction.TransactionExecutor.executeLifecycleState:176 
05-11 19:16:00.394   801  2551 I SurfaceFlinger: id=109979 createSurf (0x0),-1 flag=80004, 1ad1d7e com.android.todolist/com.android.todolist.Info#0
05-11 19:16:00.413  1148  1551 V WindowManager: Relayout Window{1ad1d7e u0 com.android.todolist/com.android.todolist.Info}: viewVisibility=0 req=1080x2400 d0
05-11 19:16:00.413   801  2551 I SurfaceFlinger: id=109980 createSurf (1x1),-3 flag=40004, com.android.todolist/com.android.todolist.Info$_19306#0
05-11 19:16:00.414  1148  1551 D WindowManager: makeSurface duration=1 name=com.android.todolist/com.android.todolist.Info$_19306
05-11 19:16:00.417  1148  1551 V WindowManager: Changing focus from null to Window{1ad1d7e u0 com.android.todolist/com.android.todolist.Info} displayId=0 Callers=com.android.server.wm.RootWindowContainer.updateFocusedWindowLocked:583 com.android.server.wm.WindowManagerService.updateFocusedWindowLocked:6461 com.android.server.wm.WindowManagerService.relayoutWindow:2746 com.android.server.wm.Session.relayout:242 
05-11 19:16:00.437   801   801 I SurfaceFlinger: [1ad1d7e com.android.todolist/com.android.todolist.Info#0] FrameRatePriority: 1
05-11 19:16:00.439  1148  2079 D InputDispatcher: Focus request (0): 1ad1d7e com.android.todolist/com.android.todolist.Info but waiting because NOT_VISIBLE
05-11 19:16:00.439  1148  1551 D WindowManager: finishDrawingWindow: Window{1ad1d7e u0 com.android.todolist/com.android.todolist.Info} mDrawState=DRAW_PENDING
05-11 19:16:00.442  1148  1201 D WindowManager: prepareDimAnimOnAnimating owner = ActivityRecord{4bc453c u0 com.android.todolist/.MainActivity t1508}
05-11 19:16:00.442  1148  1201 I WindowManager: Reparenting to leash, surface=Surface(name=ActivityRecord{4bc453c u0 com.android.todolist/.MainActivity t1508})/@0x5344118, leashParent=Surface(name=Task=1508)/@0xcba0696
05-11 19:16:00.443   801   831 I SurfaceFlinger: id=109983 createSurf (0x0),-1 flag=24000, Surface(name=ActivityRecord{4bc453c u0 com.android.todolist/.MainActivity t1508})/@0x5344118 - animation-leash of app_transition#0
05-11 19:16:00.444  1148  1201 D WindowManager: makeSurface duration=1 leash=Surface(name=Surface(name=ActivityRecord{4bc453c u0 com.android.todolist/.MainActivity t1508})/@0x5344118 - animation-leash of app_transition)/@0x31b83c4
05-11 19:16:00.444  1148  1201 D WindowManager: startDimAnimation owner = ActivityRecord{4bc453c u0 com.android.todolist/.MainActivity t1508}
05-11 19:16:00.444   801   831 I SurfaceFlinger: id=109984 createSurf (0x0),-1 flag=20004, Dim Layer for - ActivityRecord{4bc453c u0 com.android.todolist/.MainActivity t1508} - animating-dim#0
05-11 19:16:00.445  1148  1201 I WindowManager: Reparenting to leash, surface=Surface(name=Dim Layer for - ActivityRecord{4bc453c u0 com.android.todolist/.MainActivity t1508} - animating-dim)/@0x27502ad, leashParent=Surface(name=ActivityRecord{4bc453c u0 com.android.todolist/.MainActivity t1508})/@0x5344118
05-11 19:16:00.445   801  2551 I SurfaceFlinger: id=109985 createSurf (0x0),-1 flag=24000, Surface(name=Dim Layer for - ActivityRecord{4bc453c u0 com.android.todolist/.MainActivity t1508} - animating-dim)/@0x27502ad - animation-leash of dimmer#0
05-11 19:16:00.446  1148  1201 D WindowManager: makeSurface duration=1 leash=Surface(name=Surface(name=Dim Layer for - ActivityRecord{4bc453c u0 com.android.todolist/.MainActivity t1508} - animating-dim)/@0x27502ad - animation-leash of dimmer)/@0x17109e2
05-11 19:16:00.447   801  2551 I SurfaceFlinger: id=109986 createSurf (0x0),-1 flag=80004, Surface(name=ActivityRecord{4bc453c u0 com.android.todolist/.MainActivity t1508})/@0x5344118 - animation-bounds#0
05-11 19:16:00.449  1148  1201 I WindowManager: Reparenting to leash, surface=Surface(name=ActivityRecord{b255de7 u0 com.android.todolist/.Info t1508})/@0xde0da65, leashParent=Surface(name=Task=1508)/@0xcba0696
05-11 19:16:00.449   801   831 I SurfaceFlinger: id=109987 createSurf (0x0),-1 flag=24004, Surface(name=ActivityRecord{b255de7 u0 com.android.todolist/.Info t1508})/@0xde0da65 - animation-leash of app_transition#0
05-11 19:16:00.450  1148  1201 D WindowManager: makeSurface duration=1 leash=Surface(name=Surface(name=ActivityRecord{b255de7 u0 com.android.todolist/.Info t1508})/@0xde0da65 - animation-leash of app_transition)/@0xa65f33a
05-11 19:16:00.450   801   834 I SurfaceFlinger: id=109988 createSurf (0x0),-1 flag=80004, Surface(name=ActivityRecord{b255de7 u0 com.android.todolist/.Info t1508})/@0xde0da65 - animation-bounds#0
05-11 19:16:00.452  1148  1197 I ActivityTaskManager: Displayed com.android.todolist/.Info: +144ms
05-11 19:16:00.452  1148  1197 I Pageboost: Launch time gathered : pid 19306 com.android.todolist 144
05-11 19:16:00.457  1148  2079 D InputDispatcher: Focus entered window (0): 1ad1d7e com.android.todolist/com.android.todolist.Info
05-11 19:16:00.470   801   801 D SurfaceFlinger:      DEVICE | 0x7ad5283140 | 0100 | RGBA_8888    |    0.0    4.0 1080.0 2400.0 |    0    0 1080 2396 | com.android.todolist/com.android.todolist.MainActivity$_19306#0
05-11 19:16:00.470   801   801 D SurfaceFlinger:      DEVICE | 0x7b79892e80 | 0102 | RGBA_8888    |    0.0    0.0 1080.0 1973.0 |    0  427 1080 2400 | com.android.todolist/com.android.todolist.Info$_19306#0
05-11 19:16:00.476   801   801 D SurfaceFlinger:      DEVICE | 0x7ad5283140 | 0100 | RGBA_8888    |    0.0    8.0 1080.0 2400.0 |    0    0 1080 2392 | com.android.todolist/com.android.todolist.MainActivity$_19306#0
05-11 19:16:00.476   801   801 D SurfaceFlinger:      DEVICE | 0x7ad52e3180 | 0102 | RGBA_8888    |    0.0    0.0 1080.0 2001.0 |    0  399 1080 2400 | com.android.todolist/com.android.todolist.Info$_19306#0
05-11 19:16:00.760  1148  1201 I WindowManager: Reparenting to original parent: Surface(name=ActivityRecord{4bc453c u0 com.android.todolist/.MainActivity t1508})/@0x5344118, destroy=true, surface=Surface(name=Dim Layer for - ActivityRecord{4bc453c u0 com.android.todolist/.MainActivity t1508} - animating-dim)/@0x27502ad
05-11 19:16:00.776   801   801 I Layer   : id=109985 removeFromCurrentState Surface(name=Dim Layer for - ActivityRecord{4bc453c u0 com.android.todolist/.MainActivity t1508} - animating-dim)/@0x27502ad - animation-leash of dimmer#0 (125)
05-11 19:16:00.776   801   801 I SurfaceFlinger: id=109985 Removed Surface(name=Dim Layer for - ActivityRecord{4bc453c u0 com.android.todolist/.MainActivity t1508} - animating-dim)/@0x27502ad - animation-leash of dimmer#0 (125)
05-11 19:16:00.777   801   801 I Layer   : id=109985 Destroyed Surface(name=Dim Layer for - ActivityRecord{4bc453c u0 com.android.todolist/.MainActivity t1508} - animating-dim)/@0x27502ad - animation-leash of dimmer#0
05-11 19:16:00.843   801   801 D SurfaceFlinger:      DEVICE | 0x7ad52e3180 | 0102 | RGBA_8888    |    0.0    0.0 1080.0 2400.0 |    0    0 1080 2400 | com.android.todolist/com.android.todolist.Info$_19306#0
05-11 19:16:00.854  1148  1201 I WindowManager: Reparenting to original parent: Surface(name=Task=1508)/@0xcba0696, destroy=true, surface=Surface(name=ActivityRecord{4bc453c u0 com.android.todolist/.MainActivity t1508})/@0x5344118
05-11 19:16:00.857  1148  1201 D WindowManager: clearDimAnimation owner = ActivityRecord{4bc453c u0 com.android.todolist/.MainActivity t1508}, caller=com.android.server.wm.WindowContainer.onAnimationLeashLost:3123 com.android.server.wm.ActivityRecord.onAnimationLeashLost:7848 com.android.server.wm.SurfaceAnimator.removeLeash:426 
05-11 19:16:00.858  1148  1201 V WindowManager: Setting visibility of Window{c423200 u0 com.android.todolist/com.android.todolist.MainActivity}: false, caller=com.android.server.wm.WindowContainer.sendAppVisibilityToClients:1104 com.android.server.wm.WindowToken.setClientVisible:448 com.android.server.wm.ActivityRecord.setClientVisible:6985 com.android.server.wm.ActivityRecord.onAnimationFinished:7872 com.android.server.wm.WindowContainer$$ExternalSyntheticLambda0.onAnimationFinished:2 
05-11 19:16:00.863  1148  1201 I WindowManager: Reparenting to original parent: Surface(name=Task=1508)/@0xcba0696, destroy=true, surface=Surface(name=ActivityRecord{b255de7 u0 com.android.todolist/.Info t1508})/@0xde0da65
05-11 19:16:00.870   801   801 I Layer   : id=109986 removeFromCurrentState Surface(name=ActivityRecord{4bc453c u0 com.android.todolist/.MainActivity t1508})/@0x5344118 - animation-bounds#0 (124)
05-11 19:16:00.870   801   801 I Layer   : id=109983 removeFromCurrentState Surface(name=ActivityRecord{4bc453c u0 com.android.todolist/.MainActivity t1508})/@0x5344118 - animation-leash of app_transition#0 (124)
05-11 19:16:00.870   801   801 I Layer   : id=109983 removeFromCurrentState Surface(name=ActivityRecord{4bc453c u0 com.android.todolist/.MainActivity t1508})/@0x5344118 - animation-leash of app_transition#0 (124)
05-11 19:16:00.870   801   801 I Layer   : id=109984 removeFromCurrentState Dim Layer for - ActivityRecord{4bc453c u0 com.android.todolist/.MainActivity t1508} - animating-dim#0 (124)
05-11 19:16:00.870   801   801 I Layer   : id=109987 removeFromCurrentState Surface(name=ActivityRecord{b255de7 u0 com.android.todolist/.Info t1508})/@0xde0da65 - animation-leash of app_transition#0 (124)
05-11 19:16:00.870   801   801 I Layer   : id=109988 removeFromCurrentState Surface(name=ActivityRecord{b255de7 u0 com.android.todolist/.Info t1508})/@0xde0da65 - animation-bounds#0 (124)
05-11 19:16:00.870   801   801 I SurfaceFlinger: id=109986 Removed Surface(name=ActivityRecord{4bc453c u0 com.android.todolist/.MainActivity t1508})/@0x5344118 - animation-bounds#0 (124)
05-11 19:16:00.870   801   801 I SurfaceFlinger: id=109983 Removed Surface(name=ActivityRecord{4bc453c u0 com.android.todolist/.MainActivity t1508})/@0x5344118 - animation-leash of app_transition#0 (124)
05-11 19:16:00.870   801   801 I SurfaceFlinger: id=109984 Removed Dim Layer for - ActivityRecord{4bc453c u0 com.android.todolist/.MainActivity t1508} - animating-dim#0 (124)
05-11 19:16:00.870   801   801 I SurfaceFlinger: id=109987 Removed Surface(name=ActivityRecord{b255de7 u0 com.android.todolist/.Info t1508})/@0xde0da65 - animation-leash of app_transition#0 (124)
05-11 19:16:00.870   801   801 I SurfaceFlinger: id=109988 Removed Surface(name=ActivityRecord{b255de7 u0 com.android.todolist/.Info t1508})/@0xde0da65 - animation-bounds#0 (124)
05-11 19:16:00.871   801   801 I Layer   : id=109984 Destroyed Dim Layer for - ActivityRecord{4bc453c u0 com.android.todolist/.MainActivity t1508} - animating-dim#0
05-11 19:16:00.871   801   801 I Layer   : id=109986 Destroyed Surface(name=ActivityRecord{4bc453c u0 com.android.todolist/.MainActivity t1508})/@0x5344118 - animation-bounds#0
05-11 19:16:00.871   801   801 I Layer   : id=109983 Destroyed Surface(name=ActivityRecord{4bc453c u0 com.android.todolist/.MainActivity t1508})/@0x5344118 - animation-leash of app_transition#0
05-11 19:16:00.871   801   801 I Layer   : id=109988 Destroyed Surface(name=ActivityRecord{b255de7 u0 com.android.todolist/.Info t1508})/@0xde0da65 - animation-bounds#0
05-11 19:16:00.872   801   801 I Layer   : id=109987 Destroyed Surface(name=ActivityRecord{b255de7 u0 com.android.todolist/.Info t1508})/@0xde0da65 - animation-leash of app_transition#0
05-11 19:16:00.882  1148  2090 V WindowManager: Relayout Window{c423200 u0 com.android.todolist/com.android.todolist.MainActivity}: viewVisibility=8 req=1080x2400 d0
05-11 19:16:00.913  1148  2090 V WindowManager: Relayout Window{c423200 u0 com.android.todolist/com.android.todolist.MainActivity}: viewVisibility=8 req=1080x2400 d0
05-11 19:16:00.929  1148  2090 E WindowManager: win=Window{c423200 u0 com.android.todolist/com.android.todolist.MainActivity} destroySurfaces: appStopped=true win.mWindowRemovalAllowed=false win.mRemoveOnExit=false win.mViewVisibility=8 caller=com.android.server.wm.ActivityRecord.destroySurfaces:5842 com.android.server.wm.ActivityRecord.destroySurfaces:5823 com.android.server.wm.ActivityRecord.notifyAppStopped:5887 com.android.server.wm.ActivityRecord.activityStopped:6513 com.android.server.wm.ActivityClientController.activityStopped:253 android.app.IActivityClientController$Stub.onTransact:596 com.android.server.wm.ActivityClientController.onTransact:129 
05-11 19:16:00.929  1148  2090 I WindowManager: Destroying surface Surface(name=com.android.todolist/com.android.todolist.MainActivity$_19306)/@0x48c3424 called by com.android.server.wm.WindowStateAnimator.destroySurface:987 com.android.server.wm.WindowStateAnimator.destroySurfaceLocked:518 com.android.server.wm.WindowState.destroySurfaceUnchecked:4229 com.android.server.wm.WindowState.destroySurface:4203 com.android.server.wm.ActivityRecord.destroySurfaces:5842 com.android.server.wm.ActivityRecord.destroySurfaces:5823 com.android.server.wm.ActivityRecord.notifyAppStopped:5887 com.android.server.wm.ActivityRecord.activityStopped:6513 
05-11 19:16:00.937   801   801 I Layer   : id=109935 removeFromCurrentState com.android.todolist/com.android.todolist.MainActivity$_19306#0 (117)
05-11 19:16:00.938   801  1235 I SurfaceFlinger: id=109935 Removed com.android.todolist/com.android.todolist.MainActivity$_19306#0 (117)
05-11 19:16:00.946   801   801 I Layer   : id=109935 Destroyed com.android.todolist/com.android.todolist.MainActivity$_19306#0
05-11 19:16:00.965  1148  1200 D SGM:GameManager: identifyForegroundApp. com.android.todolist, mCurrentUserId: 0, callerUserId: 0
05-11 19:16:00.965  1148  1200 D SGM:PkgDataHelper: getGamePkgData(). com.android.todolist
05-11 19:16:01.233  1148  1198 D WindowManager: rotationForOrientation, orientationSource=ActivityRecord{b255de7 u0 com.android.todolist/.Info t1508}
05-11 19:16:01.332  1148  1198 D WindowManager: rotationForOrientation, orientationSource=ActivityRecord{b255de7 u0 com.android.todolist/.Info t1508}
05-11 19:16:02.395  1148  1172 D MARsPolicyManager: onPackageResumedFG pkgName = com.android.todolist, userId = 0
05-11 19:16:02.395  1148  1172 V WindowManager: Setting visibility of Window{c423200 u0 com.android.todolist/com.android.todolist.MainActivity}: true, caller=com.android.server.wm.WindowContainer.sendAppVisibilityToClients:1104 com.android.server.wm.WindowToken.setClientVisible:448 com.android.server.wm.ActivityRecord.setClientVisible:6985 com.android.server.wm.ActivityRecord.setVisibility:5424 com.android.server.wm.ActivityRecord.setVisibility:5319 
05-11 19:16:02.396  1148  1172 V WindowManager: Changing focus from Window{1ad1d7e u0 com.android.todolist/com.android.todolist.Info} to null displayId=0 Callers=com.android.server.wm.RootWindowContainer.updateFocusedWindowLocked:583 com.android.server.wm.WindowManagerService.updateFocusedWindowLocked:6461 com.android.server.wm.ActivityTaskManagerService.setResumedActivityUncheckLocked:5470 com.android.server.wm.Task.onActivityStateChanged:2885 
05-11 19:16:02.398  1148  1172 D WindowManager: rotationForOrientation, orientationSource=ActivityRecord{4bc453c u0 com.android.todolist/.MainActivity t1508}
05-11 19:16:02.398  1148  1172 D WindowManager: rotationForOrientation, orientationSource=ActivityRecord{4bc453c u0 com.android.todolist/.MainActivity t1508}
05-11 19:16:02.398  1148  1172 D WindowManager: rotationForOrientation, orientationSource=ActivityRecord{4bc453c u0 com.android.todolist/.MainActivity t1508}
05-11 19:16:02.401   801   801 I SurfaceFlinger: [1ad1d7e com.android.todolist/com.android.todolist.Info#0] FrameRatePriority: -1
05-11 19:16:02.401  1148  1200 D SGM:GameManager: notePauseComponent(), received pkgName: com.android.todolist, userId: 0
05-11 19:16:02.402  1148  1172 D InputDispatcher: Focus left window (0): 1ad1d7e com.android.todolist/com.android.todolist.Info
05-11 19:16:02.404  1148  1200 I GameSDK@LifeCycle: noteResumeComponent(): package name  : com.android.todolist
05-11 19:16:02.404  1148  1200 D SGM:GameManager: noteResumeComponent(), received pkgName: com.android.todolist, userId: 0
05-11 19:16:02.404  1148  1387 D SGM:GameManager: onLooperPrepared(), msg: MSG_APP_RESUME, pkgName: com.android.todolist, userid: 0
05-11 19:16:02.406 22649 22649 I Utils   : HomePackage : com.sec.android.app.launcher, resumePackageName : com.android.todolist
05-11 19:16:02.412  1148  1172 V WindowManager: Relayout Window{c423200 u0 com.android.todolist/com.android.todolist.MainActivity}: viewVisibility=0 req=1080x2400 d0
05-11 19:16:02.412   801  1235 I SurfaceFlinger: id=109990 createSurf (1080x2400),-3 flag=40004, com.android.todolist/com.android.todolist.MainActivity$_19306#0
05-11 19:16:02.413  1148  1172 D WindowManager: makeSurface duration=2 name=com.android.todolist/com.android.todolist.MainActivity$_19306
05-11 19:16:02.415  1148  1172 V WindowManager: Changing focus from null to Window{c423200 u0 com.android.todolist/com.android.todolist.MainActivity} displayId=0 Callers=com.android.server.wm.RootWindowContainer.updateFocusedWindowLocked:583 com.android.server.wm.WindowManagerService.updateFocusedWindowLocked:6461 com.android.server.wm.WindowManagerService.relayoutWindow:2746 com.android.server.wm.Session.relayout:242 
05-11 19:16:02.432  1148  2090 D WindowManager: finishDrawingWindow: Window{c423200 u0 com.android.todolist/com.android.todolist.MainActivity} mDrawState=DRAW_PENDING
05-11 19:16:02.435   801   801 I SurfaceFlinger: [c423200 com.android.todolist/com.android.todolist.MainActivity#0] FrameRatePriority: 1
05-11 19:16:02.436  1148  1201 I WindowManager: Reparenting to leash, surface=Surface(name=ActivityRecord{b255de7 u0 com.android.todolist/.Info t1508})/@0xde0da65, leashParent=Surface(name=Task=1508)/@0xcba0696
05-11 19:16:02.436   801  2551 I SurfaceFlinger: id=109993 createSurf (0x0),-1 flag=24000, Surface(name=ActivityRecord{b255de7 u0 com.android.todolist/.Info t1508})/@0xde0da65 - animation-leash of app_transition#0
05-11 19:16:02.436  1148  1172 D InputDispatcher: Focus request (0): c423200 com.android.todolist/com.android.todolist.MainActivity but waiting because NOT_VISIBLE
05-11 19:16:02.437  1148  1201 D WindowManager: makeSurface duration=2 leash=Surface(name=Surface(name=ActivityRecord{b255de7 u0 com.android.todolist/.Info t1508})/@0xde0da65 - animation-leash of app_transition)/@0x77e9bc0
05-11 19:16:02.438   801  2551 I SurfaceFlinger: id=109994 createSurf (0x0),-1 flag=80004, Surface(name=ActivityRecord{b255de7 u0 com.android.todolist/.Info t1508})/@0xde0da65 - animation-bounds#0
05-11 19:16:02.441  1148  1201 I WindowManager: Reparenting to leash, surface=Surface(name=ActivityRecord{4bc453c u0 com.android.todolist/.MainActivity t1508})/@0x5344118, leashParent=Surface(name=Task=1508)/@0xcba0696
05-11 19:16:02.441   801  2551 I SurfaceFlinger: id=109995 createSurf (0x0),-1 flag=24004, Surface(name=ActivityRecord{4bc453c u0 com.android.todolist/.MainActivity t1508})/@0x5344118 - animation-leash of app_transition#0
05-11 19:16:02.442  1148  1201 D WindowManager: makeSurface duration=1 leash=Surface(name=Surface(name=ActivityRecord{4bc453c u0 com.android.todolist/.MainActivity t1508})/@0x5344118 - animation-leash of app_transition)/@0xaa9469f
05-11 19:16:02.442   801  1235 I SurfaceFlinger: id=109996 createSurf (0x0),-1 flag=80004, Surface(name=ActivityRecord{4bc453c u0 com.android.todolist/.MainActivity t1508})/@0x5344118 - animation-bounds#0
05-11 19:16:02.452  1148  2079 D InputDispatcher: Focus entered window (0): c423200 com.android.todolist/com.android.todolist.MainActivity
05-11 19:16:02.473   801   801 D SurfaceFlinger:      DEVICE | 0x7adee9dbc0 | 0100 | RGBA_8888    |    0.0   74.0 1080.0 2400.0 |    0    0 1080 2326 | com.android.todolist/com.android.todolist.MainActivity$_19306#0
05-11 19:16:02.473   801   801 D SurfaceFlinger:      DEVICE | 0x7ad52e3400 | 0102 | RGBA_8888    |    0.0    0.0 1080.0 2398.0 |    0    2 1080 2400 | com.android.todolist/com.android.todolist.Info$_19306#0
05-11 19:16:02.581   801   801 D SurfaceFlinger:      DEVICE | 0x7adee9dbc0 | 0100 | RGBA_8888    |    0.0   19.0 1080.0 2400.0 |    0    0 1080 2381 | com.android.todolist/com.android.todolist.MainActivity$_19306#0
05-11 19:16:02.748  1148  1201 I WindowManager: Reparenting to original parent: Surface(name=Task=1508)/@0xcba0696, destroy=true, surface=Surface(name=ActivityRecord{b255de7 u0 com.android.todolist/.Info t1508})/@0xde0da65
05-11 19:16:02.749  1148  1201 V WindowManager: Setting visibility of Window{1ad1d7e u0 com.android.todolist/com.android.todolist.Info}: false, caller=com.android.server.wm.WindowContainer.sendAppVisibilityToClients:1104 com.android.server.wm.WindowToken.setClientVisible:448 com.android.server.wm.ActivityRecord.setClientVisible:6985 com.android.server.wm.ActivityRecord.onAnimationFinished:7872 com.android.server.wm.WindowContainer$$ExternalSyntheticLambda0.onAnimationFinished:2 
05-11 19:16:02.749  1148  1201 I WindowManager: Reparenting to original parent: Surface(name=Task=1508)/@0xcba0696, destroy=true, surface=Surface(name=ActivityRecord{4bc453c u0 com.android.todolist/.MainActivity t1508})/@0x5344118
05-11 19:16:02.756   801   801 I Layer   : id=109993 removeFromCurrentState Surface(name=ActivityRecord{b255de7 u0 com.android.todolist/.Info t1508})/@0xde0da65 - animation-leash of app_transition#0 (121)
05-11 19:16:02.756   801   801 I Layer   : id=109994 removeFromCurrentState Surface(name=ActivityRecord{b255de7 u0 com.android.todolist/.Info t1508})/@0xde0da65 - animation-bounds#0 (121)
05-11 19:16:02.756   801   801 I Layer   : id=109995 removeFromCurrentState Surface(name=ActivityRecord{4bc453c u0 com.android.todolist/.MainActivity t1508})/@0x5344118 - animation-leash of app_transition#0 (121)
05-11 19:16:02.756   801   801 I Layer   : id=109996 removeFromCurrentState Surface(name=ActivityRecord{4bc453c u0 com.android.todolist/.MainActivity t1508})/@0x5344118 - animation-bounds#0 (121)
05-11 19:16:02.756   801   801 I SurfaceFlinger: id=109994 Removed Surface(name=ActivityRecord{b255de7 u0 com.android.todolist/.Info t1508})/@0xde0da65 - animation-bounds#0 (121)
05-11 19:16:02.756   801   801 I SurfaceFlinger: id=109996 Removed Surface(name=ActivityRecord{4bc453c u0 com.android.todolist/.MainActivity t1508})/@0x5344118 - animation-bounds#0 (121)
05-11 19:16:02.757   801   801 I SurfaceFlinger: id=109995 Removed Surface(name=ActivityRecord{4bc453c u0 com.android.todolist/.MainActivity t1508})/@0x5344118 - animation-leash of app_transition#0 (121)
05-11 19:16:02.757   801   801 I SurfaceFlinger: id=109993 Removed Surface(name=ActivityRecord{b255de7 u0 com.android.todolist/.Info t1508})/@0xde0da65 - animation-leash of app_transition#0 (121)
05-11 19:16:02.757   801   801 I Layer   : id=109996 Destroyed Surface(name=ActivityRecord{4bc453c u0 com.android.todolist/.MainActivity t1508})/@0x5344118 - animation-bounds#0
05-11 19:16:02.757   801   801 I Layer   : id=109995 Destroyed Surface(name=ActivityRecord{4bc453c u0 com.android.todolist/.MainActivity t1508})/@0x5344118 - animation-leash of app_transition#0
05-11 19:16:02.757   801   801 I Layer   : id=109994 Destroyed Surface(name=ActivityRecord{b255de7 u0 com.android.todolist/.Info t1508})/@0xde0da65 - animation-bounds#0
05-11 19:16:02.757   801   801 I Layer   : id=109993 Destroyed Surface(name=ActivityRecord{b255de7 u0 com.android.todolist/.Info t1508})/@0xde0da65 - animation-leash of app_transition#0
05-11 19:16:02.762  1148  1172 V WindowManager: Relayout Window{1ad1d7e u0 com.android.todolist/com.android.todolist.Info}: viewVisibility=8 req=1080x2400 d0
05-11 19:16:02.784  1148  1172 W InputManager-JNI: Input channel object '1ad1d7e com.android.todolist/com.android.todolist.Info (client)' was disposed without first being removed with the input manager!
05-11 19:16:02.784  1148  1172 I WindowManager: Destroying surface Surface(name=com.android.todolist/com.android.todolist.Info$_19306)/@0x5146cee called by com.android.server.wm.WindowStateAnimator.destroySurface:987 com.android.server.wm.WindowStateAnimator.destroySurfaceLocked:518 com.android.server.wm.WindowState.removeImmediately:2960 com.android.server.wm.WindowState.removeIfPossible:3151 com.android.server.wm.WindowState.removeIfPossible:2984 com.android.server.wm.WindowManagerService.removeWindow:2243 com.android.server.wm.Session.remove:225 android.view.IWindowSession$Stub.onTransact:746 
05-11 19:16:02.788  1148  1172 I ActivityTaskManager: Removing activity ActivityRecord{b255de7 u0 com.android.todolist/.Info t1508 f}}(activityDestroyed)  from stack callers=com.android.server.wm.ActivityRecord.destroyed:4081 com.android.server.wm.ActivityClientController.activityDestroyed:287 android.app.IActivityClientController$Stub.onTransact:604 com.android.server.wm.ActivityClientController.onTransact:129 android.os.Binder.execTransactInternal:1220 
05-11 19:16:02.790   801   801 I Layer   : id=109980 removeFromCurrentState com.android.todolist/com.android.todolist.Info$_19306#0 (117)
05-11 19:16:02.790   801   801 I Layer   : id=109979 removeFromCurrentState 1ad1d7e com.android.todolist/com.android.todolist.Info#0 (117)
05-11 19:16:02.790   801   801 I SurfaceFlinger: id=109979 Removed 1ad1d7e com.android.todolist/com.android.todolist.Info#0 (117)
05-11 19:16:02.790   801   801 I SurfaceFlinger: id=109980 Removed com.android.todolist/com.android.todolist.Info$_19306#0 (117)
05-11 19:16:02.790   801   801 I Layer   : id=109979 Destroyed 1ad1d7e com.android.todolist/com.android.todolist.Info#0
05-11 19:16:02.791   801   801 I Layer   : id=109980 Destroyed com.android.todolist/com.android.todolist.Info$_19306#0
05-11 19:16:02.799   801   801 I Layer   : id=109976 removeFromCurrentState ActivityRecord{b255de7 u0 com.android.todolist/.Info t1508}#0 (115)
05-11 19:16:02.799   801   801 I SurfaceFlinger: id=109976 Removed ActivityRecord{b255de7 u0 com.android.todolist/.Info t1508}#0 (115)
05-11 19:16:02.799   801   801 I Layer   : id=109976 Destroyed ActivityRecord{b255de7 u0 com.android.todolist/.Info t1508}#0
05-11 19:16:02.960  1148  1200 D SGM:GameManager: identifyForegroundApp. com.android.todolist, mCurrentUserId: 0, callerUserId: 0
05-11 19:16:02.960  1148  1200 D SGM:PkgDataHelper: getGamePkgData(). com.android.todolist
05-11 19:16:08.525 19306 19306 V Toast   : show: caller = com.android.todolist.MyAdapter$onBindViewHolder$1.onClick:58 
05-11 19:16:08.539  1148  2079 I ActivityTaskManager: START u0 {cmp=com.android.todolist/.ListActivity (has extras)} from uid 10466
05-11 19:16:08.540  1148  2079 D ActivityTaskManager: TaskLaunchParamsModifier:task=null activity=ActivityRecord{30e876f u0 com.android.todolist/.ListActivity display-area-from-source=DefaultTaskDisplayArea@211848610 display-id=0 display-windowing-mode=1 suggested-display-area=DefaultTaskDisplayArea@211848610
05-11 19:16:08.540  1148  2079 D ActivityTaskManager: TaskLaunchParamsModifier:task=Task{eb2941a #1508 type=standard A=10466:com.android.todolist U=0 visible=true mode=fullscreen translucent=false sz=1} activity=ActivityRecord{30e876f u0 com.android.todolist/.ListActivity t-1} display-area-from-source=DefaultTaskDisplayArea@211848610 display-id=0 display-windowing-mode=1 suggested-display-area=DefaultTaskDisplayArea@211848610 inherit-from-source=fullscreen activity-options-fullscreen=Rect(0, 0 - 0, 0) non-freeform-display display-area=DefaultTaskDisplayArea@211848610 maximized-bounds
05-11 19:16:08.542   801   834 I SurfaceFlinger: id=109999 createSurf (0x0),-1 flag=80004, ActivityRecord{30e876f u0 com.android.todolist/.ListActivity t1508}#0
05-11 19:16:08.560  1148  2090 D MARsPolicyManager: onPackageResumedFG pkgName = com.android.todolist, userId = 0
05-11 19:16:08.561  1148  2090 D WindowManager: rotationForOrientation, orientationSource=ActivityRecord{30e876f u0 com.android.todolist/.ListActivity t1508}
05-11 19:16:08.561  1148  2090 D WindowManager: rotationForOrientation, orientationSource=ActivityRecord{30e876f u0 com.android.todolist/.ListActivity t1508}
05-11 19:16:08.562  1148  2090 D WindowManager: rotationForOrientation, orientationSource=ActivityRecord{30e876f u0 com.android.todolist/.ListActivity t1508}
05-11 19:16:08.562  1148  2090 D SGM:PkgDataHelper: notifyAppCreate(), pkgName: com.android.todolist, userId: 0, sendRet: true
05-11 19:16:08.562  1148  1387 D SGM:GameManager: onLooperPrepared(), msg: MSG_APP_CREATE, pkgName: com.android.todolist, userId: 0
05-11 19:16:08.563  1148  2090 V WindowManager: Changing focus from Window{c423200 u0 com.android.todolist/com.android.todolist.MainActivity} to null displayId=0 Callers=com.android.server.wm.RootWindowContainer.updateFocusedWindowLocked:583 com.android.server.wm.WindowManagerService.updateFocusedWindowLocked:6461 com.android.server.wm.ActivityTaskManagerService.setResumedActivityUncheckLocked:5470 com.android.server.wm.Task.onActivityStateChanged:2885 
05-11 19:16:08.566  1148  1200 D SGM:GameManager: notePauseComponent(), received pkgName: com.android.todolist, userId: 0
05-11 19:16:08.568  1148  1200 I GameSDK@LifeCycle: noteResumeComponent(): package name  : com.android.todolist
05-11 19:16:08.568  1148  1200 D SGM:GameManager: noteResumeComponent(), received pkgName: com.android.todolist, userId: 0
05-11 19:16:08.569  1148  1387 D SGM:GameManager: onLooperPrepared(), msg: MSG_APP_RESUME, pkgName: com.android.todolist, userid: 0
05-11 19:16:08.570   801   801 I SurfaceFlinger: [c423200 com.android.todolist/com.android.todolist.MainActivity#0] FrameRatePriority: -1
05-11 19:16:08.572 22649 22649 I Utils   : HomePackage : com.sec.android.app.launcher, resumePackageName : com.android.todolist
05-11 19:16:08.580  1148  2090 D InputDispatcher: Focus left window (0): c423200 com.android.todolist/com.android.todolist.MainActivity
05-11 19:16:08.616   801   801 D SurfaceFlinger:      DEVICE | 0x7adee9dbc0 | 0100 | RGBA_8888    |    0.0    0.0 1080.0 2400.0 |    0    0 1080 2400 | com.android.todolist/com.android.todolist.MainActivity$_19306#0
05-11 19:16:08.634 19306 19306 I MSHandlerLifeCycle: isMultiSplitHandlerRequested: ignored. pkg=com.android.todolist parent=null callers=com.android.internal.policy.DecorView.setVisibility:4294 android.app.ActivityThread.handleResumeActivity:5301 android.app.servertransaction.ResumeActivityItem.execute:54 android.app.servertransaction.ActivityTransactionItem.execute:45 android.app.servertransaction.TransactionExecutor.executeLifecycleState:176 
05-11 19:16:08.637   801  2149 I SurfaceFlinger: id=110003 createSurf (0x0),-1 flag=80004, f78ceb9 com.android.todolist/com.android.todolist.ListActivity#0
05-11 19:16:08.645  1148  1551 V WindowManager: Relayout Window{f78ceb9 u0 com.android.todolist/com.android.todolist.ListActivity}: viewVisibility=0 req=1080x2400 d0
05-11 19:16:08.645   801   834 I SurfaceFlinger: id=110004 createSurf (1x1),-3 flag=40004, com.android.todolist/com.android.todolist.ListActivity$_19306#0
05-11 19:16:08.646  1148  1551 D WindowManager: makeSurface duration=0 name=com.android.todolist/com.android.todolist.ListActivity$_19306
05-11 19:16:08.649  1148  1551 V WindowManager: Changing focus from null to Window{f78ceb9 u0 com.android.todolist/com.android.todolist.ListActivity} displayId=0 Callers=com.android.server.wm.RootWindowContainer.updateFocusedWindowLocked:583 com.android.server.wm.WindowManagerService.updateFocusedWindowLocked:6461 com.android.server.wm.WindowManagerService.relayoutWindow:2746 com.android.server.wm.Session.relayout:242 
05-11 19:16:08.663   801   801 I SurfaceFlinger: [f78ceb9 com.android.todolist/com.android.todolist.ListActivity#0] FrameRatePriority: 1
05-11 19:16:08.664  1148  1551 D InputDispatcher: Focus request (0): f78ceb9 com.android.todolist/com.android.todolist.ListActivity but waiting because NOT_VISIBLE
05-11 19:16:08.668  1148  1551 D WindowManager: finishDrawingWindow: Window{f78ceb9 u0 com.android.todolist/com.android.todolist.ListActivity} mDrawState=DRAW_PENDING
05-11 19:16:08.671  1148  1201 D WindowManager: prepareDimAnimOnAnimating owner = ActivityRecord{4bc453c u0 com.android.todolist/.MainActivity t1508}
05-11 19:16:08.671  1148  1201 I WindowManager: Reparenting to leash, surface=Surface(name=ActivityRecord{4bc453c u0 com.android.todolist/.MainActivity t1508})/@0x5344118, leashParent=Surface(name=Task=1508)/@0xcba0696
05-11 19:16:08.671   801   834 I SurfaceFlinger: id=110007 createSurf (0x0),-1 flag=24000, Surface(name=ActivityRecord{4bc453c u0 com.android.todolist/.MainActivity t1508})/@0x5344118 - animation-leash of app_transition#0
05-11 19:16:08.672  1148  1201 D WindowManager: makeSurface duration=0 leash=Surface(name=Surface(name=ActivityRecord{4bc453c u0 com.android.todolist/.MainActivity t1508})/@0x5344118 - animation-leash of app_transition)/@0x77c6544
05-11 19:16:08.672  1148  1201 D WindowManager: startDimAnimation owner = ActivityRecord{4bc453c u0 com.android.todolist/.MainActivity t1508}
05-11 19:16:08.672   801  2551 I SurfaceFlinger: id=110008 createSurf (0x0),-1 flag=20004, Dim Layer for - ActivityRecord{4bc453c u0 com.android.todolist/.MainActivity t1508} - animating-dim#0
05-11 19:16:08.673  1148  1201 I WindowManager: Reparenting to leash, surface=Surface(name=Dim Layer for - ActivityRecord{4bc453c u0 com.android.todolist/.MainActivity t1508} - animating-dim)/@0xd6a062d, leashParent=Surface(name=ActivityRecord{4bc453c u0 com.android.todolist/.MainActivity t1508})/@0x5344118
05-11 19:16:08.673   801  2551 I SurfaceFlinger: id=110009 createSurf (0x0),-1 flag=24000, Surface(name=Dim Layer for - ActivityRecord{4bc453c u0 com.android.todolist/.MainActivity t1508} - animating-dim)/@0xd6a062d - animation-leash of dimmer#0
05-11 19:16:08.674  1148  1201 D WindowManager: makeSurface duration=1 leash=Surface(name=Surface(name=Dim Layer for - ActivityRecord{4bc453c u0 com.android.todolist/.MainActivity t1508} - animating-dim)/@0xd6a062d - animation-leash of dimmer)/@0x7d48762
05-11 19:16:08.674   801  2149 I SurfaceFlinger: id=110010 createSurf (0x0),-1 flag=80004, Surface(name=ActivityRecord{4bc453c u0 com.android.todolist/.MainActivity t1508})/@0x5344118 - animation-bounds#0
05-11 19:16:08.676  1148  1201 I WindowManager: Reparenting to leash, surface=Surface(name=ActivityRecord{30e876f u0 com.android.todolist/.ListActivity t1508})/@0xb02cde5, leashParent=Surface(name=Task=1508)/@0xcba0696
05-11 19:16:08.676   801  2551 I SurfaceFlinger: id=110011 createSurf (0x0),-1 flag=24004, Surface(name=ActivityRecord{30e876f u0 com.android.todolist/.ListActivity t1508})/@0xb02cde5 - animation-leash of app_transition#0
05-11 19:16:08.677  1148  1201 D WindowManager: makeSurface duration=0 leash=Surface(name=Surface(name=ActivityRecord{30e876f u0 com.android.todolist/.ListActivity t1508})/@0xb02cde5 - animation-leash of app_transition)/@0xf0ba0ba
05-11 19:16:08.677   801  2551 I SurfaceFlinger: id=110012 createSurf (0x0),-1 flag=80004, Surface(name=ActivityRecord{30e876f u0 com.android.todolist/.ListActivity t1508})/@0xb02cde5 - animation-bounds#0
05-11 19:16:08.679  1148  1197 I ActivityTaskManager: Displayed com.android.todolist/.ListActivity: +139ms
05-11 19:16:08.679  1148  1197 I Pageboost: Launch time gathered : pid 19306 com.android.todolist 139
05-11 19:16:08.681  1148  2079 D InputDispatcher: Focus entered window (0): f78ceb9 com.android.todolist/com.android.todolist.ListActivity
05-11 19:16:08.694   801   801 D SurfaceFlinger:      DEVICE | 0x7b79893b00 | 0100 | RGBA_8888    |    0.0    4.0 1080.0 2400.0 |    0    0 1080 2396 | com.android.todolist/com.android.todolist.MainActivity$_19306#0
05-11 19:16:08.694   801   801 D SurfaceFlinger:      DEVICE | 0x7b798934c0 | 0102 | RGBA_8888    |    0.0    0.0 1080.0 1973.0 |    0  427 1080 2400 | com.android.todolist/com.android.todolist.ListActivity$_19306#0
05-11 19:16:08.703   801   801 D SurfaceFlinger:      DEVICE | 0x7b79893b00 | 0100 | RGBA_8888    |    0.0    8.0 1080.0 2400.0 |    0    0 1080 2392 | com.android.todolist/com.android.todolist.MainActivity$_19306#0
05-11 19:16:08.703   801   801 D SurfaceFlinger:      DEVICE | 0x7adef0aa80 | 0102 | RGBA_8888    |    0.0    0.0 1080.0 2001.0 |    0  399 1080 2400 | com.android.todolist/com.android.todolist.ListActivity$_19306#0
05-11 19:16:08.985  1148  1201 I WindowManager: Reparenting to original parent: Surface(name=ActivityRecord{4bc453c u0 com.android.todolist/.MainActivity t1508})/@0x5344118, destroy=true, surface=Surface(name=Dim Layer for - ActivityRecord{4bc453c u0 com.android.todolist/.MainActivity t1508} - animating-dim)/@0xd6a062d
05-11 19:16:09.002   801   801 I Layer   : id=110009 removeFromCurrentState Surface(name=Dim Layer for - ActivityRecord{4bc453c u0 com.android.todolist/.MainActivity t1508} - animating-dim)/@0xd6a062d - animation-leash of dimmer#0 (127)
05-11 19:16:09.002   801   801 I SurfaceFlinger: id=110009 Removed Surface(name=Dim Layer for - ActivityRecord{4bc453c u0 com.android.todolist/.MainActivity t1508} - animating-dim)/@0xd6a062d - animation-leash of dimmer#0 (127)
05-11 19:16:09.003   801   801 I Layer   : id=110009 Destroyed Surface(name=Dim Layer for - ActivityRecord{4bc453c u0 com.android.todolist/.MainActivity t1508} - animating-dim)/@0xd6a062d - animation-leash of dimmer#0
05-11 19:16:09.068   801   801 D SurfaceFlinger:      DEVICE | 0x7adef0aa80 | 0102 | RGBA_8888    |    0.0    0.0 1080.0 2400.0 |    0    0 1080 2400 | com.android.todolist/com.android.todolist.ListActivity$_19306#0
05-11 19:16:09.079  1148  1201 I WindowManager: Reparenting to original parent: Surface(name=Task=1508)/@0xcba0696, destroy=true, surface=Surface(name=ActivityRecord{4bc453c u0 com.android.todolist/.MainActivity t1508})/@0x5344118
05-11 19:16:09.080  1148  1201 D WindowManager: clearDimAnimation owner = ActivityRecord{4bc453c u0 com.android.todolist/.MainActivity t1508}, caller=com.android.server.wm.WindowContainer.onAnimationLeashLost:3123 com.android.server.wm.ActivityRecord.onAnimationLeashLost:7848 com.android.server.wm.SurfaceAnimator.removeLeash:426 
05-11 19:16:09.080  1148  1201 V WindowManager: Setting visibility of Window{c423200 u0 com.android.todolist/com.android.todolist.MainActivity}: false, caller=com.android.server.wm.WindowContainer.sendAppVisibilityToClients:1104 com.android.server.wm.WindowToken.setClientVisible:448 com.android.server.wm.ActivityRecord.setClientVisible:6985 com.android.server.wm.ActivityRecord.onAnimationFinished:7872 com.android.server.wm.WindowContainer$$ExternalSyntheticLambda0.onAnimationFinished:2 
05-11 19:16:09.081  1148  1201 I WindowManager: Reparenting to original parent: Surface(name=Task=1508)/@0xcba0696, destroy=true, surface=Surface(name=ActivityRecord{30e876f u0 com.android.todolist/.ListActivity t1508})/@0xb02cde5
05-11 19:16:09.092   801   801 I Layer   : id=110007 removeFromCurrentState Surface(name=ActivityRecord{4bc453c u0 com.android.todolist/.MainActivity t1508})/@0x5344118 - animation-leash of app_transition#0 (126)
05-11 19:16:09.092   801   801 I Layer   : id=110008 removeFromCurrentState Dim Layer for - ActivityRecord{4bc453c u0 com.android.todolist/.MainActivity t1508} - animating-dim#0 (126)
05-11 19:16:09.092   801   801 I Layer   : id=110010 removeFromCurrentState Surface(name=ActivityRecord{4bc453c u0 com.android.todolist/.MainActivity t1508})/@0x5344118 - animation-bounds#0 (126)
05-11 19:16:09.092   801   801 I Layer   : id=110011 removeFromCurrentState Surface(name=ActivityRecord{30e876f u0 com.android.todolist/.ListActivity t1508})/@0xb02cde5 - animation-leash of app_transition#0 (126)
05-11 19:16:09.092   801   801 I Layer   : id=110012 removeFromCurrentState Surface(name=ActivityRecord{30e876f u0 com.android.todolist/.ListActivity t1508})/@0xb02cde5 - animation-bounds#0 (126)
05-11 19:16:09.092   801   801 I SurfaceFlinger: id=110008 Removed Dim Layer for - ActivityRecord{4bc453c u0 com.android.todolist/.MainActivity t1508} - animating-dim#0 (126)
05-11 19:16:09.092   801   801 I SurfaceFlinger: id=110010 Removed Surface(name=ActivityRecord{4bc453c u0 com.android.todolist/.MainActivity t1508})/@0x5344118 - animation-bounds#0 (126)
05-11 19:16:09.092   801   801 I SurfaceFlinger: id=110012 Removed Surface(name=ActivityRecord{30e876f u0 com.android.todolist/.ListActivity t1508})/@0xb02cde5 - animation-bounds#0 (126)
05-11 19:16:09.092   801   801 I SurfaceFlinger: id=110011 Removed Surface(name=ActivityRecord{30e876f u0 com.android.todolist/.ListActivity t1508})/@0xb02cde5 - animation-leash of app_transition#0 (126)
05-11 19:16:09.092   801   801 I SurfaceFlinger: id=110007 Removed Surface(name=ActivityRecord{4bc453c u0 com.android.todolist/.MainActivity t1508})/@0x5344118 - animation-leash of app_transition#0 (126)
05-11 19:16:09.092   801   801 I Layer   : id=110008 Destroyed Dim Layer for - ActivityRecord{4bc453c u0 com.android.todolist/.MainActivity t1508} - animating-dim#0
05-11 19:16:09.092   801   801 I Layer   : id=110010 Destroyed Surface(name=ActivityRecord{4bc453c u0 com.android.todolist/.MainActivity t1508})/@0x5344118 - animation-bounds#0
05-11 19:16:09.092   801   801 I Layer   : id=110007 Destroyed Surface(name=ActivityRecord{4bc453c u0 com.android.todolist/.MainActivity t1508})/@0x5344118 - animation-leash of app_transition#0
05-11 19:16:09.093   801   801 I Layer   : id=110012 Destroyed Surface(name=ActivityRecord{30e876f u0 com.android.todolist/.ListActivity t1508})/@0xb02cde5 - animation-bounds#0
05-11 19:16:09.093   801   801 I Layer   : id=110011 Destroyed Surface(name=ActivityRecord{30e876f u0 com.android.todolist/.ListActivity t1508})/@0xb02cde5 - animation-leash of app_transition#0
05-11 19:16:09.095  1148  1172 V WindowManager: Relayout Window{c423200 u0 com.android.todolist/com.android.todolist.MainActivity}: viewVisibility=8 req=1080x2400 d0
05-11 19:16:09.113  1148  2090 V WindowManager: Relayout Window{c423200 u0 com.android.todolist/com.android.todolist.MainActivity}: viewVisibility=8 req=1080x2400 d0
05-11 19:16:09.126  1148  2090 E WindowManager: win=Window{c423200 u0 com.android.todolist/com.android.todolist.MainActivity} destroySurfaces: appStopped=true win.mWindowRemovalAllowed=false win.mRemoveOnExit=false win.mViewVisibility=8 caller=com.android.server.wm.ActivityRecord.destroySurfaces:5842 com.android.server.wm.ActivityRecord.destroySurfaces:5823 com.android.server.wm.ActivityRecord.notifyAppStopped:5887 com.android.server.wm.ActivityRecord.activityStopped:6513 com.android.server.wm.ActivityClientController.activityStopped:253 android.app.IActivityClientController$Stub.onTransact:596 com.android.server.wm.ActivityClientController.onTransact:129 
05-11 19:16:09.127  1148  2090 I WindowManager: Destroying surface Surface(name=com.android.todolist/com.android.todolist.MainActivity$_19306)/@0x62391f8 called by com.android.server.wm.WindowStateAnimator.destroySurface:987 com.android.server.wm.WindowStateAnimator.destroySurfaceLocked:518 com.android.server.wm.WindowState.destroySurfaceUnchecked:4229 com.android.server.wm.WindowState.destroySurface:4203 com.android.server.wm.ActivityRecord.destroySurfaces:5842 com.android.server.wm.ActivityRecord.destroySurfaces:5823 com.android.server.wm.ActivityRecord.notifyAppStopped:5887 com.android.server.wm.ActivityRecord.activityStopped:6513 
05-11 19:16:09.129   801   801 I Layer   : id=109990 removeFromCurrentState com.android.todolist/com.android.todolist.MainActivity$_19306#0 (120)
05-11 19:16:09.139   801   834 I SurfaceFlinger: id=109990 Removed com.android.todolist/com.android.todolist.MainActivity$_19306#0 (120)
05-11 19:16:09.147   801   801 I Layer   : id=109990 Destroyed com.android.todolist/com.android.todolist.MainActivity$_19306#0
05-11 19:16:09.190  1148  1200 D SGM:GameManager: identifyForegroundApp. com.android.todolist, mCurrentUserId: 0, callerUserId: 0
05-11 19:16:09.191  1148  1200 D SGM:PkgDataHelper: getGamePkgData(). com.android.todolist
05-11 19:16:09.462 19306 19306 I IMM_LC  : ssi() - flag : 1 view : com.android.todolist reason = SHOW_SOFT_INPUT
05-11 19:16:09.495  4849  4849 I HBD     : HoneyBoardService onStartInputView : restarting = false, client = com.android.todolist 
05-11 19:16:09.506  1148  1551 D ContentCapturePerUserService: Notified activity assist data for activity: Token{8bcfa4e ActivityRecord{30e876f u0 com.android.todolist/.ListActivity t1508}} without a session Id
05-11 19:16:09.564 19306 19306 D InsetsSourceConsumer: setRequestedVisible: visible=true, type=19, host=com.android.todolist/com.android.todolist.ListActivity, from=android.view.InsetsSourceConsumer.show:235 android.view.InsetsController.showDirectly:1489 android.view.InsetsController.controlAnimationUnchecked:1137 android.view.InsetsController.applyAnimation:1456 android.view.InsetsController.applyAnimation:1437 android.view.InsetsController.show:976 android.view.ViewRootImpl$ViewRootHandler.handleMessageImpl:6457 android.view.ViewRootImpl$ViewRootHandler.handleMessage:6382 android.os.Handler.dispatchMessage:106 android.os.Looper.loopOnce:226 
05-11 19:16:09.566  1148  2090 D InsetsSourceProvider: updateVisibility: serverVisible=true, clientVisible=true, source=InsetsSource: {mType=ITYPE_IME, mFrame=[0,1374][1080,2400], mVisible=true, mWindowFrame=[0,0][0,0]}, controlTarget=Window{f78ceb9 u0 com.android.todolist/com.android.todolist.ListActivity}, from=com.android.server.wm.ImeInsetsSourceProvider.updateVisibility:89 com.android.server.wm.InsetsSourceProvider.setClientVisible:428 com.android.server.wm.InsetsSourceProvider.updateClientVisibility:413 com.android.server.wm.InsetsStateController.onInsetsModified:508 com.android.server.wm.InsetsPolicy.onInsetsModified:510 com.android.server.wm.Session.insetsModified:704 android.view.IWindowSession$Stub.onTransact:1256 com.android.server.wm.Session.onTransact:176 android.os.Binder.execTransactInternal:1220 android.os.Binder.execTransact:1179 
05-11 19:16:09.590   801   801 D SurfaceFlinger:      DEVICE | 0x7b79892840 | 0102 | RGBA_8888    |    0.0    0.0 1080.0 2400.0 |    0    0 1080 2400 | com.android.todolist/com.android.todolist.ListActivity$_19306#0
05-11 19:16:09.605  3544  3544 I SSS:HintsManager: getEntityTypeFromResourceMap map: com.android.todolist.ListActivity_com.android.todolist_newItem, value: null
05-11 19:16:09.853   801   801 D SurfaceFlinger:      DEVICE | 0x7b798934c0 | 0102 | RGBA_8888    |    0.0    0.0 1080.0 2400.0 |    0    0 1080 2400 | com.android.todolist/com.android.todolist.ListActivity$_19306#0
05-11 19:16:10.276  1148  2581 D FreecessController: com.android.todolist(10466) is important[13]
05-11 19:16:10.561  1148  1551 W NotificationService: Toast already killed. pkg=com.android.todolist token=android.os.BinderProxy@e73a7ca
05-11 19:16:11.073   801   801 D SurfaceFlinger:      DEVICE | 0x7b79893740 | 0102 | RGBA_8888    |    0.0    0.0 1080.0 2400.0 |    0    0 1080 2400 | com.android.todolist/com.android.todolist.ListActivity$_19306#0
05-11 19:16:11.597  4849  4849 I HBD     : HoneyBoardService onStartInputView : restarting = false, client = com.android.todolist 
05-11 19:16:13.557 19306 19306 I IMM_LC  : hsifw() - flags=0, caller=android.view.inputmethod.InputMethodManager.hideSoftInputFromWindow:1846 android.view.inputmethod.InputMethodManager.hideSoftInputFromWindow:1815 com.android.todolist.ListActivity$onCreate$4.onClick:71 android.view.View.performClick:7792 android.view.View.performClickInternal:7769 
