05-11 19:19:11.954   801   801 I Layer   : id=110025 removeFromCurrentState 8c5e28d com.android.todolist/com.android.todolist.MainActivity#0 (123)
05-11 19:19:11.954   801   801 I Layer   : id=110085 removeFromCurrentState com.android.todolist/com.android.todolist.MainActivity$_19306#0 (123)
05-11 19:19:11.954   801   801 I Layer   : id=110089 removeFromCurrentState Surface(name=ActivityRecord{13ded00 u0 com.android.todolist/.ListActivity t1508})/@0xf02a819 - animation-bounds#0 (123)
05-11 19:19:11.954   801   801 I Layer   : id=110024 addToCurrentState ActivityRecord{39f1b78 u0 com.android.todolist/.MainActivity t1508}#0 (123)
05-11 19:19:11.954   801   801 I Layer   : id=110025 addToCurrentState 8c5e28d com.android.todolist/com.android.todolist.MainActivity#0 (123)
05-11 19:19:11.954   801   801 I Layer   : id=110085 addToCurrentState com.android.todolist/com.android.todolist.MainActivity$_19306#0 (123)
05-11 19:19:11.954   801   801 I Layer   : id=110091 removeFromCurrentState Surface(name=ActivityRecord{39f1b78 u0 com.android.todolist/.MainActivity t1508})/@0xa2b7f9 - animation-bounds#0 (123)
05-11 19:19:11.955   801   801 I SurfaceFlinger: id=110089 Removed Surface(name=ActivityRecord{13ded00 u0 com.android.todolist/.ListActivity t1508})/@0xf02a819 - animation-bounds#0 (123)
05-11 19:19:11.955   801   801 I SurfaceFlinger: id=110091 Removed Surface(name=ActivityRecord{39f1b78 u0 com.android.todolist/.MainActivity t1508})/@0xa2b7f9 - animation-bounds#0 (123)
05-11 19:19:11.955   801   801 I SurfaceFlinger: id=110090 Removed Surface(name=ActivityRecord{39f1b78 u0 com.android.todolist/.MainActivity t1508})/@0xa2b7f9 - animation-leash of app_transition#0 (123)
05-11 19:19:11.955   801   801 I SurfaceFlinger: id=110088 Removed Surface(name=ActivityRecord{13ded00 u0 com.android.todolist/.ListActivity t1508})/@0xf02a819 - animation-leash of app_transition#0 (123)
05-11 19:19:11.955   801   801 I Layer   : id=110091 Destroyed Surface(name=ActivityRecord{39f1b78 u0 com.android.todolist/.MainActivity t1508})/@0xa2b7f9 - animation-bounds#0
05-11 19:19:11.955   801   801 I Layer   : id=110090 Destroyed Surface(name=ActivityRecord{39f1b78 u0 com.android.todolist/.MainActivity t1508})/@0xa2b7f9 - animation-leash of app_transition#0
05-11 19:19:11.955   801   801 I Layer   : id=110089 Destroyed Surface(name=ActivityRecord{13ded00 u0 com.android.todolist/.ListActivity t1508})/@0xf02a819 - animation-bounds#0
05-11 19:19:11.955   801   801 I Layer   : id=110088 Destroyed Surface(name=ActivityRecord{13ded00 u0 com.android.todolist/.ListActivity t1508})/@0xf02a819 - animation-leash of app_transition#0
05-11 19:19:11.960  1148  4775 V WindowManager: Relayout Window{c1b48ad u0 com.android.todolist/com.android.todolist.ListActivity}: viewVisibility=8 req=1080x2400 d0
05-11 19:19:11.983  1148  1551 W InputManager-JNI: Input channel object 'c1b48ad com.android.todolist/com.android.todolist.ListActivity (client)' was disposed without first being removed with the input manager!
05-11 19:19:11.983  1148  1551 I WindowManager: Destroying surface Surface(name=com.android.todolist/com.android.todolist.ListActivity$_19306)/@0x1dd2610 called by com.android.server.wm.WindowStateAnimator.destroySurface:987 com.android.server.wm.WindowStateAnimator.destroySurfaceLocked:518 com.android.server.wm.WindowState.removeImmediately:2960 com.android.server.wm.WindowState.removeIfPossible:3151 com.android.server.wm.WindowState.removeIfPossible:2984 com.android.server.wm.WindowManagerService.removeWindow:2243 com.android.server.wm.Session.remove:225 android.view.IWindowSession$Stub.onTransact:746 
05-11 19:19:11.988   801   801 I Layer   : id=110068 removeFromCurrentState com.android.todolist/com.android.todolist.ListActivity$_19306#0 (119)
05-11 19:19:11.988   801   801 I Layer   : id=110067 removeFromCurrentState c1b48ad com.android.todolist/com.android.todolist.ListActivity#0 (119)
05-11 19:19:11.988   801   801 I SurfaceFlinger: id=110067 Removed c1b48ad com.android.todolist/com.android.todolist.ListActivity#0 (119)
05-11 19:19:11.988   801   801 I SurfaceFlinger: id=110068 Removed com.android.todolist/com.android.todolist.ListActivity$_19306#0 (119)
05-11 19:19:11.988   801   801 I Layer   : id=110067 Destroyed c1b48ad com.android.todolist/com.android.todolist.ListActivity#0
05-11 19:19:11.988   801   801 I Layer   : id=110068 Destroyed com.android.todolist/com.android.todolist.ListActivity$_19306#0
05-11 19:19:11.990  1148  1551 I ActivityTaskManager: Removing activity ActivityRecord{13ded00 u0 com.android.todolist/.ListActivity t1508 f}}(activityDestroyed)  from stack callers=com.android.server.wm.ActivityRecord.destroyed:4081 com.android.server.wm.ActivityClientController.activityDestroyed:287 android.app.IActivityClientController$Stub.onTransact:604 com.android.server.wm.ActivityClientController.onTransact:129 android.os.Binder.execTransactInternal:1220 
05-11 19:19:12.005   801   801 I Layer   : id=110063 removeFromCurrentState ActivityRecord{13ded00 u0 com.android.todolist/.ListActivity t1508}#0 (117)
05-11 19:19:12.005   801   801 I SurfaceFlinger: id=110063 Removed ActivityRecord{13ded00 u0 com.android.todolist/.ListActivity t1508}#0 (117)
05-11 19:19:12.005   801   801 I Layer   : id=110063 Destroyed ActivityRecord{13ded00 u0 com.android.todolist/.ListActivity t1508}#0
05-11 19:19:12.157  1148  1200 D SGM:GameManager: identifyForegroundApp. com.android.todolist, mCurrentUserId: 0, callerUserId: 0
05-11 19:19:12.157  1148  1200 D SGM:PkgDataHelper: getGamePkgData(). com.android.todolist
05-11 19:19:12.661 19306 19306 V Toast   : show: caller = com.android.todolist.MyAdapter$onBindViewHolder$1.onClick:58 
05-11 19:19:12.669  1148  4775 I ActivityTaskManager: START u0 {cmp=com.android.todolist/.ListActivity (has extras)} from uid 10466
05-11 19:19:12.669  1148  4775 D ActivityTaskManager: TaskLaunchParamsModifier:task=null activity=ActivityRecord{fe8921a u0 com.android.todolist/.ListActivity display-area-from-source=DefaultTaskDisplayArea@211848610 display-id=0 display-windowing-mode=1 suggested-display-area=DefaultTaskDisplayArea@211848610
05-11 19:19:12.670  1148  4775 D ActivityTaskManager: TaskLaunchParamsModifier:task=Task{eb2941a #1508 type=standard A=10466:com.android.todolist U=0 visible=true mode=fullscreen translucent=false sz=2} activity=ActivityRecord{fe8921a u0 com.android.todolist/.ListActivity t-1} display-area-from-source=DefaultTaskDisplayArea@211848610 display-id=0 display-windowing-mode=1 suggested-display-area=DefaultTaskDisplayArea@211848610 inherit-from-source=fullscreen activity-options-fullscreen=Rect(0, 0 - 0, 0) non-freeform-display display-area=DefaultTaskDisplayArea@211848610 maximized-bounds
05-11 19:19:12.671   801  2149 I SurfaceFlinger: id=110094 createSurf (0x0),-1 flag=80004, ActivityRecord{fe8921a u0 com.android.todolist/.ListActivity t1508}#0
05-11 19:19:12.689  1148  2079 D MARsPolicyManager: onPackageResumedFG pkgName = com.android.todolist, userId = 0
05-11 19:19:12.690  1148  2079 D WindowManager: rotationForOrientation, orientationSource=ActivityRecord{fe8921a u0 com.android.todolist/.ListActivity t1508}
05-11 19:19:12.690  1148  2079 D WindowManager: rotationForOrientation, orientationSource=ActivityRecord{fe8921a u0 com.android.todolist/.ListActivity t1508}
05-11 19:19:12.691  1148  2079 D WindowManager: rotationForOrientation, orientationSource=ActivityRecord{fe8921a u0 com.android.todolist/.ListActivity t1508}
05-11 19:19:12.691  1148  2079 D SGM:PkgDataHelper: notifyAppCreate(), pkgName: com.android.todolist, userId: 0, sendRet: true
05-11 19:19:12.693  1148  1387 D SGM:GameManager: onLooperPrepared(), msg: MSG_APP_CREATE, pkgName: com.android.todolist, userId: 0
05-11 19:19:12.695  1148  2079 V WindowManager: Changing focus from Window{8c5e28d u0 com.android.todolist/com.android.todolist.MainActivity} to null displayId=0 Callers=com.android.server.wm.RootWindowContainer.updateFocusedWindowLocked:583 com.android.server.wm.WindowManagerService.updateFocusedWindowLocked:6461 com.android.server.wm.ActivityTaskManagerService.setResumedActivityUncheckLocked:5470 com.android.server.wm.Task.onActivityStateChanged:2885 
05-11 19:19:12.699   801   801 I SurfaceFlinger: [8c5e28d com.android.todolist/com.android.todolist.MainActivity#0] FrameRatePriority: -1
05-11 19:19:12.699  1148  1200 D SGM:GameManager: notePauseComponent(), received pkgName: com.android.todolist, userId: 0
05-11 19:19:12.701  1148  1200 I GameSDK@LifeCycle: noteResumeComponent(): package name  : com.android.todolist
05-11 19:19:12.701  1148  1200 D SGM:GameManager: noteResumeComponent(), received pkgName: com.android.todolist, userId: 0
05-11 19:19:12.701  1148  1387 D SGM:GameManager: onLooperPrepared(), msg: MSG_APP_RESUME, pkgName: com.android.todolist, userid: 0
05-11 19:19:12.703 22649 22649 I Utils   : HomePackage : com.sec.android.app.launcher, resumePackageName : com.android.todolist
05-11 19:19:12.708  1148  2079 D InputDispatcher: Focus left window (0): 8c5e28d com.android.todolist/com.android.todolist.MainActivity
05-11 19:19:12.745   801   801 D SurfaceFlinger:      DEVICE | 0x7ad535a400 | 0100 | RGBA_8888    |    0.0    0.0 1080.0 2400.0 |    0    0 1080 2400 | com.android.todolist/com.android.todolist.MainActivity$_19306#0
05-11 19:19:12.755 19306 19306 I MSHandlerLifeCycle: isMultiSplitHandlerRequested: ignored. pkg=com.android.todolist parent=null callers=com.android.internal.policy.DecorView.setVisibility:4294 android.app.ActivityThread.handleResumeActivity:5301 android.app.servertransaction.ResumeActivityItem.execute:54 android.app.servertransaction.ActivityTransactionItem.execute:45 android.app.servertransaction.TransactionExecutor.executeLifecycleState:176 
05-11 19:19:12.759   801   834 I SurfaceFlinger: id=110098 createSurf (0x0),-1 flag=80004, eb1641f com.android.todolist/com.android.todolist.ListActivity#0
05-11 19:19:12.771  1148  1551 V WindowManager: Relayout Window{eb1641f u0 com.android.todolist/com.android.todolist.ListActivity}: viewVisibility=0 req=1080x2400 d0
05-11 19:19:12.772   801   831 I SurfaceFlinger: id=110099 createSurf (1x1),-3 flag=40004, com.android.todolist/com.android.todolist.ListActivity$_19306#0
05-11 19:19:12.772  1148  1551 D WindowManager: makeSurface duration=1 name=com.android.todolist/com.android.todolist.ListActivity$_19306
05-11 19:19:12.775  1148  1551 V WindowManager: Changing focus from null to Window{eb1641f u0 com.android.todolist/com.android.todolist.ListActivity} displayId=0 Callers=com.android.server.wm.RootWindowContainer.updateFocusedWindowLocked:583 com.android.server.wm.WindowManagerService.updateFocusedWindowLocked:6461 com.android.server.wm.WindowManagerService.relayoutWindow:2746 com.android.server.wm.Session.relayout:242 
05-11 19:19:12.783   801   801 I SurfaceFlinger: [eb1641f com.android.todolist/com.android.todolist.ListActivity#0] FrameRatePriority: 1
05-11 19:19:12.785  1148  2079 D InputDispatcher: Focus request (0): eb1641f com.android.todolist/com.android.todolist.ListActivity but waiting because NOT_VISIBLE
05-11 19:19:12.794  1148  2079 D WindowManager: finishDrawingWindow: Window{eb1641f u0 com.android.todolist/com.android.todolist.ListActivity} mDrawState=DRAW_PENDING
05-11 19:19:12.796  1148  1201 D WindowManager: prepareDimAnimOnAnimating owner = ActivityRecord{39f1b78 u0 com.android.todolist/.MainActivity t1508}
05-11 19:19:12.796  1148  1201 I WindowManager: Reparenting to leash, surface=Surface(name=ActivityRecord{39f1b78 u0 com.android.todolist/.MainActivity t1508})/@0xa2b7f9, leashParent=Surface(name=Task=1508)/@0xcba0696
05-11 19:19:12.797   801   834 I SurfaceFlinger: id=110102 createSurf (0x0),-1 flag=24000, Surface(name=ActivityRecord{39f1b78 u0 com.android.todolist/.MainActivity t1508})/@0xa2b7f9 - animation-leash of app_transition#0
05-11 19:19:12.798  1148  1201 D WindowManager: makeSurface duration=1 leash=Surface(name=Surface(name=ActivityRecord{39f1b78 u0 com.android.todolist/.MainActivity t1508})/@0xa2b7f9 - animation-leash of app_transition)/@0xe2b3422
05-11 19:19:12.798  1148  1201 D WindowManager: startDimAnimation owner = ActivityRecord{39f1b78 u0 com.android.todolist/.MainActivity t1508}
05-11 19:19:12.799   801   834 I SurfaceFlinger: id=110103 createSurf (0x0),-1 flag=20004, Dim Layer for - ActivityRecord{39f1b78 u0 com.android.todolist/.MainActivity t1508} - animating-dim#0
05-11 19:19:12.799  1148  1201 I WindowManager: Reparenting to leash, surface=Surface(name=Dim Layer for - ActivityRecord{39f1b78 u0 com.android.todolist/.MainActivity t1508} - animating-dim)/@0x693beb3, leashParent=Surface(name=ActivityRecord{39f1b78 u0 com.android.todolist/.MainActivity t1508})/@0xa2b7f9
05-11 19:19:12.799   801  2551 I SurfaceFlinger: id=110104 createSurf (0x0),-1 flag=24000, Surface(name=Dim Layer for - ActivityRecord{39f1b78 u0 com.android.todolist/.MainActivity t1508} - animating-dim)/@0x693beb3 - animation-leash of dimmer#0
05-11 19:19:12.800  1148  1201 D WindowManager: makeSurface duration=0 leash=Surface(name=Surface(name=Dim Layer for - ActivityRecord{39f1b78 u0 com.android.todolist/.MainActivity t1508} - animating-dim)/@0x693beb3 - animation-leash of dimmer)/@0x274ec70
05-11 19:19:12.800   801   831 I SurfaceFlinger: id=110105 createSurf (0x0),-1 flag=80004, Surface(name=ActivityRecord{39f1b78 u0 com.android.todolist/.MainActivity t1508})/@0xa2b7f9 - animation-bounds#0
05-11 19:19:12.802  1148  1201 I WindowManager: Reparenting to leash, surface=Surface(name=ActivityRecord{fe8921a u0 com.android.todolist/.ListActivity t1508})/@0x6ce512b, leashParent=Surface(name=Task=1508)/@0xcba0696
05-11 19:19:12.802   801   831 I SurfaceFlinger: id=110106 createSurf (0x0),-1 flag=24004, Surface(name=ActivityRecord{fe8921a u0 com.android.todolist/.ListActivity t1508})/@0x6ce512b - animation-leash of app_transition#0
05-11 19:19:12.803  1148  1201 D WindowManager: makeSurface duration=0 leash=Surface(name=Surface(name=ActivityRecord{fe8921a u0 com.android.todolist/.ListActivity t1508})/@0x6ce512b - animation-leash of app_transition)/@0x4d5d988
05-11 19:19:12.803   801  2551 I SurfaceFlinger: id=110107 createSurf (0x0),-1 flag=80004, Surface(name=ActivityRecord{fe8921a u0 com.android.todolist/.ListActivity t1508})/@0x6ce512b - animation-bounds#0
05-11 19:19:12.805  1148  1197 I ActivityTaskManager: Displayed com.android.todolist/.ListActivity: +135ms
05-11 19:19:12.805  1148  1197 I Pageboost: Launch time gathered : pid 19306 com.android.todolist 135
05-11 19:19:12.812  1148  1551 D InputDispatcher: Focus entered window (0): eb1641f com.android.todolist/com.android.todolist.ListActivity
05-11 19:19:12.822   801   801 D SurfaceFlinger:      DEVICE | 0x7ad535c340 | 0100 | RGBA_8888    |    0.0    4.0 1080.0 2400.0 |    0    0 1080 2396 | com.android.todolist/com.android.todolist.MainActivity$_19306#0
05-11 19:19:12.822   801   801 D SurfaceFlinger:      DEVICE | 0x7ad52e3680 | 0102 | RGBA_8888    |    0.0    0.0 1080.0 1973.0 |    0  427 1080 2400 | com.android.todolist/com.android.todolist.ListActivity$_19306#0
05-11 19:19:12.830   801   801 D SurfaceFlinger:      DEVICE | 0x7ad535c340 | 0100 | RGBA_8888    |    0.0    8.0 1080.0 2400.0 |    0    0 1080 2392 | com.android.todolist/com.android.todolist.MainActivity$_19306#0
05-11 19:19:12.830   801   801 D SurfaceFlinger:      DEVICE | 0x7ad592c3c0 | 0102 | RGBA_8888    |    0.0    0.0 1080.0 1997.0 |    0  403 1080 2400 | com.android.todolist/com.android.todolist.ListActivity$_19306#0
05-11 19:19:13.114  1148  1201 I WindowManager: Reparenting to original parent: Surface(name=ActivityRecord{39f1b78 u0 com.android.todolist/.MainActivity t1508})/@0xa2b7f9, destroy=true, surface=Surface(name=Dim Layer for - ActivityRecord{39f1b78 u0 com.android.todolist/.MainActivity t1508} - animating-dim)/@0x693beb3
05-11 19:19:13.130   801   801 I Layer   : id=110104 removeFromCurrentState Surface(name=Dim Layer for - ActivityRecord{39f1b78 u0 com.android.todolist/.MainActivity t1508} - animating-dim)/@0x693beb3 - animation-leash of dimmer#0 (129)
05-11 19:19:13.130   801   801 I SurfaceFlinger: id=110104 Removed Surface(name=Dim Layer for - ActivityRecord{39f1b78 u0 com.android.todolist/.MainActivity t1508} - animating-dim)/@0x693beb3 - animation-leash of dimmer#0 (129)
05-11 19:19:13.131   801   801 I Layer   : id=110104 Destroyed Surface(name=Dim Layer for - ActivityRecord{39f1b78 u0 com.android.todolist/.MainActivity t1508} - animating-dim)/@0x693beb3 - animation-leash of dimmer#0
05-11 19:19:13.193   801   801 D SurfaceFlinger:      DEVICE | 0x7ad592c3c0 | 0102 | RGBA_8888    |    0.0    0.0 1080.0 2400.0 |    0    0 1080 2400 | com.android.todolist/com.android.todolist.ListActivity$_19306#0
05-11 19:19:13.207  1148  1201 I WindowManager: Reparenting to original parent: Surface(name=Task=1508)/@0xcba0696, destroy=true, surface=Surface(name=ActivityRecord{39f1b78 u0 com.android.todolist/.MainActivity t1508})/@0xa2b7f9
05-11 19:19:13.208  1148  1201 D WindowManager: clearDimAnimation owner = ActivityRecord{39f1b78 u0 com.android.todolist/.MainActivity t1508}, caller=com.android.server.wm.WindowContainer.onAnimationLeashLost:3123 com.android.server.wm.ActivityRecord.onAnimationLeashLost:7848 com.android.server.wm.SurfaceAnimator.removeLeash:426 
05-11 19:19:13.208  1148  1201 V WindowManager: Setting visibility of Window{8c5e28d u0 com.android.todolist/com.android.todolist.MainActivity}: false, caller=com.android.server.wm.WindowContainer.sendAppVisibilityToClients:1104 com.android.server.wm.WindowToken.setClientVisible:448 com.android.server.wm.ActivityRecord.setClientVisible:6985 com.android.server.wm.ActivityRecord.onAnimationFinished:7872 com.android.server.wm.WindowContainer$$ExternalSyntheticLambda0.onAnimationFinished:2 
05-11 19:19:13.208  1148  1201 I WindowManager: Reparenting to original parent: Surface(name=Task=1508)/@0xcba0696, destroy=true, surface=Surface(name=ActivityRecord{fe8921a u0 com.android.todolist/.ListActivity t1508})/@0x6ce512b
05-11 19:19:13.215   801   801 I Layer   : id=110102 removeFromCurrentState Surface(name=ActivityRecord{39f1b78 u0 com.android.todolist/.MainActivity t1508})/@0xa2b7f9 - animation-leash of app_transition#0 (128)
05-11 19:19:13.215   801   801 I Layer   : id=110103 removeFromCurrentState Dim Layer for - ActivityRecord{39f1b78 u0 com.android.todolist/.MainActivity t1508} - animating-dim#0 (128)
05-11 19:19:13.215   801   801 I Layer   : id=110105 removeFromCurrentState Surface(name=ActivityRecord{39f1b78 u0 com.android.todolist/.MainActivity t1508})/@0xa2b7f9 - animation-bounds#0 (128)
05-11 19:19:13.215   801   801 I Layer   : id=110106 removeFromCurrentState Surface(name=ActivityRecord{fe8921a u0 com.android.todolist/.ListActivity t1508})/@0x6ce512b - animation-leash of app_transition#0 (128)
05-11 19:19:13.215   801   801 I Layer   : id=110107 removeFromCurrentState Surface(name=ActivityRecord{fe8921a u0 com.android.todolist/.ListActivity t1508})/@0x6ce512b - animation-bounds#0 (128)
05-11 19:19:13.215   801   801 I SurfaceFlinger: id=110103 Removed Dim Layer for - ActivityRecord{39f1b78 u0 com.android.todolist/.MainActivity t1508} - animating-dim#0 (128)
05-11 19:19:13.215   801   801 I SurfaceFlinger: id=110105 Removed Surface(name=ActivityRecord{39f1b78 u0 com.android.todolist/.MainActivity t1508})/@0xa2b7f9 - animation-bounds#0 (128)
05-11 19:19:13.215   801   801 I SurfaceFlinger: id=110107 Removed Surface(name=ActivityRecord{fe8921a u0 com.android.todolist/.ListActivity t1508})/@0x6ce512b - animation-bounds#0 (128)
05-11 19:19:13.215   801   801 I SurfaceFlinger: id=110106 Removed Surface(name=ActivityRecord{fe8921a u0 com.android.todolist/.ListActivity t1508})/@0x6ce512b - animation-leash of app_transition#0 (128)
05-11 19:19:13.216   801   801 I SurfaceFlinger: id=110102 Removed Surface(name=ActivityRecord{39f1b78 u0 com.android.todolist/.MainActivity t1508})/@0xa2b7f9 - animation-leash of app_transition#0 (128)
05-11 19:19:13.216   801   801 I Layer   : id=110103 Destroyed Dim Layer for - ActivityRecord{39f1b78 u0 com.android.todolist/.MainActivity t1508} - animating-dim#0
05-11 19:19:13.216   801   801 I Layer   : id=110105 Destroyed Surface(name=ActivityRecord{39f1b78 u0 com.android.todolist/.MainActivity t1508})/@0xa2b7f9 - animation-bounds#0
05-11 19:19:13.216   801   801 I Layer   : id=110102 Destroyed Surface(name=ActivityRecord{39f1b78 u0 com.android.todolist/.MainActivity t1508})/@0xa2b7f9 - animation-leash of app_transition#0
05-11 19:19:13.216   801   801 I Layer   : id=110107 Destroyed Surface(name=ActivityRecord{fe8921a u0 com.android.todolist/.ListActivity t1508})/@0x6ce512b - animation-bounds#0
05-11 19:19:13.216   801   801 I Layer   : id=110106 Destroyed Surface(name=ActivityRecord{fe8921a u0 com.android.todolist/.ListActivity t1508})/@0x6ce512b - animation-leash of app_transition#0
05-11 19:19:13.220  1148  2079 V WindowManager: Relayout Window{8c5e28d u0 com.android.todolist/com.android.todolist.MainActivity}: viewVisibility=8 req=1080x2400 d0
05-11 19:19:13.242  1148  2079 V WindowManager: Relayout Window{8c5e28d u0 com.android.todolist/com.android.todolist.MainActivity}: viewVisibility=8 req=1080x2400 d0
05-11 19:19:13.253  1148  2079 E WindowManager: win=Window{8c5e28d u0 com.android.todolist/com.android.todolist.MainActivity} destroySurfaces: appStopped=true win.mWindowRemovalAllowed=false win.mRemoveOnExit=false win.mViewVisibility=8 caller=com.android.server.wm.ActivityRecord.destroySurfaces:5842 com.android.server.wm.ActivityRecord.destroySurfaces:5823 com.android.server.wm.ActivityRecord.notifyAppStopped:5887 com.android.server.wm.ActivityRecord.activityStopped:6513 com.android.server.wm.ActivityClientController.activityStopped:253 android.app.IActivityClientController$Stub.onTransact:596 com.android.server.wm.ActivityClientController.onTransact:129 
05-11 19:19:13.254  1148  2079 I WindowManager: Destroying surface Surface(name=com.android.todolist/com.android.todolist.MainActivity$_19306)/@0x8970a15 called by com.android.server.wm.WindowStateAnimator.destroySurface:987 com.android.server.wm.WindowStateAnimator.destroySurfaceLocked:518 com.android.server.wm.WindowState.destroySurfaceUnchecked:4229 com.android.server.wm.WindowState.destroySurface:4203 com.android.server.wm.ActivityRecord.destroySurfaces:5842 com.android.server.wm.ActivityRecord.destroySurfaces:5823 com.android.server.wm.ActivityRecord.notifyAppStopped:5887 com.android.server.wm.ActivityRecord.activityStopped:6513 
05-11 19:19:13.258   801   801 I Layer   : id=110085 removeFromCurrentState com.android.todolist/com.android.todolist.MainActivity$_19306#0 (122)
05-11 19:19:13.264   801  2551 I SurfaceFlinger: id=110085 Removed com.android.todolist/com.android.todolist.MainActivity$_19306#0 (122)
05-11 19:19:13.266   801   801 I Layer   : id=110085 Destroyed com.android.todolist/com.android.todolist.MainActivity$_19306#0
05-11 19:19:13.318  1148  1200 D SGM:GameManager: identifyForegroundApp. com.android.todolist, mCurrentUserId: 0, callerUserId: 0
05-11 19:19:13.318  1148  1200 D SGM:PkgDataHelper: getGamePkgData(). com.android.todolist
05-11 19:19:14.693  1148  4775 W NotificationService: Toast already killed. pkg=com.android.todolist token=android.os.BinderProxy@97f66cd
05-11 19:19:15.210   801   801 D SurfaceFlinger:      DEVICE | 0x7adff2d200 | 0102 | RGBA_8888    |    0.0    0.0 1080.0 2400.0 |    0    0 1080 2400 | com.android.todolist/com.android.todolist.ListActivity$_19306#0
05-11 19:19:16.512  1148  1551 D MARsPolicyManager: onPackageResumedFG pkgName = com.android.todolist, userId = 0
05-11 19:19:16.513  1148  1551 V WindowManager: Setting visibility of Window{8c5e28d u0 com.android.todolist/com.android.todolist.MainActivity}: true, caller=com.android.server.wm.WindowContainer.sendAppVisibilityToClients:1104 com.android.server.wm.WindowToken.setClientVisible:448 com.android.server.wm.ActivityRecord.setClientVisible:6985 com.android.server.wm.ActivityRecord.setVisibility:5424 com.android.server.wm.ActivityRecord.setVisibility:5319 
05-11 19:19:16.514  1148  1551 V WindowManager: Changing focus from Window{eb1641f u0 com.android.todolist/com.android.todolist.ListActivity} to null displayId=0 Callers=com.android.server.wm.RootWindowContainer.updateFocusedWindowLocked:583 com.android.server.wm.WindowManagerService.updateFocusedWindowLocked:6461 com.android.server.wm.ActivityTaskManagerService.setResumedActivityUncheckLocked:5470 com.android.server.wm.Task.onActivityStateChanged:2885 
05-11 19:19:16.516  1148  1551 D WindowManager: rotationForOrientation, orientationSource=ActivityRecord{39f1b78 u0 com.android.todolist/.MainActivity t1508}
05-11 19:19:16.516  1148  1551 D WindowManager: rotationForOrientation, orientationSource=ActivityRecord{39f1b78 u0 com.android.todolist/.MainActivity t1508}
05-11 19:19:16.516  1148  1551 D WindowManager: rotationForOrientation, orientationSource=ActivityRecord{39f1b78 u0 com.android.todolist/.MainActivity t1508}
05-11 19:19:16.522  1148  1200 D SGM:GameManager: notePauseComponent(), received pkgName: com.android.todolist, userId: 0
05-11 19:19:16.525  1148  1200 I GameSDK@LifeCycle: noteResumeComponent(): package name  : com.android.todolist
05-11 19:19:16.525  1148  1200 D SGM:GameManager: noteResumeComponent(), received pkgName: com.android.todolist, userId: 0
05-11 19:19:16.526   801   801 I SurfaceFlinger: [eb1641f com.android.todolist/com.android.todolist.ListActivity#0] FrameRatePriority: -1
05-11 19:19:16.526  1148  1387 D SGM:GameManager: onLooperPrepared(), msg: MSG_APP_RESUME, pkgName: com.android.todolist, userid: 0
05-11 19:19:16.527  1148  4775 D InputDispatcher: Focus left window (0): eb1641f com.android.todolist/com.android.todolist.ListActivity
05-11 19:19:16.527  1148  2079 V WindowManager: Relayout Window{8c5e28d u0 com.android.todolist/com.android.todolist.MainActivity}: viewVisibility=0 req=1080x2400 d0
05-11 19:19:16.528   801  2551 I SurfaceFlinger: id=110110 createSurf (1080x2400),-3 flag=40004, com.android.todolist/com.android.todolist.MainActivity$_19306#0
05-11 19:19:16.530  1148  2079 D WindowManager: makeSurface duration=2 name=com.android.todolist/com.android.todolist.MainActivity$_19306
05-11 19:19:16.530 22649 22649 I Utils   : HomePackage : com.sec.android.app.launcher, resumePackageName : com.android.todolist
05-11 19:19:16.533  1148  2079 V WindowManager: Changing focus from null to Window{8c5e28d u0 com.android.todolist/com.android.todolist.MainActivity} displayId=0 Callers=com.android.server.wm.RootWindowContainer.updateFocusedWindowLocked:583 com.android.server.wm.WindowManagerService.updateFocusedWindowLocked:6461 com.android.server.wm.WindowManagerService.relayoutWindow:2746 com.android.server.wm.Session.relayout:242 
05-11 19:19:16.543   801   801 I SurfaceFlinger: [8c5e28d com.android.todolist/com.android.todolist.MainActivity#0] FrameRatePriority: 1
05-11 19:19:16.545  1148  1551 D InputDispatcher: Focus request (0): 8c5e28d com.android.todolist/com.android.todolist.MainActivity but waiting because NOT_VISIBLE
05-11 19:19:16.552  1148  1551 D WindowManager: finishDrawingWindow: Window{8c5e28d u0 com.android.todolist/com.android.todolist.MainActivity} mDrawState=DRAW_PENDING
05-11 19:19:16.556  1148  1201 I WindowManager: Reparenting to leash, surface=Surface(name=ActivityRecord{fe8921a u0 com.android.todolist/.ListActivity t1508})/@0x6ce512b, leashParent=Surface(name=Task=1508)/@0xcba0696
05-11 19:19:16.556   801  2551 I SurfaceFlinger: id=110113 createSurf (0x0),-1 flag=24000, Surface(name=ActivityRecord{fe8921a u0 com.android.todolist/.ListActivity t1508})/@0x6ce512b - animation-leash of app_transition#0
05-11 19:19:16.557  1148  1201 D WindowManager: makeSurface duration=2 leash=Surface(name=Surface(name=ActivityRecord{fe8921a u0 com.android.todolist/.ListActivity t1508})/@0x6ce512b - animation-leash of app_transition)/@0x3da367e
05-11 19:19:16.558   801  2551 I SurfaceFlinger: id=110114 createSurf (0x0),-1 flag=80004, Surface(name=ActivityRecord{fe8921a u0 com.android.todolist/.ListActivity t1508})/@0x6ce512b - animation-bounds#0
05-11 19:19:16.560  1148  1201 I WindowManager: Reparenting to leash, surface=Surface(name=ActivityRecord{39f1b78 u0 com.android.todolist/.MainActivity t1508})/@0xa2b7f9, leashParent=Surface(name=Task=1508)/@0xcba0696
05-11 19:19:16.561   801  2551 I SurfaceFlinger: id=110115 createSurf (0x0),-1 flag=24004, Surface(name=ActivityRecord{39f1b78 u0 com.android.todolist/.MainActivity t1508})/@0xa2b7f9 - animation-leash of app_transition#0
05-11 19:19:16.562  1148  1201 D WindowManager: makeSurface duration=1 leash=Surface(name=Surface(name=ActivityRecord{39f1b78 u0 com.android.todolist/.MainActivity t1508})/@0xa2b7f9 - animation-leash of app_transition)/@0xbd736f5
05-11 19:19:16.563   801  2551 I SurfaceFlinger: id=110116 createSurf (0x0),-1 flag=80004, Surface(name=ActivityRecord{39f1b78 u0 com.android.todolist/.MainActivity t1508})/@0xa2b7f9 - animation-bounds#0
05-11 19:19:16.568  1148  4775 D InputDispatcher: Focus entered window (0): 8c5e28d com.android.todolist/com.android.todolist.MainActivity
05-11 19:19:16.589   801   801 D SurfaceFlinger:      DEVICE | 0x7b79890680 | 0100 | RGBA_8888    |    0.0   74.0 1080.0 2400.0 |    0    0 1080 2326 | com.android.todolist/com.android.todolist.MainActivity$_19306#0
05-11 19:19:16.589   801   801 D SurfaceFlinger:      DEVICE | 0x7ad592c3c0 | 0102 | RGBA_8888    |    0.0    0.0 1080.0 2398.0 |    0    2 1080 2400 | com.android.todolist/com.android.todolist.ListActivity$_19306#0
05-11 19:19:16.697   801   801 D SurfaceFlinger:      DEVICE | 0x7b79890680 | 0100 | RGBA_8888    |    0.0   19.0 1080.0 2400.0 |    0    0 1080 2381 | com.android.todolist/com.android.todolist.MainActivity$_19306#0
05-11 19:19:16.864  1148  1201 I WindowManager: Reparenting to original parent: Surface(name=Task=1508)/@0xcba0696, destroy=true, surface=Surface(name=ActivityRecord{fe8921a u0 com.android.todolist/.ListActivity t1508})/@0x6ce512b
05-11 19:19:16.865  1148  1201 V WindowManager: Setting visibility of Window{eb1641f u0 com.android.todolist/com.android.todolist.ListActivity}: false, caller=com.android.server.wm.WindowContainer.sendAppVisibilityToClients:1104 com.android.server.wm.WindowToken.setClientVisible:448 com.android.server.wm.ActivityRecord.setClientVisible:6985 com.android.server.wm.ActivityRecord.onAnimationFinished:7872 com.android.server.wm.WindowContainer$$ExternalSyntheticLambda0.onAnimationFinished:2 
05-11 19:19:16.866  1148  1201 I WindowManager: Reparenting to original parent: Surface(name=Task=1508)/@0xcba0696, destroy=true, surface=Surface(name=ActivityRecord{39f1b78 u0 com.android.todolist/.MainActivity t1508})/@0xa2b7f9
05-11 19:19:16.872   801   801 I Layer   : id=110113 removeFromCurrentState Surface(name=ActivityRecord{fe8921a u0 com.android.todolist/.ListActivity t1508})/@0x6ce512b - animation-leash of app_transition#0 (123)
05-11 19:19:16.872   801   801 I Layer   : id=110114 removeFromCurrentState Surface(name=ActivityRecord{fe8921a u0 com.android.todolist/.ListActivity t1508})/@0x6ce512b - animation-bounds#0 (123)
05-11 19:19:16.872   801   801 I Layer   : id=110115 removeFromCurrentState Surface(name=ActivityRecord{39f1b78 u0 com.android.todolist/.MainActivity t1508})/@0xa2b7f9 - animation-leash of app_transition#0 (123)
05-11 19:19:16.872   801   801 I Layer   : id=110116 removeFromCurrentState Surface(name=ActivityRecord{39f1b78 u0 com.android.todolist/.MainActivity t1508})/@0xa2b7f9 - animation-bounds#0 (123)
05-11 19:19:16.872   801   801 I SurfaceFlinger: id=110114 Removed Surface(name=ActivityRecord{fe8921a u0 com.android.todolist/.ListActivity t1508})/@0x6ce512b - animation-bounds#0 (123)
05-11 19:19:16.872   801   801 I SurfaceFlinger: id=110116 Removed Surface(name=ActivityRecord{39f1b78 u0 com.android.todolist/.MainActivity t1508})/@0xa2b7f9 - animation-bounds#0 (123)
05-11 19:19:16.872   801   801 I SurfaceFlinger: id=110115 Removed Surface(name=ActivityRecord{39f1b78 u0 com.android.todolist/.MainActivity t1508})/@0xa2b7f9 - animation-leash of app_transition#0 (123)
05-11 19:19:16.872   801   801 I SurfaceFlinger: id=110113 Removed Surface(name=ActivityRecord{fe8921a u0 com.android.todolist/.ListActivity t1508})/@0x6ce512b - animation-leash of app_transition#0 (123)
05-11 19:19:16.873   801   801 I Layer   : id=110116 Destroyed Surface(name=ActivityRecord{39f1b78 u0 com.android.todolist/.MainActivity t1508})/@0xa2b7f9 - animation-bounds#0
05-11 19:19:16.873   801   801 I Layer   : id=110115 Destroyed Surface(name=ActivityRecord{39f1b78 u0 com.android.todolist/.MainActivity t1508})/@0xa2b7f9 - animation-leash of app_transition#0
05-11 19:19:16.873   801   801 I Layer   : id=110114 Destroyed Surface(name=ActivityRecord{fe8921a u0 com.android.todolist/.ListActivity t1508})/@0x6ce512b - animation-bounds#0
05-11 19:19:16.873   801   801 I Layer   : id=110113 Destroyed Surface(name=ActivityRecord{fe8921a u0 com.android.todolist/.ListActivity t1508})/@0x6ce512b - animation-leash of app_transition#0
05-11 19:19:16.879  1148  1551 V WindowManager: Relayout Window{eb1641f u0 com.android.todolist/com.android.todolist.ListActivity}: viewVisibility=8 req=1080x2400 d0
05-11 19:19:16.895  1148  1551 W InputManager-JNI: Input channel object 'eb1641f com.android.todolist/com.android.todolist.ListActivity (client)' was disposed without first being removed with the input manager!
05-11 19:19:16.896  1148  1551 I WindowManager: Destroying surface Surface(name=com.android.todolist/com.android.todolist.ListActivity$_19306)/@0xc8866cf called by com.android.server.wm.WindowStateAnimator.destroySurface:987 com.android.server.wm.WindowStateAnimator.destroySurfaceLocked:518 com.android.server.wm.WindowState.removeImmediately:2960 com.android.server.wm.WindowState.removeIfPossible:3151 com.android.server.wm.WindowState.removeIfPossible:2984 com.android.server.wm.WindowManagerService.removeWindow:2243 com.android.server.wm.Session.remove:225 android.view.IWindowSession$Stub.onTransact:746 
05-11 19:19:16.898   801   801 I Layer   : id=110099 removeFromCurrentState com.android.todolist/com.android.todolist.ListActivity$_19306#0 (119)
05-11 19:19:16.898   801   801 I SurfaceFlinger: id=110099 Removed com.android.todolist/com.android.todolist.ListActivity$_19306#0 (119)
05-11 19:19:16.898   801   801 I Layer   : id=110099 Destroyed com.android.todolist/com.android.todolist.ListActivity$_19306#0
05-11 19:19:16.901  1148  1551 I ActivityTaskManager: Removing activity ActivityRecord{fe8921a u0 com.android.todolist/.ListActivity t1508 f}}(activityDestroyed)  from stack callers=com.android.server.wm.ActivityRecord.destroyed:4081 com.android.server.wm.ActivityClientController.activityDestroyed:287 android.app.IActivityClientController$Stub.onTransact:604 com.android.server.wm.ActivityClientController.onTransact:129 android.os.Binder.execTransactInternal:1220 
05-11 19:19:16.906   801   801 I Layer   : id=110098 removeFromCurrentState eb1641f com.android.todolist/com.android.todolist.ListActivity#0 (118)
05-11 19:19:16.906   801   801 I SurfaceFlinger: id=110098 Removed eb1641f com.android.todolist/com.android.todolist.ListActivity#0 (118)
05-11 19:19:16.906   801   801 I Layer   : id=110098 Destroyed eb1641f com.android.todolist/com.android.todolist.ListActivity#0
05-11 19:19:16.914   801   801 I Layer   : id=110094 removeFromCurrentState ActivityRecord{fe8921a u0 com.android.todolist/.ListActivity t1508}#0 (117)
05-11 19:19:16.914   801   801 I SurfaceFlinger: id=110094 Removed ActivityRecord{fe8921a u0 com.android.todolist/.ListActivity t1508}#0 (117)
05-11 19:19:16.915   801   801 I Layer   : id=110094 Destroyed ActivityRecord{fe8921a u0 com.android.todolist/.ListActivity t1508}#0
05-11 19:19:17.080  1148  1200 D SGM:GameManager: identifyForegroundApp. com.android.todolist, mCurrentUserId: 0, callerUserId: 0
05-11 19:19:17.080  1148  1200 D SGM:PkgDataHelper: getGamePkgData(). com.android.todolist
05-11 19:19:18.063  1148  4775 D MARsPolicyManager: onPackageResumedFG pkgName = com.android.todolist, userId = 0
05-11 19:19:18.064  1148  4775 V WindowManager: Setting visibility of Window{c423200 u0 com.android.todolist/com.android.todolist.MainActivity}: true, caller=com.android.server.wm.WindowContainer.sendAppVisibilityToClients:1104 com.android.server.wm.WindowToken.setClientVisible:448 com.android.server.wm.ActivityRecord.setClientVisible:6985 com.android.server.wm.ActivityRecord.setVisibility:5424 com.android.server.wm.ActivityRecord.setVisibility:5319 
05-11 19:19:18.066  1148  4775 V WindowManager: Changing focus from Window{8c5e28d u0 com.android.todolist/com.android.todolist.MainActivity} to null displayId=0 Callers=com.android.server.wm.RootWindowContainer.updateFocusedWindowLocked:583 com.android.server.wm.WindowManagerService.updateFocusedWindowLocked:6461 com.android.server.wm.ActivityTaskManagerService.setResumedActivityUncheckLocked:5470 com.android.server.wm.Task.onActivityStateChanged:2885 
05-11 19:19:18.068  1148  4775 D WindowManager: rotationForOrientation, orientationSource=ActivityRecord{4bc453c u0 com.android.todolist/.MainActivity t1508}
05-11 19:19:18.068  1148  4775 D WindowManager: rotationForOrientation, orientationSource=ActivityRecord{4bc453c u0 com.android.todolist/.MainActivity t1508}
05-11 19:19:18.070  1148  4775 D WindowManager: rotationForOrientation, orientationSource=ActivityRecord{4bc453c u0 com.android.todolist/.MainActivity t1508}
05-11 19:19:18.074   801   801 I SurfaceFlinger: [8c5e28d com.android.todolist/com.android.todolist.MainActivity#0] FrameRatePriority: -1
05-11 19:19:18.075  1148  2079 D InputDispatcher: Focus left window (0): 8c5e28d com.android.todolist/com.android.todolist.MainActivity
05-11 19:19:18.075  1148  1200 D SGM:GameManager: notePauseComponent(), received pkgName: com.android.todolist, userId: 0
05-11 19:19:18.077  1148  1200 I GameSDK@LifeCycle: noteResumeComponent(): package name  : com.android.todolist
05-11 19:19:18.077  1148  1200 D SGM:GameManager: noteResumeComponent(), received pkgName: com.android.todolist, userId: 0
05-11 19:19:18.077  1148  1387 D SGM:GameManager: onLooperPrepared(), msg: MSG_APP_RESUME, pkgName: com.android.todolist, userid: 0
05-11 19:19:18.079 22649 22649 I Utils   : HomePackage : com.sec.android.app.launcher, resumePackageName : com.android.todolist
05-11 19:19:18.084  1148  4775 V WindowManager: Relayout Window{c423200 u0 com.android.todolist/com.android.todolist.MainActivity}: viewVisibility=0 req=1080x2400 d0
05-11 19:19:18.085   801  1235 I SurfaceFlinger: id=110118 createSurf (1080x2400),-3 flag=40004, com.android.todolist/com.android.todolist.MainActivity$_19306#1
05-11 19:19:18.085  1148  4775 D WindowManager: makeSurface duration=1 name=com.android.todolist/com.android.todolist.MainActivity$_19306
05-11 19:19:18.087  1148  4775 V WindowManager: Changing focus from null to Window{c423200 u0 com.android.todolist/com.android.todolist.MainActivity} displayId=0 Callers=com.android.server.wm.RootWindowContainer.updateFocusedWindowLocked:583 com.android.server.wm.WindowManagerService.updateFocusedWindowLocked:6461 com.android.server.wm.WindowManagerService.relayoutWindow:2746 com.android.server.wm.Session.relayout:242 
05-11 19:19:18.100   801   801 I SurfaceFlinger: [c423200 com.android.todolist/com.android.todolist.MainActivity#0] FrameRatePriority: 1
05-11 19:19:18.102  1148  2079 D InputDispatcher: Focus request (0): c423200 com.android.todolist/com.android.todolist.MainActivity but waiting because NOT_VISIBLE
05-11 19:19:18.102  1148  4775 D WindowManager: finishDrawingWindow: Window{c423200 u0 com.android.todolist/com.android.todolist.MainActivity} mDrawState=DRAW_PENDING
05-11 19:19:18.106  1148  1201 I WindowManager: Reparenting to leash, surface=Surface(name=ActivityRecord{39f1b78 u0 com.android.todolist/.MainActivity t1508})/@0xa2b7f9, leashParent=Surface(name=Task=1508)/@0xcba0696
05-11 19:19:18.107   801  1235 I SurfaceFlinger: id=110121 createSurf (0x0),-1 flag=24000, Surface(name=ActivityRecord{39f1b78 u0 com.android.todolist/.MainActivity t1508})/@0xa2b7f9 - animation-leash of app_transition#0
05-11 19:19:18.108  1148  1201 D WindowManager: makeSurface duration=1 leash=Surface(name=Surface(name=ActivityRecord{39f1b78 u0 com.android.todolist/.MainActivity t1508})/@0xa2b7f9 - animation-leash of app_transition)/@0xeb6a1bf
05-11 19:19:18.108   801  1235 I SurfaceFlinger: id=110122 createSurf (0x0),-1 flag=80004, Surface(name=ActivityRecord{39f1b78 u0 com.android.todolist/.MainActivity t1508})/@0xa2b7f9 - animation-bounds#0
05-11 19:19:18.110  1148  1201 I WindowManager: Reparenting to leash, surface=Surface(name=ActivityRecord{4bc453c u0 com.android.todolist/.MainActivity t1508})/@0x5344118, leashParent=Surface(name=Task=1508)/@0xcba0696
05-11 19:19:18.110   801  1235 I SurfaceFlinger: id=110123 createSurf (0x0),-1 flag=24004, Surface(name=ActivityRecord{4bc453c u0 com.android.todolist/.MainActivity t1508})/@0x5344118 - animation-leash of app_transition#0
05-11 19:19:18.111  1148  1201 D WindowManager: makeSurface duration=1 leash=Surface(name=Surface(name=ActivityRecord{4bc453c u0 com.android.todolist/.MainActivity t1508})/@0x5344118 - animation-leash of app_transition)/@0x72fc7ea
05-11 19:19:18.111   801  1235 I SurfaceFlinger: id=110124 createSurf (0x0),-1 flag=80004, Surface(name=ActivityRecord{4bc453c u0 com.android.todolist/.MainActivity t1508})/@0x5344118 - animation-bounds#0
05-11 19:19:18.117  1148  4775 D InputDispatcher: Focus entered window (0): c423200 com.android.todolist/com.android.todolist.MainActivity
05-11 19:19:18.122   801   801 D SurfaceFlinger:      DEVICE | 0x7ad52e5340 | 0100 | RGBA_8888    |    0.0   75.0 1080.0 2400.0 |    0    0 1080 2325 | com.android.todolist/com.android.todolist.MainActivity$_19306#1
05-11 19:19:18.122   801   801 D SurfaceFlinger:      DEVICE | 0x7b798934c0 | 0100 | RGBA_8888    |    0.0    0.0 1080.0 2400.0 |    0    0 1080 2400 | com.android.todolist/com.android.todolist.MainActivity$_19306#0
05-11 19:19:18.246   801   801 D SurfaceFlinger:      DEVICE | 0x7b79891f80 | 0100 | RGBA_8888    |    0.0   19.0 1080.0 2400.0 |    0    0 1080 2381 | com.android.todolist/com.android.todolist.MainActivity$_19306#1
05-11 19:19:18.413  1148  1201 I WindowManager: Reparenting to original parent: Surface(name=Task=1508)/@0xcba0696, destroy=true, surface=Surface(name=ActivityRecord{39f1b78 u0 com.android.todolist/.MainActivity t1508})/@0xa2b7f9
05-11 19:19:18.413  1148  1201 V WindowManager: Setting visibility of Window{8c5e28d u0 com.android.todolist/com.android.todolist.MainActivity}: false, caller=com.android.server.wm.WindowContainer.sendAppVisibilityToClients:1104 com.android.server.wm.WindowToken.setClientVisible:448 com.android.server.wm.ActivityRecord.setClientVisible:6985 com.android.server.wm.ActivityRecord.onAnimationFinished:7872 com.android.server.wm.WindowContainer$$ExternalSyntheticLambda0.onAnimationFinished:2 
05-11 19:19:18.413  1148  1201 I WindowManager: Reparenting to original parent: Surface(name=Task=1508)/@0xcba0696, destroy=true, surface=Surface(name=ActivityRecord{4bc453c u0 com.android.todolist/.MainActivity t1508})/@0x5344118
05-11 19:19:18.421   801   801 I Layer   : id=110121 removeFromCurrentState Surface(name=ActivityRecord{39f1b78 u0 com.android.todolist/.MainActivity t1508})/@0xa2b7f9 - animation-leash of app_transition#0 (121)
05-11 19:19:18.421   801   801 I Layer   : id=110122 removeFromCurrentState Surface(name=ActivityRecord{39f1b78 u0 com.android.todolist/.MainActivity t1508})/@0xa2b7f9 - animation-bounds#0 (121)
05-11 19:19:18.421   801   801 I Layer   : id=110123 removeFromCurrentState Surface(name=ActivityRecord{4bc453c u0 com.android.todolist/.MainActivity t1508})/@0x5344118 - animation-leash of app_transition#0 (121)
05-11 19:19:18.421   801   801 I Layer   : id=110124 removeFromCurrentState Surface(name=ActivityRecord{4bc453c u0 com.android.todolist/.MainActivity t1508})/@0x5344118 - animation-bounds#0 (121)
05-11 19:19:18.421   801   801 I SurfaceFlinger: id=110122 Removed Surface(name=ActivityRecord{39f1b78 u0 com.android.todolist/.MainActivity t1508})/@0xa2b7f9 - animation-bounds#0 (121)
05-11 19:19:18.421   801   801 I SurfaceFlinger: id=110124 Removed Surface(name=ActivityRecord{4bc453c u0 com.android.todolist/.MainActivity t1508})/@0x5344118 - animation-bounds#0 (121)
05-11 19:19:18.421   801   801 I SurfaceFlinger: id=110123 Removed Surface(name=ActivityRecord{4bc453c u0 com.android.todolist/.MainActivity t1508})/@0x5344118 - animation-leash of app_transition#0 (121)
05-11 19:19:18.421   801   801 I SurfaceFlinger: id=110121 Removed Surface(name=ActivityRecord{39f1b78 u0 com.android.todolist/.MainActivity t1508})/@0xa2b7f9 - animation-leash of app_transition#0 (121)
05-11 19:19:18.422   801   801 I Layer   : id=110124 Destroyed Surface(name=ActivityRecord{4bc453c u0 com.android.todolist/.MainActivity t1508})/@0x5344118 - animation-bounds#0
05-11 19:19:18.422   801   801 I Layer   : id=110123 Destroyed Surface(name=ActivityRecord{4bc453c u0 com.android.todolist/.MainActivity t1508})/@0x5344118 - animation-leash of app_transition#0
05-11 19:19:18.422   801   801 I Layer   : id=110122 Destroyed Surface(name=ActivityRecord{39f1b78 u0 com.android.todolist/.MainActivity t1508})/@0xa2b7f9 - animation-bounds#0
05-11 19:19:18.422   801   801 I Layer   : id=110121 Destroyed Surface(name=ActivityRecord{39f1b78 u0 com.android.todolist/.MainActivity t1508})/@0xa2b7f9 - animation-leash of app_transition#0
05-11 19:19:18.429  1148  4775 V WindowManager: Relayout Window{8c5e28d u0 com.android.todolist/com.android.todolist.MainActivity}: viewVisibility=8 req=1080x2400 d0
05-11 19:19:18.448  1148  4775 W InputManager-JNI: Input channel object '8c5e28d com.android.todolist/com.android.todolist.MainActivity (client)' was disposed without first being removed with the input manager!
05-11 19:19:18.448  1148  4775 I WindowManager: Destroying surface Surface(name=com.android.todolist/com.android.todolist.MainActivity$_19306)/@0xb2178af called by com.android.server.wm.WindowStateAnimator.destroySurface:987 com.android.server.wm.WindowStateAnimator.destroySurfaceLocked:518 com.android.server.wm.WindowState.removeImmediately:2960 com.android.server.wm.WindowState.removeIfPossible:3151 com.android.server.wm.WindowState.removeIfPossible:2984 com.android.server.wm.WindowManagerService.removeWindow:2243 com.android.server.wm.Session.remove:225 android.view.IWindowSession$Stub.onTransact:746 
05-11 19:19:18.453  1148  2032 I ActivityTaskManager: Removing activity ActivityRecord{39f1b78 u0 com.android.todolist/.MainActivity t1508 f}}(activityDestroyed)  from stack callers=com.android.server.wm.ActivityRecord.destroyed:4081 com.android.server.wm.ActivityClientController.activityDestroyed:287 android.app.IActivityClientController$Stub.onTransact:604 com.android.server.wm.ActivityClientController.onTransact:129 android.os.Binder.execTransactInternal:1220 
05-11 19:19:18.455   801   801 I Layer   : id=110110 removeFromCurrentState com.android.todolist/com.android.todolist.MainActivity$_19306#0 (117)
05-11 19:19:18.455   801   801 I Layer   : id=110025 removeFromCurrentState 8c5e28d com.android.todolist/com.android.todolist.MainActivity#0 (117)
05-11 19:19:18.455   801   801 I SurfaceFlinger: id=110025 Removed 8c5e28d com.android.todolist/com.android.todolist.MainActivity#0 (117)
05-11 19:19:18.455   801   801 I SurfaceFlinger: id=110110 Removed com.android.todolist/com.android.todolist.MainActivity$_19306#0 (117)
05-11 19:19:18.455   801   801 I Layer   : id=110025 Destroyed 8c5e28d com.android.todolist/com.android.todolist.MainActivity#0
05-11 19:19:18.455   801   801 I Layer   : id=110110 Destroyed com.android.todolist/com.android.todolist.MainActivity$_19306#0
05-11 19:19:18.463   801   801 I Layer   : id=110024 removeFromCurrentState ActivityRecord{39f1b78 u0 com.android.todolist/.MainActivity t1508}#0 (115)
05-11 19:19:18.463   801   801 I SurfaceFlinger: id=110024 Removed ActivityRecord{39f1b78 u0 com.android.todolist/.MainActivity t1508}#0 (115)
05-11 19:19:18.463   801   801 I Layer   : id=110024 Destroyed ActivityRecord{39f1b78 u0 com.android.todolist/.MainActivity t1508}#0
05-11 19:19:18.624  1148  1200 D SGM:GameManager: identifyForegroundApp. com.android.todolist, mCurrentUserId: 0, callerUserId: 0
05-11 19:19:18.624  1148  1200 D SGM:PkgDataHelper: getGamePkgData(). com.android.todolist
05-11 19:19:20.430  1148  2581 D FreecessController: com.android.todolist(10466) is important[13]
05-11 19:19:21.065 19306 19306 V Toast   : show: caller = com.android.todolist.MyAdapter$onBindViewHolder$1.onClick:58 
05-11 19:19:21.075  1148  4775 I ActivityTaskManager: START u0 {cmp=com.android.todolist/.ListActivity (has extras)} from uid 10466
05-11 19:19:21.076  1148  4775 D ActivityTaskManager: TaskLaunchParamsModifier:task=null activity=ActivityRecord{d3fddf9 u0 com.android.todolist/.ListActivity display-area-from-source=DefaultTaskDisplayArea@211848610 display-id=0 display-windowing-mode=1 suggested-display-area=DefaultTaskDisplayArea@211848610
05-11 19:19:21.077  1148  4775 D ActivityTaskManager: TaskLaunchParamsModifier:task=Task{eb2941a #1508 type=standard A=10466:com.android.todolist U=0 visible=true mode=fullscreen translucent=false sz=1} activity=ActivityRecord{d3fddf9 u0 com.android.todolist/.ListActivity t-1} display-area-from-source=DefaultTaskDisplayArea@211848610 display-id=0 display-windowing-mode=1 suggested-display-area=DefaultTaskDisplayArea@211848610 inherit-from-source=fullscreen activity-options-fullscreen=Rect(0, 0 - 0, 0) non-freeform-display display-area=DefaultTaskDisplayArea@211848610 maximized-bounds
05-11 19:19:21.079   801  1235 I SurfaceFlinger: id=110127 createSurf (0x0),-1 flag=80004, ActivityRecord{d3fddf9 u0 com.android.todolist/.ListActivity t1508}#0
