05-11 19:16:25.773  1148  3919 V WindowManager: Setting visibility of Window{8c5e28d u0 com.android.todolist/com.android.todolist.MainActivity}: true, caller=com.android.server.wm.WindowContainer.sendAppVisibilityToClients:1104 com.android.server.wm.WindowToken.setClientVisible:448 com.android.server.wm.ActivityRecord.setClientVisible:6985 com.android.server.wm.ActivityRecord.setVisibility:5424 com.android.server.wm.ActivityRecord.setVisibility:5319 
05-11 19:16:25.774  1148  3919 V WindowManager: Changing focus from Window{b326f77 u0 com.android.todolist/com.android.todolist.Info} to null displayId=0 Callers=com.android.server.wm.RootWindowContainer.updateFocusedWindowLocked:583 com.android.server.wm.WindowManagerService.updateFocusedWindowLocked:6461 com.android.server.wm.ActivityTaskManagerService.setResumedActivityUncheckLocked:5470 com.android.server.wm.Task.onActivityStateChanged:2885 
05-11 19:16:25.776  1148  3919 D WindowManager: rotationForOrientation, orientationSource=ActivityRecord{39f1b78 u0 com.android.todolist/.MainActivity t1508}
05-11 19:16:25.776  1148  3919 D WindowManager: rotationForOrientation, orientationSource=ActivityRecord{39f1b78 u0 com.android.todolist/.MainActivity t1508}
05-11 19:16:25.777  1148  3919 D WindowManager: rotationForOrientation, orientationSource=ActivityRecord{39f1b78 u0 com.android.todolist/.MainActivity t1508}
05-11 19:16:25.782  1148  1200 D SGM:GameManager: notePauseComponent(), received pkgName: com.android.todolist, userId: 0
05-11 19:16:25.786  1148  1200 I GameSDK@LifeCycle: noteResumeComponent(): package name  : com.android.todolist
05-11 19:16:25.787   801   801 I SurfaceFlinger: [b326f77 com.android.todolist/com.android.todolist.Info#0] FrameRatePriority: -1
05-11 19:16:25.787  1148  1200 D SGM:GameManager: noteResumeComponent(), received pkgName: com.android.todolist, userId: 0
05-11 19:16:25.787  1148  1387 D SGM:GameManager: onLooperPrepared(), msg: MSG_APP_RESUME, pkgName: com.android.todolist, userid: 0
05-11 19:16:25.788  1148  2079 D InputDispatcher: Focus left window (0): b326f77 com.android.todolist/com.android.todolist.Info
05-11 19:16:25.790 22649 22649 I Utils   : HomePackage : com.sec.android.app.launcher, resumePackageName : com.android.todolist
05-11 19:16:25.792  1148  1172 V WindowManager: Relayout Window{8c5e28d u0 com.android.todolist/com.android.todolist.MainActivity}: viewVisibility=0 req=1080x2400 d0
05-11 19:16:25.792   801  1235 I SurfaceFlinger: id=110054 createSurf (1080x2400),-3 flag=40004, com.android.todolist/com.android.todolist.MainActivity$_19306#0
05-11 19:16:25.793  1148  1172 D WindowManager: makeSurface duration=1 name=com.android.todolist/com.android.todolist.MainActivity$_19306
05-11 19:16:25.795  1148  1172 V WindowManager: Changing focus from null to Window{8c5e28d u0 com.android.todolist/com.android.todolist.MainActivity} displayId=0 Callers=com.android.server.wm.RootWindowContainer.updateFocusedWindowLocked:583 com.android.server.wm.WindowManagerService.updateFocusedWindowLocked:6461 com.android.server.wm.WindowManagerService.relayoutWindow:2746 com.android.server.wm.Session.relayout:242 
05-11 19:16:25.810  1148  1172 D WindowManager: finishDrawingWindow: Window{8c5e28d u0 com.android.todolist/com.android.todolist.MainActivity} mDrawState=DRAW_PENDING
05-11 19:16:25.811   801   801 I SurfaceFlinger: [8c5e28d com.android.todolist/com.android.todolist.MainActivity#0] FrameRatePriority: 1
05-11 19:16:25.813  1148  1201 I WindowManager: Reparenting to leash, surface=Surface(name=ActivityRecord{6297b4c u0 com.android.todolist/.Info t1508})/@0x7c8a003, leashParent=Surface(name=Task=1508)/@0xcba0696
05-11 19:16:25.813  1148  1172 D InputDispatcher: Focus request (0): 8c5e28d com.android.todolist/com.android.todolist.MainActivity but waiting because NOT_VISIBLE
05-11 19:16:25.814   801   834 I SurfaceFlinger: id=110057 createSurf (0x0),-1 flag=24000, Surface(name=ActivityRecord{6297b4c u0 com.android.todolist/.Info t1508})/@0x7c8a003 - animation-leash of app_transition#0
05-11 19:16:25.815  1148  1201 D WindowManager: makeSurface duration=1 leash=Surface(name=Surface(name=ActivityRecord{6297b4c u0 com.android.todolist/.Info t1508})/@0x7c8a003 - animation-leash of app_transition)/@0xfdc9b9d
05-11 19:16:25.815   801  2149 I SurfaceFlinger: id=110058 createSurf (0x0),-1 flag=80004, Surface(name=ActivityRecord{6297b4c u0 com.android.todolist/.Info t1508})/@0x7c8a003 - animation-bounds#0
05-11 19:16:25.817  1148  1201 I WindowManager: Reparenting to leash, surface=Surface(name=ActivityRecord{39f1b78 u0 com.android.todolist/.MainActivity t1508})/@0xa2b7f9, leashParent=Surface(name=Task=1508)/@0xcba0696
05-11 19:16:25.818   801  2149 I SurfaceFlinger: id=110059 createSurf (0x0),-1 flag=24004, Surface(name=ActivityRecord{39f1b78 u0 com.android.todolist/.MainActivity t1508})/@0xa2b7f9 - animation-leash of app_transition#0
05-11 19:16:25.818  1148  1201 D WindowManager: makeSurface duration=1 leash=Surface(name=Surface(name=ActivityRecord{39f1b78 u0 com.android.todolist/.MainActivity t1508})/@0xa2b7f9 - animation-leash of app_transition)/@0xbee79e0
05-11 19:16:25.819   801  2149 I SurfaceFlinger: id=110060 createSurf (0x0),-1 flag=80004, Surface(name=ActivityRecord{39f1b78 u0 com.android.todolist/.MainActivity t1508})/@0xa2b7f9 - animation-bounds#0
05-11 19:16:25.830  1148  2079 D InputDispatcher: Focus entered window (0): 8c5e28d com.android.todolist/com.android.todolist.MainActivity
05-11 19:16:25.842   801   801 D SurfaceFlinger:      DEVICE | 0x7ad592c3c0 | 0100 | RGBA_8888    |    0.0   74.0 1080.0 2400.0 |    0    0 1080 2326 | com.android.todolist/com.android.todolist.MainActivity$_19306#0
05-11 19:16:25.842   801   801 D SurfaceFlinger:      DEVICE | 0x7ad52e3540 | 0102 | RGBA_8888    |    0.0    0.0 1080.0 2398.0 |    0    2 1080 2400 | com.android.todolist/com.android.todolist.Info$_19306#0
05-11 19:16:25.950   801   801 D SurfaceFlinger:      DEVICE | 0x7ad4c43300 | 0100 | RGBA_8888    |    0.0   19.0 1080.0 2400.0 |    0    0 1080 2381 | com.android.todolist/com.android.todolist.MainActivity$_19306#0
05-11 19:16:26.117  1148  1201 I WindowManager: Reparenting to original parent: Surface(name=Task=1508)/@0xcba0696, destroy=true, surface=Surface(name=ActivityRecord{6297b4c u0 com.android.todolist/.Info t1508})/@0x7c8a003
05-11 19:16:26.118  1148  1201 V WindowManager: Setting visibility of Window{b326f77 u0 com.android.todolist/com.android.todolist.Info}: false, caller=com.android.server.wm.WindowContainer.sendAppVisibilityToClients:1104 com.android.server.wm.WindowToken.setClientVisible:448 com.android.server.wm.ActivityRecord.setClientVisible:6985 com.android.server.wm.ActivityRecord.onAnimationFinished:7872 com.android.server.wm.WindowContainer$$ExternalSyntheticLambda0.onAnimationFinished:2 
05-11 19:16:26.118  1148  1201 I WindowManager: Reparenting to original parent: Surface(name=Task=1508)/@0xcba0696, destroy=true, surface=Surface(name=ActivityRecord{39f1b78 u0 com.android.todolist/.MainActivity t1508})/@0xa2b7f9
05-11 19:16:26.125   801   801 I Layer   : id=110057 removeFromCurrentState Surface(name=ActivityRecord{6297b4c u0 com.android.todolist/.Info t1508})/@0x7c8a003 - animation-leash of app_transition#0 (123)
05-11 19:16:26.125   801   801 I Layer   : id=110058 removeFromCurrentState Surface(name=ActivityRecord{6297b4c u0 com.android.todolist/.Info t1508})/@0x7c8a003 - animation-bounds#0 (123)
05-11 19:16:26.125   801   801 I Layer   : id=110059 removeFromCurrentState Surface(name=ActivityRecord{39f1b78 u0 com.android.todolist/.MainActivity t1508})/@0xa2b7f9 - animation-leash of app_transition#0 (123)
05-11 19:16:26.125   801   801 I Layer   : id=110060 removeFromCurrentState Surface(name=ActivityRecord{39f1b78 u0 com.android.todolist/.MainActivity t1508})/@0xa2b7f9 - animation-bounds#0 (123)
05-11 19:16:26.125   801   801 I SurfaceFlinger: id=110058 Removed Surface(name=ActivityRecord{6297b4c u0 com.android.todolist/.Info t1508})/@0x7c8a003 - animation-bounds#0 (123)
05-11 19:16:26.125   801   801 I SurfaceFlinger: id=110060 Removed Surface(name=ActivityRecord{39f1b78 u0 com.android.todolist/.MainActivity t1508})/@0xa2b7f9 - animation-bounds#0 (123)
05-11 19:16:26.126   801   801 I SurfaceFlinger: id=110059 Removed Surface(name=ActivityRecord{39f1b78 u0 com.android.todolist/.MainActivity t1508})/@0xa2b7f9 - animation-leash of app_transition#0 (123)
05-11 19:16:26.126   801   801 I SurfaceFlinger: id=110057 Removed Surface(name=ActivityRecord{6297b4c u0 com.android.todolist/.Info t1508})/@0x7c8a003 - animation-leash of app_transition#0 (123)
05-11 19:16:26.126   801   801 I Layer   : id=110060 Destroyed Surface(name=ActivityRecord{39f1b78 u0 com.android.todolist/.MainActivity t1508})/@0xa2b7f9 - animation-bounds#0
05-11 19:16:26.126   801   801 I Layer   : id=110059 Destroyed Surface(name=ActivityRecord{39f1b78 u0 com.android.todolist/.MainActivity t1508})/@0xa2b7f9 - animation-leash of app_transition#0
05-11 19:16:26.126   801   801 I Layer   : id=110058 Destroyed Surface(name=ActivityRecord{6297b4c u0 com.android.todolist/.Info t1508})/@0x7c8a003 - animation-bounds#0
05-11 19:16:26.126   801   801 I Layer   : id=110057 Destroyed Surface(name=ActivityRecord{6297b4c u0 com.android.todolist/.Info t1508})/@0x7c8a003 - animation-leash of app_transition#0
05-11 19:16:26.134  1148  3919 V WindowManager: Relayout Window{b326f77 u0 com.android.todolist/com.android.todolist.Info}: viewVisibility=8 req=1080x2400 d0
05-11 19:16:26.152  1148  2079 W InputManager-JNI: Input channel object 'b326f77 com.android.todolist/com.android.todolist.Info (client)' was disposed without first being removed with the input manager!
05-11 19:16:26.153  1148  2079 I WindowManager: Destroying surface Surface(name=com.android.todolist/com.android.todolist.Info$_19306)/@0x940a60d called by com.android.server.wm.WindowStateAnimator.destroySurface:987 com.android.server.wm.WindowStateAnimator.destroySurfaceLocked:518 com.android.server.wm.WindowState.removeImmediately:2960 com.android.server.wm.WindowState.removeIfPossible:3151 com.android.server.wm.WindowState.removeIfPossible:2984 com.android.server.wm.WindowManagerService.removeWindow:2243 com.android.server.wm.Session.remove:225 android.view.IWindowSession$Stub.onTransact:746 
05-11 19:16:26.159   801   801 I Layer   : id=110044 removeFromCurrentState com.android.todolist/com.android.todolist.Info$_19306#0 (119)
05-11 19:16:26.159   801   801 I Layer   : id=110043 removeFromCurrentState b326f77 com.android.todolist/com.android.todolist.Info#0 (119)
05-11 19:16:26.159   801   801 I SurfaceFlinger: id=110043 Removed b326f77 com.android.todolist/com.android.todolist.Info#0 (119)
05-11 19:16:26.159   801   801 I SurfaceFlinger: id=110044 Removed com.android.todolist/com.android.todolist.Info$_19306#0 (119)
05-11 19:16:26.159   801   801 I Layer   : id=110043 Destroyed b326f77 com.android.todolist/com.android.todolist.Info#0
05-11 19:16:26.159   801   801 I Layer   : id=110044 Destroyed com.android.todolist/com.android.todolist.Info$_19306#0
05-11 19:16:26.161  1148  2079 I ActivityTaskManager: Removing activity ActivityRecord{6297b4c u0 com.android.todolist/.Info t1508 f}}(activityDestroyed)  from stack callers=com.android.server.wm.ActivityRecord.destroyed:4081 com.android.server.wm.ActivityClientController.activityDestroyed:287 android.app.IActivityClientController$Stub.onTransact:604 com.android.server.wm.ActivityClientController.onTransact:129 android.os.Binder.execTransactInternal:1220 
05-11 19:16:26.167   801   801 I Layer   : id=110040 removeFromCurrentState ActivityRecord{6297b4c u0 com.android.todolist/.Info t1508}#0 (117)
05-11 19:16:26.168   801   801 I SurfaceFlinger: id=110040 Removed ActivityRecord{6297b4c u0 com.android.todolist/.Info t1508}#0 (117)
05-11 19:16:26.168   801   801 I Layer   : id=110040 Destroyed ActivityRecord{6297b4c u0 com.android.todolist/.Info t1508}#0
05-11 19:16:26.336  1148  1200 D SGM:GameManager: identifyForegroundApp. com.android.todolist, mCurrentUserId: 0, callerUserId: 0
05-11 19:16:26.336  1148  1200 D SGM:PkgDataHelper: getGamePkgData(). com.android.todolist
05-11 19:16:28.570  1148  1198 D WindowManager: rotationForOrientation, orientationSource=ActivityRecord{39f1b78 u0 com.android.todolist/.MainActivity t1508}
05-11 19:16:30.293  1148  2581 D FreecessController: com.android.todolist(10466) is important[13]
05-11 19:16:40.305  1148  2581 D FreecessController: com.android.todolist(10466) is important[13]
05-11 19:16:50.315  1148  2581 D FreecessController: com.android.todolist(10466) is important[13]
05-11 19:17:00.317  1148  2581 D FreecessController: com.android.todolist(10466) is important[13]
05-11 19:17:10.325  1148  2581 D FreecessController: com.android.todolist(10466) is important[13]
05-11 19:17:20.330  1148  2581 D FreecessController: com.android.todolist(10466) is important[13]
05-11 19:17:30.337  1148  2581 D FreecessController: com.android.todolist(10466) is important[13]
05-11 19:17:40.349  1148  2581 D FreecessController: com.android.todolist(10466) is important[13]
05-11 19:17:50.361  1148  2581 D FreecessController: com.android.todolist(10466) is important[13]
05-11 19:18:00.363  1148  2581 D FreecessController: com.android.todolist(10466) is important[13]
05-11 19:18:10.374  1148  2581 D FreecessController: com.android.todolist(10466) is important[13]
05-11 19:18:20.384  1148  2581 D FreecessController: com.android.todolist(10466) is important[13]
05-11 19:18:30.394  1148  2581 D FreecessController: com.android.todolist(10466) is important[13]
05-11 19:18:40.402  1148  2581 D FreecessController: com.android.todolist(10466) is important[13]
05-11 19:18:50.410  1148  2581 D FreecessController: com.android.todolist(10466) is important[13]
05-11 19:19:00.411  1148  2581 D FreecessController: com.android.todolist(10466) is important[13]
05-11 19:19:01.600  1148  1198 D WindowManager: rotationForOrientation, orientationSource=ActivityRecord{39f1b78 u0 com.android.todolist/.MainActivity t1508}
05-11 19:19:02.768 19306 19306 V Toast   : show: caller = com.android.todolist.MyAdapter$onBindViewHolder$1.onClick:58 
05-11 19:19:02.783  1148  4775 I ActivityTaskManager: START u0 {cmp=com.android.todolist/.ListActivity (has extras)} from uid 10466
05-11 19:19:02.785  1148  4775 D ActivityTaskManager: TaskLaunchParamsModifier:task=null activity=ActivityRecord{13ded00 u0 com.android.todolist/.ListActivity display-area-from-source=DefaultTaskDisplayArea@211848610 display-id=0 display-windowing-mode=1 suggested-display-area=DefaultTaskDisplayArea@211848610
05-11 19:19:02.785  1148  4775 D ActivityTaskManager: TaskLaunchParamsModifier:task=Task{eb2941a #1508 type=standard A=10466:com.android.todolist U=0 visible=true mode=fullscreen translucent=false sz=2} activity=ActivityRecord{13ded00 u0 com.android.todolist/.ListActivity t-1} display-area-from-source=DefaultTaskDisplayArea@211848610 display-id=0 display-windowing-mode=1 suggested-display-area=DefaultTaskDisplayArea@211848610 inherit-from-source=fullscreen activity-options-fullscreen=Rect(0, 0 - 0, 0) non-freeform-display display-area=DefaultTaskDisplayArea@211848610 maximized-bounds
05-11 19:19:02.790   801   831 I SurfaceFlinger: id=110063 createSurf (0x0),-1 flag=80004, ActivityRecord{13ded00 u0 com.android.todolist/.ListActivity t1508}#0
05-11 19:19:02.808  1148  2090 D MARsPolicyManager: onPackageResumedFG pkgName = com.android.todolist, userId = 0
05-11 19:19:02.809  1148  2090 D WindowManager: rotationForOrientation, orientationSource=ActivityRecord{13ded00 u0 com.android.todolist/.ListActivity t1508}
05-11 19:19:02.809  1148  2090 D WindowManager: rotationForOrientation, orientationSource=ActivityRecord{13ded00 u0 com.android.todolist/.ListActivity t1508}
05-11 19:19:02.810  1148  2090 D WindowManager: rotationForOrientation, orientationSource=ActivityRecord{13ded00 u0 com.android.todolist/.ListActivity t1508}
05-11 19:19:02.810  1148  2090 D SGM:PkgDataHelper: notifyAppCreate(), pkgName: com.android.todolist, userId: 0, sendRet: true
05-11 19:19:02.810  1148  1387 D SGM:GameManager: onLooperPrepared(), msg: MSG_APP_CREATE, pkgName: com.android.todolist, userId: 0
05-11 19:19:02.811  1148  2090 V WindowManager: Changing focus from Window{8c5e28d u0 com.android.todolist/com.android.todolist.MainActivity} to null displayId=0 Callers=com.android.server.wm.RootWindowContainer.updateFocusedWindowLocked:583 com.android.server.wm.WindowManagerService.updateFocusedWindowLocked:6461 com.android.server.wm.ActivityTaskManagerService.setResumedActivityUncheckLocked:5470 com.android.server.wm.Task.onActivityStateChanged:2885 
05-11 19:19:02.814   801   801 I SurfaceFlinger: [8c5e28d com.android.todolist/com.android.todolist.MainActivity#0] FrameRatePriority: -1
05-11 19:19:02.815  1148  1200 D SGM:GameManager: notePauseComponent(), received pkgName: com.android.todolist, userId: 0
05-11 19:19:02.819  1148  1200 I GameSDK@LifeCycle: noteResumeComponent(): package name  : com.android.todolist
05-11 19:19:02.819  1148  1200 D SGM:GameManager: noteResumeComponent(), received pkgName: com.android.todolist, userId: 0
05-11 19:19:02.819  1148  1387 D SGM:GameManager: onLooperPrepared(), msg: MSG_APP_RESUME, pkgName: com.android.todolist, userid: 0
05-11 19:19:02.822 22649 22649 I Utils   : HomePackage : com.sec.android.app.launcher, resumePackageName : com.android.todolist
05-11 19:19:02.824  1148  4775 D InputDispatcher: Focus left window (0): 8c5e28d com.android.todolist/com.android.todolist.MainActivity
05-11 19:19:02.860   801   801 D SurfaceFlinger:      DEVICE | 0x7ad4c43300 | 0100 | RGBA_8888    |    0.0    0.0 1080.0 2400.0 |    0    0 1080 2400 | com.android.todolist/com.android.todolist.MainActivity$_19306#0
05-11 19:19:02.867 19306 19306 I MSHandlerLifeCycle: isMultiSplitHandlerRequested: ignored. pkg=com.android.todolist parent=null callers=com.android.internal.policy.DecorView.setVisibility:4294 android.app.ActivityThread.handleResumeActivity:5301 android.app.servertransaction.ResumeActivityItem.execute:54 android.app.servertransaction.ActivityTransactionItem.execute:45 android.app.servertransaction.TransactionExecutor.executeLifecycleState:176 
05-11 19:19:02.870   801   831 I SurfaceFlinger: id=110067 createSurf (0x0),-1 flag=80004, c1b48ad com.android.todolist/com.android.todolist.ListActivity#0
05-11 19:19:02.879  1148  2090 V WindowManager: Relayout Window{c1b48ad u0 com.android.todolist/com.android.todolist.ListActivity}: viewVisibility=0 req=1080x2400 d0
05-11 19:19:02.879   801   831 I SurfaceFlinger: id=110068 createSurf (1x1),-3 flag=40004, com.android.todolist/com.android.todolist.ListActivity$_19306#0
05-11 19:19:02.880  1148  2090 D WindowManager: makeSurface duration=1 name=com.android.todolist/com.android.todolist.ListActivity$_19306
05-11 19:19:02.882  1148  2090 V WindowManager: Changing focus from null to Window{c1b48ad u0 com.android.todolist/com.android.todolist.ListActivity} displayId=0 Callers=com.android.server.wm.RootWindowContainer.updateFocusedWindowLocked:583 com.android.server.wm.WindowManagerService.updateFocusedWindowLocked:6461 com.android.server.wm.WindowManagerService.relayoutWindow:2746 com.android.server.wm.Session.relayout:242 
05-11 19:19:02.890   801   801 I SurfaceFlinger: [c1b48ad com.android.todolist/com.android.todolist.ListActivity#0] FrameRatePriority: 1
05-11 19:19:02.891  1148  2090 D InputDispatcher: Focus request (0): c1b48ad com.android.todolist/com.android.todolist.ListActivity but waiting because NOT_VISIBLE
05-11 19:19:02.900  1148  4775 D WindowManager: finishDrawingWindow: Window{c1b48ad u0 com.android.todolist/com.android.todolist.ListActivity} mDrawState=DRAW_PENDING
05-11 19:19:02.905  1148  1201 D WindowManager: prepareDimAnimOnAnimating owner = ActivityRecord{39f1b78 u0 com.android.todolist/.MainActivity t1508}
05-11 19:19:02.905  1148  1201 I WindowManager: Reparenting to leash, surface=Surface(name=ActivityRecord{39f1b78 u0 com.android.todolist/.MainActivity t1508})/@0xa2b7f9, leashParent=Surface(name=Task=1508)/@0xcba0696
05-11 19:19:02.906   801  1235 I SurfaceFlinger: id=110071 createSurf (0x0),-1 flag=24000, Surface(name=ActivityRecord{39f1b78 u0 com.android.todolist/.MainActivity t1508})/@0xa2b7f9 - animation-leash of app_transition#0
05-11 19:19:02.907  1148  1201 D WindowManager: makeSurface duration=1 leash=Surface(name=Surface(name=ActivityRecord{39f1b78 u0 com.android.todolist/.MainActivity t1508})/@0xa2b7f9 - animation-leash of app_transition)/@0x25afb48
05-11 19:19:02.907  1148  1201 D WindowManager: startDimAnimation owner = ActivityRecord{39f1b78 u0 com.android.todolist/.MainActivity t1508}
05-11 19:19:02.907   801  1235 I SurfaceFlinger: id=110072 createSurf (0x0),-1 flag=20004, Dim Layer for - ActivityRecord{39f1b78 u0 com.android.todolist/.MainActivity t1508} - animating-dim#0
05-11 19:19:02.908  1148  1201 I WindowManager: Reparenting to leash, surface=Surface(name=Dim Layer for - ActivityRecord{39f1b78 u0 com.android.todolist/.MainActivity t1508} - animating-dim)/@0xafd1de1, leashParent=Surface(name=ActivityRecord{39f1b78 u0 com.android.todolist/.MainActivity t1508})/@0xa2b7f9
05-11 19:19:02.908   801   831 I SurfaceFlinger: id=110073 createSurf (0x0),-1 flag=24000, Surface(name=Dim Layer for - ActivityRecord{39f1b78 u0 com.android.todolist/.MainActivity t1508} - animating-dim)/@0xafd1de1 - animation-leash of dimmer#0
05-11 19:19:02.908  1148  1201 D WindowManager: makeSurface duration=1 leash=Surface(name=Surface(name=Dim Layer for - ActivityRecord{39f1b78 u0 com.android.todolist/.MainActivity t1508} - animating-dim)/@0xafd1de1 - animation-leash of dimmer)/@0x9e67706
05-11 19:19:02.909   801   831 I SurfaceFlinger: id=110074 createSurf (0x0),-1 flag=80004, Surface(name=ActivityRecord{39f1b78 u0 com.android.todolist/.MainActivity t1508})/@0xa2b7f9 - animation-bounds#0
05-11 19:19:02.910  1148  1201 I WindowManager: Reparenting to leash, surface=Surface(name=ActivityRecord{13ded00 u0 com.android.todolist/.ListActivity t1508})/@0xf02a819, leashParent=Surface(name=Task=1508)/@0xcba0696
05-11 19:19:02.911   801  1235 I SurfaceFlinger: id=110075 createSurf (0x0),-1 flag=24004, Surface(name=ActivityRecord{13ded00 u0 com.android.todolist/.ListActivity t1508})/@0xf02a819 - animation-leash of app_transition#0
05-11 19:19:02.913  1148  1201 D WindowManager: makeSurface duration=3 leash=Surface(name=Surface(name=ActivityRecord{13ded00 u0 com.android.todolist/.ListActivity t1508})/@0xf02a819 - animation-leash of app_transition)/@0xfaf60de
05-11 19:19:02.913   801  1235 I SurfaceFlinger: id=110076 createSurf (0x0),-1 flag=80004, Surface(name=ActivityRecord{13ded00 u0 com.android.todolist/.ListActivity t1508})/@0xf02a819 - animation-bounds#0
05-11 19:19:02.916  1148  1197 I ActivityTaskManager: Displayed com.android.todolist/.ListActivity: +132ms
05-11 19:19:02.916  1148  1197 I Pageboost: Launch time gathered : pid 19306 com.android.todolist 132
05-11 19:19:02.925  1148  4436 D InputDispatcher: Focus entered window (0): c1b48ad com.android.todolist/com.android.todolist.ListActivity
05-11 19:19:02.930   801   801 D SurfaceFlinger:      DEVICE | 0x7adff2d200 | 0100 | RGBA_8888    |    0.0    4.0 1080.0 2400.0 |    0    0 1080 2396 | com.android.todolist/com.android.todolist.MainActivity$_19306#0
05-11 19:19:02.930   801   801 D SurfaceFlinger:      DEVICE | 0x7b79891f80 | 0102 | RGBA_8888    |    0.0    0.0 1080.0 1973.0 |    0  427 1080 2400 | com.android.todolist/com.android.todolist.ListActivity$_19306#0
05-11 19:19:02.936   801   801 D SurfaceFlinger:      DEVICE | 0x7adff2d200 | 0100 | RGBA_8888    |    0.0    8.0 1080.0 2400.0 |    0    0 1080 2392 | com.android.todolist/com.android.todolist.MainActivity$_19306#0
05-11 19:19:02.936   801   801 D SurfaceFlinger:      DEVICE | 0x7b79891f80 | 0102 | RGBA_8888    |    0.0    0.0 1080.0 1997.0 |    0  403 1080 2400 | com.android.todolist/com.android.todolist.ListActivity$_19306#0
05-11 19:19:03.221  1148  1201 I WindowManager: Reparenting to original parent: Surface(name=ActivityRecord{39f1b78 u0 com.android.todolist/.MainActivity t1508})/@0xa2b7f9, destroy=true, surface=Surface(name=Dim Layer for - ActivityRecord{39f1b78 u0 com.android.todolist/.MainActivity t1508} - animating-dim)/@0xafd1de1
05-11 19:19:03.237   801   801 I Layer   : id=110073 removeFromCurrentState Surface(name=Dim Layer for - ActivityRecord{39f1b78 u0 com.android.todolist/.MainActivity t1508} - animating-dim)/@0xafd1de1 - animation-leash of dimmer#0 (129)
05-11 19:19:03.238   801   801 I SurfaceFlinger: id=110073 Removed Surface(name=Dim Layer for - ActivityRecord{39f1b78 u0 com.android.todolist/.MainActivity t1508} - animating-dim)/@0xafd1de1 - animation-leash of dimmer#0 (129)
05-11 19:19:03.238   801   801 I Layer   : id=110073 Destroyed Surface(name=Dim Layer for - ActivityRecord{39f1b78 u0 com.android.todolist/.MainActivity t1508} - animating-dim)/@0xafd1de1 - animation-leash of dimmer#0
05-11 19:19:03.303   801   801 D SurfaceFlinger:      DEVICE | 0x7ad592c000 | 0102 | RGBA_8888    |    0.0    0.0 1080.0 2400.0 |    0    0 1080 2400 | com.android.todolist/com.android.todolist.ListActivity$_19306#0
05-11 19:19:03.314  1148  1201 I WindowManager: Reparenting to original parent: Surface(name=Task=1508)/@0xcba0696, destroy=true, surface=Surface(name=ActivityRecord{39f1b78 u0 com.android.todolist/.MainActivity t1508})/@0xa2b7f9
05-11 19:19:03.315  1148  1201 D WindowManager: clearDimAnimation owner = ActivityRecord{39f1b78 u0 com.android.todolist/.MainActivity t1508}, caller=com.android.server.wm.WindowContainer.onAnimationLeashLost:3123 com.android.server.wm.ActivityRecord.onAnimationLeashLost:7848 com.android.server.wm.SurfaceAnimator.removeLeash:426 
05-11 19:19:03.315  1148  1201 V WindowManager: Setting visibility of Window{8c5e28d u0 com.android.todolist/com.android.todolist.MainActivity}: false, caller=com.android.server.wm.WindowContainer.sendAppVisibilityToClients:1104 com.android.server.wm.WindowToken.setClientVisible:448 com.android.server.wm.ActivityRecord.setClientVisible:6985 com.android.server.wm.ActivityRecord.onAnimationFinished:7872 com.android.server.wm.WindowContainer$$ExternalSyntheticLambda0.onAnimationFinished:2 
05-11 19:19:03.316  1148  1201 I WindowManager: Reparenting to original parent: Surface(name=Task=1508)/@0xcba0696, destroy=true, surface=Surface(name=ActivityRecord{13ded00 u0 com.android.todolist/.ListActivity t1508})/@0xf02a819
05-11 19:19:03.322   801   801 I Layer   : id=110071 removeFromCurrentState Surface(name=ActivityRecord{39f1b78 u0 com.android.todolist/.MainActivity t1508})/@0xa2b7f9 - animation-leash of app_transition#0 (128)
05-11 19:19:03.322   801   801 I Layer   : id=110072 removeFromCurrentState Dim Layer for - ActivityRecord{39f1b78 u0 com.android.todolist/.MainActivity t1508} - animating-dim#0 (128)
05-11 19:19:03.323   801   801 I Layer   : id=110074 removeFromCurrentState Surface(name=ActivityRecord{39f1b78 u0 com.android.todolist/.MainActivity t1508})/@0xa2b7f9 - animation-bounds#0 (128)
05-11 19:19:03.323   801   801 I Layer   : id=110075 removeFromCurrentState Surface(name=ActivityRecord{13ded00 u0 com.android.todolist/.ListActivity t1508})/@0xf02a819 - animation-leash of app_transition#0 (128)
05-11 19:19:03.323   801   801 I Layer   : id=110076 removeFromCurrentState Surface(name=ActivityRecord{13ded00 u0 com.android.todolist/.ListActivity t1508})/@0xf02a819 - animation-bounds#0 (128)
05-11 19:19:03.323   801   801 I SurfaceFlinger: id=110072 Removed Dim Layer for - ActivityRecord{39f1b78 u0 com.android.todolist/.MainActivity t1508} - animating-dim#0 (128)
05-11 19:19:03.323   801   801 I SurfaceFlinger: id=110074 Removed Surface(name=ActivityRecord{39f1b78 u0 com.android.todolist/.MainActivity t1508})/@0xa2b7f9 - animation-bounds#0 (128)
05-11 19:19:03.323   801   801 I SurfaceFlinger: id=110076 Removed Surface(name=ActivityRecord{13ded00 u0 com.android.todolist/.ListActivity t1508})/@0xf02a819 - animation-bounds#0 (128)
05-11 19:19:03.323   801   801 I SurfaceFlinger: id=110075 Removed Surface(name=ActivityRecord{13ded00 u0 com.android.todolist/.ListActivity t1508})/@0xf02a819 - animation-leash of app_transition#0 (128)
05-11 19:19:03.323   801   801 I SurfaceFlinger: id=110071 Removed Surface(name=ActivityRecord{39f1b78 u0 com.android.todolist/.MainActivity t1508})/@0xa2b7f9 - animation-leash of app_transition#0 (128)
05-11 19:19:03.324   801   801 I Layer   : id=110072 Destroyed Dim Layer for - ActivityRecord{39f1b78 u0 com.android.todolist/.MainActivity t1508} - animating-dim#0
05-11 19:19:03.324   801   801 I Layer   : id=110074 Destroyed Surface(name=ActivityRecord{39f1b78 u0 com.android.todolist/.MainActivity t1508})/@0xa2b7f9 - animation-bounds#0
05-11 19:19:03.324   801   801 I Layer   : id=110071 Destroyed Surface(name=ActivityRecord{39f1b78 u0 com.android.todolist/.MainActivity t1508})/@0xa2b7f9 - animation-leash of app_transition#0
05-11 19:19:03.324   801   801 I Layer   : id=110076 Destroyed Surface(name=ActivityRecord{13ded00 u0 com.android.todolist/.ListActivity t1508})/@0xf02a819 - animation-bounds#0
05-11 19:19:03.324   801   801 I Layer   : id=110075 Destroyed Surface(name=ActivityRecord{13ded00 u0 com.android.todolist/.ListActivity t1508})/@0xf02a819 - animation-leash of app_transition#0
05-11 19:19:03.329  1148  4775 V WindowManager: Relayout Window{8c5e28d u0 com.android.todolist/com.android.todolist.MainActivity}: viewVisibility=8 req=1080x2400 d0
05-11 19:19:03.350  1148  4436 V WindowManager: Relayout Window{8c5e28d u0 com.android.todolist/com.android.todolist.MainActivity}: viewVisibility=8 req=1080x2400 d0
05-11 19:19:03.363  1148  4436 E WindowManager: win=Window{8c5e28d u0 com.android.todolist/com.android.todolist.MainActivity} destroySurfaces: appStopped=true win.mWindowRemovalAllowed=false win.mRemoveOnExit=false win.mViewVisibility=8 caller=com.android.server.wm.ActivityRecord.destroySurfaces:5842 com.android.server.wm.ActivityRecord.destroySurfaces:5823 com.android.server.wm.ActivityRecord.notifyAppStopped:5887 com.android.server.wm.ActivityRecord.activityStopped:6513 com.android.server.wm.ActivityClientController.activityStopped:253 android.app.IActivityClientController$Stub.onTransact:596 com.android.server.wm.ActivityClientController.onTransact:129 
05-11 19:19:03.364  1148  4436 I WindowManager: Destroying surface Surface(name=com.android.todolist/com.android.todolist.MainActivity$_19306)/@0x2e52b53 called by com.android.server.wm.WindowStateAnimator.destroySurface:987 com.android.server.wm.WindowStateAnimator.destroySurfaceLocked:518 com.android.server.wm.WindowState.destroySurfaceUnchecked:4229 com.android.server.wm.WindowState.destroySurface:4203 com.android.server.wm.ActivityRecord.destroySurfaces:5842 com.android.server.wm.ActivityRecord.destroySurfaces:5823 com.android.server.wm.ActivityRecord.notifyAppStopped:5887 com.android.server.wm.ActivityRecord.activityStopped:6513 
05-11 19:19:03.373   801   801 I Layer   : id=110054 removeFromCurrentState com.android.todolist/com.android.todolist.MainActivity$_19306#0 (122)
05-11 19:19:03.375   801   834 I SurfaceFlinger: id=110054 Removed com.android.todolist/com.android.todolist.MainActivity$_19306#0 (122)
05-11 19:19:03.382   801   801 I Layer   : id=110054 Destroyed com.android.todolist/com.android.todolist.MainActivity$_19306#0
05-11 19:19:03.437  1148  1200 D SGM:GameManager: identifyForegroundApp. com.android.todolist, mCurrentUserId: 0, callerUserId: 0
05-11 19:19:03.437  1148  1200 D SGM:PkgDataHelper: getGamePkgData(). com.android.todolist
05-11 19:19:04.134 19306 19306 I IMM_LC  : ssi() - flag : 1 view : com.android.todolist reason = SHOW_SOFT_INPUT
05-11 19:19:04.155  4849  4849 I HBD     : HoneyBoardService onStartInputView : restarting = false, client = com.android.todolist 
05-11 19:19:04.169  1148  2090 D ContentCapturePerUserService: Notified activity assist data for activity: Token{7752783 ActivityRecord{13ded00 u0 com.android.todolist/.ListActivity t1508}} without a session Id
05-11 19:19:04.234 19306 19306 D InsetsSourceConsumer: setRequestedVisible: visible=true, type=19, host=com.android.todolist/com.android.todolist.ListActivity, from=android.view.InsetsSourceConsumer.show:235 android.view.InsetsController.showDirectly:1489 android.view.InsetsController.controlAnimationUnchecked:1137 android.view.InsetsController.applyAnimation:1456 android.view.InsetsController.applyAnimation:1437 android.view.InsetsController.show:976 android.view.ViewRootImpl$ViewRootHandler.handleMessageImpl:6457 android.view.ViewRootImpl$ViewRootHandler.handleMessage:6382 android.os.Handler.dispatchMessage:106 android.os.Looper.loopOnce:226 
05-11 19:19:04.235  1148  2079 D InsetsSourceProvider: updateVisibility: serverVisible=true, clientVisible=true, source=InsetsSource: {mType=ITYPE_IME, mFrame=[0,1374][1080,2400], mVisible=true, mWindowFrame=[0,0][0,0]}, controlTarget=Window{c1b48ad u0 com.android.todolist/com.android.todolist.ListActivity}, from=com.android.server.wm.ImeInsetsSourceProvider.updateVisibility:89 com.android.server.wm.InsetsSourceProvider.setClientVisible:428 com.android.server.wm.InsetsSourceProvider.updateClientVisibility:413 com.android.server.wm.InsetsStateController.onInsetsModified:508 com.android.server.wm.InsetsPolicy.onInsetsModified:510 com.android.server.wm.Session.insetsModified:704 android.view.IWindowSession$Stub.onTransact:1256 com.android.server.wm.Session.onTransact:176 android.os.Binder.execTransactInternal:1220 android.os.Binder.execTransact:1179 
05-11 19:19:04.265   801   801 D SurfaceFlinger:      DEVICE | 0x7b79891f80 | 0102 | RGBA_8888    |    0.0    0.0 1080.0 2400.0 |    0    0 1080 2400 | com.android.todolist/com.android.todolist.ListActivity$_19306#0
05-11 19:19:04.273  3544  3544 I SSS:HintsManager: getEntityTypeFromResourceMap map: com.android.todolist.ListActivity_com.android.todolist_newItem, value: null
05-11 19:19:04.510   801   801 D SurfaceFlinger:      DEVICE | 0x7adff2a8c0 | 0102 | RGBA_8888    |    0.0    0.0 1080.0 2400.0 |    0    0 1080 2400 | com.android.todolist/com.android.todolist.ListActivity$_19306#0
05-11 19:19:04.799  1148  4436 W NotificationService: Toast already killed. pkg=com.android.todolist token=android.os.BinderProxy@3df4e1c
05-11 19:19:05.316   801   801 D SurfaceFlinger:      DEVICE | 0x7adff2a8c0 | 0102 | RGBA_8888    |    0.0    0.0 1080.0 2400.0 |    0    0 1080 2400 | com.android.todolist/com.android.todolist.ListActivity$_19306#0
05-11 19:19:05.802 19306 19306 I IMM_LC  : hsifw() - flags=0, caller=android.view.inputmethod.InputMethodManager.hideSoftInputFromWindow:1846 android.view.inputmethod.InputMethodManager.hideSoftInputFromWindow:1815 com.android.todolist.ListActivity$onCreate$4.onClick:71 android.view.View.performClick:7792 android.view.View.performClickInternal:7769 
05-11 19:19:05.836 19306 19306 D InsetsSourceConsumer: setRequestedVisible: visible=false, type=19, host=com.android.todolist/com.android.todolist.ListActivity, from=android.view.InsetsSourceConsumer.hide:242 android.view.ImeInsetsSourceConsumer.hide:68 android.view.ImeInsetsSourceConsumer.hide:74 android.view.InsetsController.hideDirectly:1473 android.view.InsetsController.controlAnimationUnchecked:1139 android.view.InsetsController.applyAnimation:1456 android.view.InsetsController.applyAnimation:1437 android.view.InsetsController.hide:1006 android.view.ViewRootImpl$ViewRootHandler.handleMessageImpl:6461 android.view.ViewRootImpl$ViewRootHandler.handleMessage:6382 
05-11 19:19:05.838  1148  2090 D InsetsSourceProvider: updateVisibility: serverVisible=true, clientVisible=false, source=InsetsSource: {mType=ITYPE_IME, mFrame=[0,1374][1080,2400], mVisible=false, mWindowFrame=[0,0][0,0]}, controlTarget=Window{c1b48ad u0 com.android.todolist/com.android.todolist.ListActivity}, from=com.android.server.wm.ImeInsetsSourceProvider.updateVisibility:89 com.android.server.wm.InsetsSourceProvider.setClientVisible:428 com.android.server.wm.InsetsSourceProvider.updateClientVisibility:413 com.android.server.wm.InsetsStateController.onInsetsModified:508 com.android.server.wm.InsetsPolicy.onInsetsModified:510 com.android.server.wm.Session.insetsModified:704 android.view.IWindowSession$Stub.onTransact:1256 com.android.server.wm.Session.onTransact:176 android.os.Binder.execTransactInternal:1220 android.os.Binder.execTransact:1179 
05-11 19:19:06.058   801   801 D SurfaceFlinger:      DEVICE | 0x7b79891f80 | 0102 | RGBA_8888    |    0.0    0.0 1080.0 2400.0 |    0    0 1080 2400 | com.android.todolist/com.android.todolist.ListActivity$_19306#0
05-11 19:19:06.170   801   801 D SurfaceFlinger:      DEVICE | 0x7b79891f80 | 0102 | RGBA_8888    |    0.0    0.0 1080.0 2400.0 |    0    0 1080 2400 | com.android.todolist/com.android.todolist.ListActivity$_19306#0
05-11 19:19:06.316  1148  1200 D SGM:GameManager: identifyForegroundApp. com.android.todolist, mCurrentUserId: 0, callerUserId: 0
05-11 19:19:06.316  1148  1200 D SGM:PkgDataHelper: getGamePkgData(). com.android.todolist
05-11 19:19:08.012 19306 19306 I IMM_LC  : ssi() - flag : 1 view : com.android.todolist reason = SHOW_SOFT_INPUT
05-11 19:19:08.022  4849  4849 I HBD     : HoneyBoardService onStartInputView : restarting = false, client = com.android.todolist 
05-11 19:19:08.037  3544  3544 I SSS:HintsManager: getEntityTypeFromResourceMap map: com.android.todolist.ListActivity_com.android.todolist_newItem, value: null
05-11 19:19:08.086 19306 19306 D InsetsSourceConsumer: setRequestedVisible: visible=true, type=19, host=com.android.todolist/com.android.todolist.ListActivity, from=android.view.InsetsSourceConsumer.show:235 android.view.InsetsController.showDirectly:1489 android.view.InsetsController.controlAnimationUnchecked:1137 android.view.InsetsController.applyAnimation:1456 android.view.InsetsController.applyAnimation:1437 android.view.InsetsController.show:976 android.view.ViewRootImpl$ViewRootHandler.handleMessageImpl:6457 android.view.ViewRootImpl$ViewRootHandler.handleMessage:6382 android.os.Handler.dispatchMessage:106 android.os.Looper.loopOnce:226 
05-11 19:19:08.087  1148  1172 D InsetsSourceProvider: updateVisibility: serverVisible=true, clientVisible=true, source=InsetsSource: {mType=ITYPE_IME, mFrame=[0,1374][1080,2400], mVisible=true, mWindowFrame=[0,0][0,0]}, controlTarget=Window{c1b48ad u0 com.android.todolist/com.android.todolist.ListActivity}, from=com.android.server.wm.ImeInsetsSourceProvider.updateVisibility:89 com.android.server.wm.InsetsSourceProvider.setClientVisible:428 com.android.server.wm.InsetsSourceProvider.updateClientVisibility:413 com.android.server.wm.InsetsStateController.onInsetsModified:508 com.android.server.wm.InsetsPolicy.onInsetsModified:510 com.android.server.wm.Session.insetsModified:704 android.view.IWindowSession$Stub.onTransact:1256 com.android.server.wm.Session.onTransact:176 android.os.Binder.execTransactInternal:1220 android.os.Binder.execTransact:1179 
05-11 19:19:08.116   801   801 D SurfaceFlinger:      DEVICE | 0x7adff2a8c0 | 0102 | RGBA_8888    |    0.0    0.0 1080.0 2400.0 |    0    0 1080 2400 | com.android.todolist/com.android.todolist.ListActivity$_19306#0
05-11 19:19:08.368   801   801 D SurfaceFlinger:      DEVICE | 0x7ad592c000 | 0102 | RGBA_8888    |    0.0    0.0 1080.0 2400.0 |    0    0 1080 2400 | com.android.todolist/com.android.todolist.ListActivity$_19306#0
05-11 19:19:10.421  1148  2581 D FreecessController: com.android.todolist(10466) is important[13]
05-11 19:19:10.555 19306 19306 I IMM_LC  : hsifw() - flags=0, caller=android.view.inputmethod.InputMethodManager.hideSoftInputFromWindow:1846 android.view.inputmethod.InputMethodManager.hideSoftInputFromWindow:1815 com.android.todolist.ListActivity$onCreate$4.onClick:71 android.view.View.performClick:7792 android.view.View.performClickInternal:7769 
05-11 19:19:10.586 19306 19306 D InsetsSourceConsumer: setRequestedVisible: visible=false, type=19, host=com.android.todolist/com.android.todolist.ListActivity, from=android.view.InsetsSourceConsumer.hide:242 android.view.ImeInsetsSourceConsumer.hide:68 android.view.ImeInsetsSourceConsumer.hide:74 android.view.InsetsController.hideDirectly:1473 android.view.InsetsController.controlAnimationUnchecked:1139 android.view.InsetsController.applyAnimation:1456 android.view.InsetsController.applyAnimation:1437 android.view.InsetsController.hide:1006 android.view.ViewRootImpl$ViewRootHandler.handleMessageImpl:6461 android.view.ViewRootImpl$ViewRootHandler.handleMessage:6382 
05-11 19:19:10.587  1148  4775 D InsetsSourceProvider: updateVisibility: serverVisible=true, clientVisible=false, source=InsetsSource: {mType=ITYPE_IME, mFrame=[0,1374][1080,2400], mVisible=false, mWindowFrame=[0,0][0,0]}, controlTarget=Window{c1b48ad u0 com.android.todolist/com.android.todolist.ListActivity}, from=com.android.server.wm.ImeInsetsSourceProvider.updateVisibility:89 com.android.server.wm.InsetsSourceProvider.setClientVisible:428 com.android.server.wm.InsetsSourceProvider.updateClientVisibility:413 com.android.server.wm.InsetsStateController.onInsetsModified:508 com.android.server.wm.InsetsPolicy.onInsetsModified:510 com.android.server.wm.Session.insetsModified:704 android.view.IWindowSession$Stub.onTransact:1256 com.android.server.wm.Session.onTransact:176 android.os.Binder.execTransactInternal:1220 android.os.Binder.execTransact:1179 
05-11 19:19:10.806   801   801 D SurfaceFlinger:      DEVICE | 0x7ad592c000 | 0102 | RGBA_8888    |    0.0    0.0 1080.0 2400.0 |    0    0 1080 2400 | com.android.todolist/com.android.todolist.ListActivity$_19306#0
05-11 19:19:10.919   801   801 D SurfaceFlinger:      DEVICE | 0x7ad592c000 | 0102 | RGBA_8888    |    0.0    0.0 1080.0 2400.0 |    0    0 1080 2400 | com.android.todolist/com.android.todolist.ListActivity$_19306#0
05-11 19:19:11.071  1148  1200 D SGM:GameManager: identifyForegroundApp. com.android.todolist, mCurrentUserId: 0, callerUserId: 0
05-11 19:19:11.071  1148  1200 D SGM:PkgDataHelper: getGamePkgData(). com.android.todolist
05-11 19:19:11.587  1148  1551 D MARsPolicyManager: onPackageResumedFG pkgName = com.android.todolist, userId = 0
05-11 19:19:11.588  1148  1551 V WindowManager: Setting visibility of Window{8c5e28d u0 com.android.todolist/com.android.todolist.MainActivity}: true, caller=com.android.server.wm.WindowContainer.sendAppVisibilityToClients:1104 com.android.server.wm.WindowToken.setClientVisible:448 com.android.server.wm.ActivityRecord.setClientVisible:6985 com.android.server.wm.ActivityRecord.setVisibility:5424 com.android.server.wm.ActivityRecord.setVisibility:5319 
05-11 19:19:11.590  1148  1551 V WindowManager: Changing focus from Window{c1b48ad u0 com.android.todolist/com.android.todolist.ListActivity} to null displayId=0 Callers=com.android.server.wm.RootWindowContainer.updateFocusedWindowLocked:583 com.android.server.wm.WindowManagerService.updateFocusedWindowLocked:6461 com.android.server.wm.ActivityTaskManagerService.setResumedActivityUncheckLocked:5470 com.android.server.wm.Task.onActivityStateChanged:2885 
05-11 19:19:11.592  1148  1551 D WindowManager: rotationForOrientation, orientationSource=ActivityRecord{39f1b78 u0 com.android.todolist/.MainActivity t1508}
05-11 19:19:11.593  1148  1551 D WindowManager: rotationForOrientation, orientationSource=ActivityRecord{39f1b78 u0 com.android.todolist/.MainActivity t1508}
05-11 19:19:11.594  1148  1551 D WindowManager: rotationForOrientation, orientationSource=ActivityRecord{39f1b78 u0 com.android.todolist/.MainActivity t1508}
05-11 19:19:11.599  1148  1200 D SGM:GameManager: notePauseComponent(), received pkgName: com.android.todolist, userId: 0
05-11 19:19:11.599   801   801 I SurfaceFlinger: [c1b48ad com.android.todolist/com.android.todolist.ListActivity#0] FrameRatePriority: -1
05-11 19:19:11.600  1148  1551 D InputDispatcher: Focus left window (0): c1b48ad com.android.todolist/com.android.todolist.ListActivity
05-11 19:19:11.603  1148  1200 I GameSDK@LifeCycle: noteResumeComponent(): package name  : com.android.todolist
05-11 19:19:11.603  1148  1200 D SGM:GameManager: noteResumeComponent(), received pkgName: com.android.todolist, userId: 0
05-11 19:19:11.604  1148  1387 D SGM:GameManager: onLooperPrepared(), msg: MSG_APP_RESUME, pkgName: com.android.todolist, userid: 0
05-11 19:19:11.606 22649 22649 I Utils   : HomePackage : com.sec.android.app.launcher, resumePackageName : com.android.todolist
05-11 19:19:11.609  1148  1551 V WindowManager: Relayout Window{8c5e28d u0 com.android.todolist/com.android.todolist.MainActivity}: viewVisibility=0 req=1080x2400 d0
05-11 19:19:11.609   801  2149 I SurfaceFlinger: id=110085 createSurf (1080x2400),-3 flag=40004, com.android.todolist/com.android.todolist.MainActivity$_19306#0
05-11 19:19:11.610  1148  1551 D WindowManager: makeSurface duration=1 name=com.android.todolist/com.android.todolist.MainActivity$_19306
05-11 19:19:11.612  1148  1551 V WindowManager: Changing focus from null to Window{8c5e28d u0 com.android.todolist/com.android.todolist.MainActivity} displayId=0 Callers=com.android.server.wm.RootWindowContainer.updateFocusedWindowLocked:583 com.android.server.wm.WindowManagerService.updateFocusedWindowLocked:6461 com.android.server.wm.WindowManagerService.relayoutWindow:2746 com.android.server.wm.Session.relayout:242 
05-11 19:19:11.624   801   801 I SurfaceFlinger: [8c5e28d com.android.todolist/com.android.todolist.MainActivity#0] FrameRatePriority: 1
05-11 19:19:11.625  1148  1551 D InputDispatcher: Focus request (0): 8c5e28d com.android.todolist/com.android.todolist.MainActivity but waiting because NOT_VISIBLE
05-11 19:19:11.634  1148  4775 D WindowManager: finishDrawingWindow: Window{8c5e28d u0 com.android.todolist/com.android.todolist.MainActivity} mDrawState=DRAW_PENDING
05-11 19:19:11.638  1148  1201 I WindowManager: Reparenting to leash, surface=Surface(name=ActivityRecord{13ded00 u0 com.android.todolist/.ListActivity t1508})/@0xf02a819, leashParent=Surface(name=Task=1508)/@0xcba0696
05-11 19:19:11.638   801  2551 I SurfaceFlinger: id=110088 createSurf (0x0),-1 flag=24000, Surface(name=ActivityRecord{13ded00 u0 com.android.todolist/.ListActivity t1508})/@0xf02a819 - animation-leash of app_transition#0
05-11 19:19:11.639  1148  1201 D WindowManager: makeSurface duration=2 leash=Surface(name=Surface(name=ActivityRecord{13ded00 u0 com.android.todolist/.ListActivity t1508})/@0xf02a819 - animation-leash of app_transition)/@0xf357c86
05-11 19:19:11.640   801  2551 I SurfaceFlinger: id=110089 createSurf (0x0),-1 flag=80004, Surface(name=ActivityRecord{13ded00 u0 com.android.todolist/.ListActivity t1508})/@0xf02a819 - animation-bounds#0
05-11 19:19:11.642  1148  1201 I WindowManager: Reparenting to leash, surface=Surface(name=ActivityRecord{39f1b78 u0 com.android.todolist/.MainActivity t1508})/@0xa2b7f9, leashParent=Surface(name=Task=1508)/@0xcba0696
05-11 19:19:11.642   801  2551 I SurfaceFlinger: id=110090 createSurf (0x0),-1 flag=24004, Surface(name=ActivityRecord{39f1b78 u0 com.android.todolist/.MainActivity t1508})/@0xa2b7f9 - animation-leash of app_transition#0
05-11 19:19:11.643  1148  1201 D WindowManager: makeSurface duration=2 leash=Surface(name=Surface(name=ActivityRecord{39f1b78 u0 com.android.todolist/.MainActivity t1508})/@0xa2b7f9 - animation-leash of app_transition)/@0xcb59a9d
05-11 19:19:11.644   801  2149 I SurfaceFlinger: id=110091 createSurf (0x0),-1 flag=80004, Surface(name=ActivityRecord{39f1b78 u0 com.android.todolist/.MainActivity t1508})/@0xa2b7f9 - animation-bounds#0
05-11 19:19:11.650  1148  2032 D InputDispatcher: Focus entered window (0): 8c5e28d com.android.todolist/com.android.todolist.MainActivity
05-11 19:19:11.672   801   801 D SurfaceFlinger:      DEVICE | 0x7ad535a400 | 0100 | RGBA_8888    |    0.0   74.0 1080.0 2400.0 |    0    0 1080 2326 | com.android.todolist/com.android.todolist.MainActivity$_19306#0
05-11 19:19:11.672   801   801 D SurfaceFlinger:      DEVICE | 0x7ad592c640 | 0102 | RGBA_8888    |    0.0    0.0 1080.0 2398.0 |    0    2 1080 2400 | com.android.todolist/com.android.todolist.ListActivity$_19306#0
05-11 19:19:11.779   801   801 D SurfaceFlinger:      DEVICE | 0x7ad535a400 | 0100 | RGBA_8888    |    0.0   19.0 1080.0 2400.0 |    0    0 1080 2381 | com.android.todolist/com.android.todolist.MainActivity$_19306#0
05-11 19:19:11.946  1148  1201 I WindowManager: Reparenting to original parent: Surface(name=Task=1508)/@0xcba0696, destroy=true, surface=Surface(name=ActivityRecord{13ded00 u0 com.android.todolist/.ListActivity t1508})/@0xf02a819
05-11 19:19:11.946  1148  1201 V WindowManager: Setting visibility of Window{c1b48ad u0 com.android.todolist/com.android.todolist.ListActivity}: false, caller=com.android.server.wm.WindowContainer.sendAppVisibilityToClients:1104 com.android.server.wm.WindowToken.setClientVisible:448 com.android.server.wm.ActivityRecord.setClientVisible:6985 com.android.server.wm.ActivityRecord.onAnimationFinished:7872 com.android.server.wm.WindowContainer$$ExternalSyntheticLambda0.onAnimationFinished:2 
05-11 19:19:11.947  1148  1201 I WindowManager: Reparenting to original parent: Surface(name=Task=1508)/@0xcba0696, destroy=true, surface=Surface(name=ActivityRecord{39f1b78 u0 com.android.todolist/.MainActivity t1508})/@0xa2b7f9
05-11 19:19:11.954   801   801 I Layer   : id=110088 removeFromCurrentState Surface(name=ActivityRecord{13ded00 u0 com.android.todolist/.ListActivity t1508})/@0xf02a819 - animation-leash of app_transition#0 (123)
05-11 19:19:11.954   801   801 I Layer   : id=110090 removeFromCurrentState Surface(name=ActivityRecord{39f1b78 u0 com.android.todolist/.MainActivity t1508})/@0xa2b7f9 - animation-leash of app_transition#0 (123)
05-11 19:19:11.954   801   801 I Layer   : id=110024 removeFromCurrentState ActivityRecord{39f1b78 u0 com.android.todolist/.MainActivity t1508}#0 (123)
