05-11 18:21:34.354  1148  2079 D WindowManager: 	container=Task{2201aed #1503 type=standard A=10466:com.android.todolist U=0 visible=true mode=fullscreen translucent=false sz=1}
05-11 18:21:34.492  1148  1200 D SGM:GameManager: identifyForegroundApp. com.android.todolist, mCurrentUserId: 0, callerUserId: 0
05-11 18:21:34.492  1148  1200 D SGM:PkgDataHelper: getGamePkgData(). com.android.todolist
05-11 18:21:34.534  1148  1619 D MdnieScenarioControlService:  packageName : com.android.todolist    className : com.android.todolist.MainActivity
05-11 18:21:36.176  1148  1198 D WindowManager: rotationForOrientation, orientationSource=ActivityRecord{71ed504 u0 com.android.todolist/.MainActivity t1503}
05-11 18:21:36.955  1148  1226 W WindowManager: allSleep is false, displayId=0, task=Task{2201aed #1503 type=standard A=10466:com.android.todolist U=0 visible=true mode=fullscreen translucent=false sz=1}, caller=com.android.server.wm.RootWindowContainer$$ExternalSyntheticLambda37.accept:8 com.android.server.wm.Task.forAllRootTasks:5164 com.android.server.wm.WindowContainer.forAllRootTasks:1878 
05-11 18:21:36.955  1148  1226 W WindowManager: putStacksToSleep, mResumedActivity=null, mPausingActivity=ActivityRecord{71ed504 u0 com.android.todolist/.MainActivity t1503}
05-11 18:21:36.959  1148  2032 V WindowManager: Changing focus from Window{e89b11 u0 com.android.todolist/com.android.todolist.MainActivity} to null displayId=0 Callers=com.android.server.wm.RootWindowContainer.updateFocusedWindowLocked:583 com.android.server.wm.WindowManagerService.updateFocusedWindowLocked:6461 com.android.server.wm.ActivityRecord.commitVisibility:5546 com.android.server.wm.ActivityRecord.setVisibility:5485 
05-11 18:21:36.959  1148  2032 D MARsPolicyManager: onPackageResumedFG pkgName = com.android.todolist, userId = 0
05-11 18:21:36.961  1148  2032 V WindowManager: Setting visibility of Window{e89b11 u0 com.android.todolist/com.android.todolist.MainActivity}: false, caller=com.android.server.wm.WindowContainer.sendAppVisibilityToClients:1104 com.android.server.wm.WindowToken.setClientVisible:448 com.android.server.wm.ActivityRecord.setClientVisible:6985 com.android.server.wm.ActivityRecord.onAnimationFinished:7872 com.android.server.wm.ActivityRecord.postApplyAnimation:5573 
05-11 18:21:37.000  1148  1200 D SGM:GameManager: notePauseComponent(), received pkgName: com.android.todolist, userId: 0
05-11 18:21:37.033  1148  2079 E WindowManager: win=Window{e89b11 u0 com.android.todolist/com.android.todolist.MainActivity} destroySurfaces: appStopped=true win.mWindowRemovalAllowed=false win.mRemoveOnExit=false win.mViewVisibility=8 caller=com.android.server.wm.ActivityRecord.destroySurfaces:5842 com.android.server.wm.ActivityRecord.destroySurfaces:5823 com.android.server.wm.ActivityRecord.notifyAppStopped:5887 com.android.server.wm.ActivityRecord.activityStopped:6513 com.android.server.wm.ActivityClientController.activityStopped:253 android.app.IActivityClientController$Stub.onTransact:596 com.android.server.wm.ActivityClientController.onTransact:129 
05-11 18:21:37.033  1148  2079 I WindowManager: Destroying surface Surface(name=com.android.todolist/com.android.todolist.MainActivity$_3310)/@0x274c6ad called by com.android.server.wm.WindowStateAnimator.destroySurface:987 com.android.server.wm.WindowStateAnimator.destroySurfaceLocked:518 com.android.server.wm.WindowState.destroySurfaceUnchecked:4229 com.android.server.wm.WindowState.destroySurface:4203 com.android.server.wm.ActivityRecord.destroySurfaces:5842 com.android.server.wm.ActivityRecord.destroySurfaces:5823 com.android.server.wm.ActivityRecord.notifyAppStopped:5887 com.android.server.wm.ActivityRecord.activityStopped:6513 
05-11 18:21:37.668  1148  2095 D SGM:GameManager: identifyForegroundApp. com.android.todolist, mCurrentUserId: 0, callerUserId: 0
05-11 18:21:37.668  1148  2095 D SGM:PkgDataHelper: getGamePkgData(). com.android.todolist
05-11 18:21:37.726  1148  2258 D SGM:GameManager: identifyForegroundApp. com.android.todolist, mCurrentUserId: 0, callerUserId: 0
05-11 18:21:37.726  1148  2258 D SGM:PkgDataHelper: getGamePkgData(). com.android.todolist
05-11 18:22:45.328  1148  1221 D FreecessController: FZ : com.android.todolist(3310)
05-11 18:22:45.332  1148  1221 D FreecessController: FZ : com.android.todolist(0), reason: LEV
05-11 18:25:00.724  1148  2577 D FreecessController: UFZ : com.android.todolist(3310)
05-11 18:25:00.727  1148  2577 D FreecessController: UFZ : com.android.todolist(0), reason: Binder(1)-android.view.accessibility.IAccessibilityM
05-11 18:25:00.890  1148  1221 D FreecessController: FZ : com.android.todolist(3310)
05-11 18:25:00.891  1148  1221 D FreecessController: FZ : com.android.todolist(0), reason: LEV
05-11 18:25:01.568  1148  2577 D FreecessController: UFZ : com.android.todolist(3310)
05-11 18:25:01.570  1148  2577 D FreecessController: UFZ : com.android.todolist(0), reason: Binder(1)-android.view.accessibility.IAccessibilityM
05-11 18:25:15.962  1148  1221 D MARs:ActiveTrafficFilter: filter : com.android.todolist(0)
05-11 18:25:31.012  1148  1221 D FreecessController: FZ : com.android.todolist(3310)
05-11 18:25:31.014  1148  1221 D FreecessController: FZ : com.android.todolist(0), reason: LEV
05-11 18:25:46.102  1148  1221 D MARs:ActiveTrafficFilter: filter : com.android.todolist(0)
05-11 18:26:08.984  1148  2577 D FreecessController: UFZ : com.android.todolist(3310)
05-11 18:26:08.987  1148  2577 D FreecessController: UFZ : com.android.todolist(0), reason: Binder(1)-android.view.accessibility.IAccessibilityMu?
05-11 18:26:16.207  1148  1221 D MARs:ActiveTrafficFilter: filter : com.android.todolist(0)
05-11 18:26:31.257  1148  1221 D FreecessController: FZ : com.android.todolist(3310)
05-11 18:26:31.259  1148  1221 D FreecessController: FZ : com.android.todolist(0), reason: LEV
05-11 18:26:34.916  1148  2577 D FreecessController: UFZ : com.android.todolist(3310)
05-11 18:26:34.918  1148  2577 D FreecessController: UFZ : com.android.todolist(0), reason: Binder(1)-android.view.accessibility.IAccessibilityM
05-11 18:26:46.318  1148  1221 D MARs:ActiveTrafficFilter: filter : com.android.todolist(0)
05-11 18:27:01.379  1148  1221 D FreecessController: FZ : com.android.todolist(3310)
05-11 18:27:01.382  1148  1221 D FreecessController: FZ : com.android.todolist(0), reason: LEV
05-11 18:27:12.566  1148  2577 D FreecessController: UFZ : com.android.todolist(3310)
05-11 18:27:12.568  1148  2577 D FreecessController: UFZ : com.android.todolist(0), reason: Binder(1)-android.view.accessibility.IAccessibilityM
05-11 18:27:16.464  1148  1221 D MARs:ActiveTrafficFilter: filter : com.android.todolist(0)
05-11 18:27:19.209  1148  2562 D PkgPredictorService-IpmNapPreloadController: app:0_&_com.android.chrome die, remove from <launchTime:2022-05-11 18:21:33 hour:18 day:4 previous:[com.android.todolist, com.sec.android.gallery3d, com.android.todolist] running:com.android.todolist/com.android.todolist.MainActivity apkVersion:1.0 userId:0 screenOrientation:1 wifi:3 bt:10 predictTime:4 launching Time:103 predicted:true prediction:[0_&_com.android.chrome, 0_&_com.sec.android.gallery3d, 0_&_com.google.android.youtube] preloaded:true preloading:[0_&_com.android.chrome]>
05-11 18:27:31.495  1148  1221 D MARs:ActiveTrafficFilter: filter : com.android.todolist(0)
05-11 18:27:46.561  1148  1221 D FreecessController: FZ : com.android.todolist(3310)
05-11 18:27:46.564  1148  1221 D FreecessController: FZ : com.android.todolist(0), reason: LEV
05-11 18:29:40.901  1148  1148 D FreecessController: UFZ : com.android.todolist(3310)
05-11 18:29:40.928  1148  1148 D FreecessController: UFZ : com.android.todolist(0), reason: TopApp-ScreenOn
05-11 18:29:40.936  1148  1148 D SGM:GameManager: identifyGamePackage. com.android.todolist, mCurrentUserId: 0, callerUserId: 0, callingMethodInfo: com.android.server.ssrm.SortingMachine.isGame(SortingMachine.java:162)
05-11 18:29:40.936  1148  1148 D SGM:PkgDataHelper: getGamePkgData(). com.android.todolist
05-11 18:29:46.970  1148  7366 D SGM:GameManager: identifyGamePackage. com.android.todolist, mCurrentUserId: 0, callerUserId: 0, callingMethodInfo: com.android.server.ssrm.SortingMachine.isGame(SortingMachine.java:162)
05-11 18:29:46.970  1148  7366 D SGM:PkgDataHelper: getGamePkgData(). com.android.todolist
05-11 18:29:49.789  1148  3919 D SGM:GameManager: identifyForegroundApp. com.android.todolist, mCurrentUserId: 0, callerUserId: 0
05-11 18:29:49.790  1148  3919 D SGM:PkgDataHelper: getGamePkgData(). com.android.todolist
05-11 18:29:49.907  1148  3686 D SGM:GameManager: identifyForegroundApp. com.android.todolist, mCurrentUserId: 0, callerUserId: 0
05-11 18:29:49.907  1148  3686 D SGM:PkgDataHelper: getGamePkgData(). com.android.todolist
05-11 18:30:02.633  1148  1148 D SGM:GameManager: identifyGamePackage. com.android.todolist, mCurrentUserId: 0, callerUserId: 0, callingMethodInfo: com.android.server.ssrm.SortingMachine.isGame(SortingMachine.java:162)
05-11 18:30:02.633  1148  1148 D SGM:PkgDataHelper: getGamePkgData(). com.android.todolist
05-11 18:30:02.634  1148  1221 D FreecessController: It has not been able to freeze yet. name=com.android.todolist, uid=10466
05-11 18:30:08.662  1148  7366 D SGM:GameManager: identifyGamePackage. com.android.todolist, mCurrentUserId: 0, callerUserId: 0, callingMethodInfo: com.android.server.ssrm.SortingMachine.isGame(SortingMachine.java:162)
05-11 18:30:08.662  1148  7366 D SGM:PkgDataHelper: getGamePkgData(). com.android.todolist
05-11 18:30:09.903  1148  1440 D MARsPolicyManager: onPackageResumedFG pkgName = com.android.todolist, userId = 0
05-11 18:30:09.905  1148  1440 V WindowManager: Setting visibility of Window{e89b11 u0 com.android.todolist/com.android.todolist.MainActivity}: true, caller=com.android.server.wm.WindowContainer.sendAppVisibilityToClients:1104 com.android.server.wm.WindowToken.setClientVisible:448 com.android.server.wm.ActivityRecord.setClientVisible:6985 com.android.server.wm.ActivityRecord.setVisibility:5424 com.android.server.wm.ActivityRecord.setVisibility:5319 
05-11 18:30:09.907  1148  1440 D WindowManager: rotationForOrientation, orientationSource=ActivityRecord{71ed504 u0 com.android.todolist/.MainActivity t1503}
05-11 18:30:09.908  1148  1440 D WindowManager: rotationForOrientation, orientationSource=ActivityRecord{71ed504 u0 com.android.todolist/.MainActivity t1503}
05-11 18:30:09.913  1148  1440 D WindowManager: rotationForOrientation, orientationSource=ActivityRecord{71ed504 u0 com.android.todolist/.MainActivity t1503}
05-11 18:30:09.923  1148  1440 D WindowManager: rotationForOrientation, orientationSource=ActivityRecord{71ed504 u0 com.android.todolist/.MainActivity t1503}
05-11 18:30:09.928  1148  2866 V WindowManager: Relayout Window{e89b11 u0 com.android.todolist/com.android.todolist.MainActivity}: viewVisibility=4 req=1080x2400 d0
05-11 18:30:09.928  1148  1200 I GameSDK@LifeCycle: noteResumeComponent(): package name  : com.android.todolist
05-11 18:30:09.931  1562  1735 D StartingSurfaceDrawer: addTaskSnapshotStartingWindow: snapshot=TaskSnapshot{ mId=1652282496961 mTopActivityComponent=com.android.todolist/.MainActivity mSnapshot=android.hardware.HardwareBuffer@d4511f8 (1080x2400) mColorSpace=sRGB IEC61966-2.1 (id=0, model=RGB) mOrientation=1 mRotation=0 mTaskSize=Point(1080, 2400) mContentInsets=[0,88][0,144] mIsLowResolution=false mIsRealSnapshot=true mWindowingMode=1 mAppearance=16 mIsTranslucent=false mHasImeSurface=false desc=TaskDescription Label: null Icon: null IconFilename: null colorPrimary: -16743049 colorBackground: -328966 statusBarColor: -16754869 navigationBarColor: -592138 resizeMode: RESIZE_MODE_RESIZEABLE_VIA_SDK_VERSION minWidth: -1 minHeight: -1 colorBackgrounFloating: -1
05-11 18:30:09.933  1148  1200 D SGM:GameManager: noteResumeComponent(), received pkgName: com.android.todolist, userId: 0
05-11 18:30:09.933  1148  1387 D SGM:GameManager: onLooperPrepared(), msg: MSG_APP_RESUME, pkgName: com.android.todolist, userid: 0
05-11 18:30:09.936 22649 22649 I Utils   : HomePackage : com.sec.android.app.launcher, resumePackageName : com.android.todolist
05-11 18:30:09.961  1148  2090 V WindowManager: Relayout Window{e89b11 u0 com.android.todolist/com.android.todolist.MainActivity}: viewVisibility=0 req=1080x2400 d0
05-11 18:30:09.962   801  1235 I SurfaceFlinger: id=109516 createSurf (1080x2400),-3 flag=40004, com.android.todolist/com.android.todolist.MainActivity$_3310#0
05-11 18:30:09.963  1148  2090 D WindowManager: makeSurface duration=1 name=com.android.todolist/com.android.todolist.MainActivity$_3310
05-11 18:30:10.007  1148  2866 D WindowManager: finishDrawingWindow: Window{e89b11 u0 com.android.todolist/com.android.todolist.MainActivity} mDrawState=DRAW_PENDING
05-11 18:30:10.016  1148  1551 D SGM:GameManager: identifyForegroundApp. com.android.todolist, mCurrentUserId: 0, callerUserId: 0
05-11 18:30:10.016  1148  1551 D SGM:PkgDataHelper: getGamePkgData(). com.android.todolist
05-11 18:30:10.024   801   801 D SurfaceFlinger:      CLIENT | 0x7ad532cb80 | 0100 | RGBA_8888    |  270.0  542.0  810.0 1742.0 |    0    0 1080 2400 | com.android.todolist/com.android.todolist.MainActivity$_3310#0
05-11 18:30:10.024  1148  1551 D SGM:GameManager: identifyGamePackage. com.android.todolist, mCurrentUserId: 0, callerUserId: 0, callingMethodInfo: com.samsung.android.game.IGameManagerService$Stub.onTransact(IGameManagerService.java:242)
05-11 18:30:10.024  1148  1551 D SGM:PkgDataHelper: getGamePkgData(). com.android.todolist
05-11 18:30:10.032 23947 24176 I SAMSUNGPAY: [Hint_vp0] isHomePackageRunning topPkgName = com.android.todolist, topClsName = com.android.todolist.MainActivity, return false , se : false
05-11 18:30:10.039  1148  2079 V WindowManager: Changing focus from Window{4d61cc1 u0 Bouncer} to Window{e89b11 u0 com.android.todolist/com.android.todolist.MainActivity} displayId=0 Callers=com.android.server.wm.RootWindowContainer.updateFocusedWindowLocked:583 com.android.server.wm.WindowManagerService.updateFocusedWindowLocked:6461 com.android.server.wm.WindowManagerService.relayoutWindow:2746 com.android.server.wm.Session.relayout:242 
05-11 18:30:10.039  1148  2079 D MARsPolicyManager: onPackageResumedFG pkgName = com.android.todolist, userId = 0
05-11 18:30:10.053   801   801 D SurfaceFlinger:      DEVICE | 0x7ad532cb80 | 0100 | RGBA_8888    |  246.0  494.0  834.0 1800.0 |    0    0 1080 2400 | com.android.todolist/com.android.todolist.MainActivity$_3310#0
05-11 18:30:10.053   801   801 I SurfaceFlinger: [e89b11 com.android.todolist/com.android.todolist.MainActivity#0] FrameRatePriority: 1
05-11 18:30:10.054  1148  1551 D InputDispatcher: Focus entered window (0): e89b11 com.android.todolist/com.android.todolist.MainActivity
05-11 18:30:10.067  1148  2079 I WindowManager: Reparenting to leash, surface=Surface(name=7f3eeba SnapshotStartingWindow for taskId=1503)/@0x276ecc2, leashParent=Surface(name=ActivityRecord{71ed504 u0 com.android.todolist/.MainActivity t1503})/@0x1956a81
05-11 18:30:10.127  1148  1201 I WindowManager: Reparenting to original parent: Surface(name=ActivityRecord{71ed504 u0 com.android.todolist/.MainActivity t1503})/@0x1956a81, destroy=true, surface=Surface(name=7f3eeba SnapshotStartingWindow for taskId=1503)/@0x276ecc2
05-11 18:30:10.138   801   801 D SurfaceFlinger:      DEVICE | 0x7adee9c7c0 | 0100 | RGBA_8888    |  129.0  259.0  951.0 2085.0 |    0    0 1080 2400 | com.android.todolist/com.android.todolist.MainActivity$_3310#0
05-11 18:30:10.157  1148  1148 D MdnieScenarioControlService:  packageName : com.android.todolist    className : com.android.todolist.MainActivity
05-11 18:30:10.160  1148  1387 D SGM:GameManager:   handleUserPresent(). resume signal is needed for com.android.todolist
05-11 18:30:10.180   801   801 D SurfaceFlinger:      DEVICE | 0x7adee9c7c0 | 0100 | RGBA_8888    |   90.0  181.0  990.0 2180.0 |    0    0 1080 2400 | com.android.todolist/com.android.todolist.MainActivity$_3310#0
05-11 18:30:10.188   801   801 D SurfaceFlinger:      DEVICE | 0x7adee9c7c0 | 0100 | RGBA_8888    |   84.0  169.0  996.0 2195.0 |    0    0 1080 2400 | com.android.todolist/com.android.todolist.MainActivity$_3310#0
05-11 18:30:10.540  1148  1200 D SGM:GameManager: identifyForegroundApp. com.android.todolist, mCurrentUserId: 0, callerUserId: 0
05-11 18:30:10.541  1148  1200 D SGM:PkgDataHelper: getGamePkgData(). com.android.todolist
05-11 18:30:13.277  1148  1198 D WindowManager: rotationForOrientation, orientationSource=ActivityRecord{71ed504 u0 com.android.todolist/.MainActivity t1503}
05-11 18:35:03.406  1148  1226 W WindowManager: allSleep is false, displayId=0, task=Task{2201aed #1503 type=standard A=10466:com.android.todolist U=0 visible=true mode=fullscreen translucent=false sz=1}, caller=com.android.server.wm.RootWindowContainer$$ExternalSyntheticLambda37.accept:8 com.android.server.wm.Task.forAllRootTasks:5164 com.android.server.wm.WindowContainer.forAllRootTasks:1878 
05-11 18:35:03.406  1148  1226 W WindowManager: putStacksToSleep, mResumedActivity=null, mPausingActivity=ActivityRecord{71ed504 u0 com.android.todolist/.MainActivity t1503}
05-11 18:35:03.426  1148  4437 V WindowManager: Changing focus from Window{e89b11 u0 com.android.todolist/com.android.todolist.MainActivity} to null displayId=0 Callers=com.android.server.wm.RootWindowContainer.updateFocusedWindowLocked:583 com.android.server.wm.WindowManagerService.updateFocusedWindowLocked:6461 com.android.server.wm.ActivityRecord.commitVisibility:5546 com.android.server.wm.ActivityRecord.setVisibility:5485 
05-11 18:35:03.426  1148  4437 D MARsPolicyManager: onPackageResumedFG pkgName = com.android.todolist, userId = 0
05-11 18:35:03.427  1148  4437 V WindowManager: Setting visibility of Window{e89b11 u0 com.android.todolist/com.android.todolist.MainActivity}: false, caller=com.android.server.wm.WindowContainer.sendAppVisibilityToClients:1104 com.android.server.wm.WindowToken.setClientVisible:448 com.android.server.wm.ActivityRecord.setClientVisible:6985 com.android.server.wm.ActivityRecord.onAnimationFinished:7872 com.android.server.wm.ActivityRecord.postApplyAnimation:5573 
05-11 18:35:03.456  1148  1200 D SGM:GameManager: notePauseComponent(), received pkgName: com.android.todolist, userId: 0
05-11 18:35:03.463  1148  4437 V WindowManager: Relayout Window{e89b11 u0 com.android.todolist/com.android.todolist.MainActivity}: viewVisibility=8 req=1080x2400 d0
05-11 18:35:03.507  1148  2079 V WindowManager: Relayout Window{e89b11 u0 com.android.todolist/com.android.todolist.MainActivity}: viewVisibility=8 req=1080x2400 d0
05-11 18:35:03.514  1148  2079 E WindowManager: win=Window{e89b11 u0 com.android.todolist/com.android.todolist.MainActivity} destroySurfaces: appStopped=true win.mWindowRemovalAllowed=false win.mRemoveOnExit=false win.mViewVisibility=8 caller=com.android.server.wm.ActivityRecord.destroySurfaces:5842 com.android.server.wm.ActivityRecord.destroySurfaces:5823 com.android.server.wm.ActivityRecord.notifyAppStopped:5887 com.android.server.wm.ActivityRecord.activityStopped:6513 com.android.server.wm.ActivityClientController.activityStopped:253 android.app.IActivityClientController$Stub.onTransact:596 com.android.server.wm.ActivityClientController.onTransact:129 
05-11 18:35:03.515  1148  2079 I WindowManager: Destroying surface Surface(name=com.android.todolist/com.android.todolist.MainActivity$_3310)/@0x2535cad called by com.android.server.wm.WindowStateAnimator.destroySurface:987 com.android.server.wm.WindowStateAnimator.destroySurfaceLocked:518 com.android.server.wm.WindowState.destroySurfaceUnchecked:4229 com.android.server.wm.WindowState.destroySurface:4203 com.android.server.wm.ActivityRecord.destroySurfaces:5842 com.android.server.wm.ActivityRecord.destroySurfaces:5823 com.android.server.wm.ActivityRecord.notifyAppStopped:5887 com.android.server.wm.ActivityRecord.activityStopped:6513 
05-11 18:35:03.573   801   801 I SurfaceFlinger: [e89b11 com.android.todolist/com.android.todolist.MainActivity#0] FrameRatePriority: -1
05-11 18:35:03.573   801   801 I Layer   : id=109516 removeFromCurrentState com.android.todolist/com.android.todolist.MainActivity$_3310#0 (109)
05-11 18:35:03.573   801   801 I SurfaceFlinger: id=109516 Removed com.android.todolist/com.android.todolist.MainActivity$_3310#0 (109)
05-11 18:35:03.574   801   801 I Layer   : id=109516 Destroyed com.android.todolist/com.android.todolist.MainActivity$_3310#0
05-11 18:35:03.575  1148  2079 D InputDispatcher: Focus left window (0): e89b11 com.android.todolist/com.android.todolist.MainActivity
05-11 18:35:04.025  1148  3919 D SGM:GameManager: identifyForegroundApp. com.android.todolist, mCurrentUserId: 0, callerUserId: 0
05-11 18:35:04.027  1148  3919 D SGM:PkgDataHelper: getGamePkgData(). com.android.todolist
05-11 18:35:04.074  1148  3919 D SGM:GameManager: identifyGamePackage. com.android.todolist, mCurrentUserId: 0, callerUserId: 0, callingMethodInfo: com.samsung.android.game.IGameManagerService$Stub.onTransact(IGameManagerService.java:242)
05-11 18:35:04.074  1148  3919 D SGM:PkgDataHelper: getGamePkgData(). com.android.todolist
05-11 18:35:04.127  1148  1805 D SGM:GameManager: identifyForegroundApp. com.android.todolist, mCurrentUserId: 0, callerUserId: 0
05-11 18:35:04.127  1148  1805 D SGM:PkgDataHelper: getGamePkgData(). com.android.todolist
05-11 18:35:04.147  1148  1148 D SGM:GameManager: identifyGamePackage. com.android.todolist, mCurrentUserId: 0, callerUserId: 0, callingMethodInfo: com.android.server.ssrm.SortingMachine.isGame(SortingMachine.java:162)
05-11 18:35:04.148  1148  1148 D SGM:PkgDataHelper: getGamePkgData(). com.android.todolist
05-11 18:35:05.736  1148  2095 D MARsPolicyManager: onPackageResumedFG pkgName = com.android.todolist, userId = 0
05-11 18:35:05.737  1148  2095 V WindowManager: Setting visibility of Window{e89b11 u0 com.android.todolist/com.android.todolist.MainActivity}: true, caller=com.android.server.wm.WindowContainer.sendAppVisibilityToClients:1104 com.android.server.wm.WindowToken.setClientVisible:448 com.android.server.wm.ActivityRecord.setClientVisible:6985 com.android.server.wm.ActivityRecord.setVisibility:5424 com.android.server.wm.ActivityRecord.setVisibility:5319 
05-11 18:35:05.738  1148  2095 D WindowManager: rotationForOrientation, orientationSource=ActivityRecord{71ed504 u0 com.android.todolist/.MainActivity t1503}
05-11 18:35:05.738  1148  2095 D WindowManager: rotationForOrientation, orientationSource=ActivityRecord{71ed504 u0 com.android.todolist/.MainActivity t1503}
05-11 18:35:05.739  1148  2095 D WindowManager: rotationForOrientation, orientationSource=ActivityRecord{71ed504 u0 com.android.todolist/.MainActivity t1503}
05-11 18:35:05.743  1148  2095 D WindowManager: rotationForOrientation, orientationSource=ActivityRecord{71ed504 u0 com.android.todolist/.MainActivity t1503}
05-11 18:35:05.746  1562  1735 D StartingSurfaceDrawer: addTaskSnapshotStartingWindow: snapshot=TaskSnapshot{ mId=1652283303375 mTopActivityComponent=com.android.todolist/.MainActivity mSnapshot=android.hardware.HardwareBuffer@65793a1 (1080x2400) mColorSpace=sRGB IEC61966-2.1 (id=0, model=RGB) mOrientation=1 mRotation=0 mTaskSize=Point(1080, 2400) mContentInsets=[0,88][0,144] mIsLowResolution=false mIsRealSnapshot=true mWindowingMode=1 mAppearance=16 mIsTranslucent=false mHasImeSurface=false desc=TaskDescription Label: null Icon: null IconFilename: null colorPrimary: -16743049 colorBackground: -328966 statusBarColor: -16754869 navigationBarColor: -592138 resizeMode: RESIZE_MODE_RESIZEABLE_VIA_SDK_VERSION minWidth: -1 minHeight: -1 colorBackgrounFloating: -1
05-11 18:35:05.749  1148  1200 I GameSDK@LifeCycle: noteResumeComponent(): package name  : com.android.todolist
05-11 18:35:05.749  1148  1200 D SGM:GameManager: noteResumeComponent(), received pkgName: com.android.todolist, userId: 0
05-11 18:35:05.750  1148  1387 D SGM:GameManager: onLooperPrepared(), msg: MSG_APP_RESUME, pkgName: com.android.todolist, userid: 0
05-11 18:35:05.754  1148  1976 V WindowManager: Relayout Window{e89b11 u0 com.android.todolist/com.android.todolist.MainActivity}: viewVisibility=4 req=1080x2400 d0
05-11 18:35:05.754 22649 22649 I Utils   : HomePackage : com.sec.android.app.launcher, resumePackageName : com.android.todolist
05-11 18:35:05.785  1148  1805 V WindowManager: Relayout Window{e89b11 u0 com.android.todolist/com.android.todolist.MainActivity}: viewVisibility=0 req=1080x2400 d0
05-11 18:35:05.785   801   831 I SurfaceFlinger: id=109534 createSurf (1080x2400),-3 flag=40004, com.android.todolist/com.android.todolist.MainActivity$_3310#0
05-11 18:35:05.786  1148  1805 D WindowManager: makeSurface duration=1 name=com.android.todolist/com.android.todolist.MainActivity$_3310
05-11 18:35:05.821  1148  1343 D WindowManager: finishDrawingWindow: Window{e89b11 u0 com.android.todolist/com.android.todolist.MainActivity} mDrawState=DRAW_PENDING
05-11 18:35:05.834   801   801 D SurfaceFlinger:      CLIENT | 0x7ad594fc80 | 0100 | RGBA_8888    |  270.0  542.0  810.0 1742.0 |    0    0 1080 2400 | com.android.todolist/com.android.todolist.MainActivity$_3310#0
05-11 18:35:05.846 23947 24176 I SAMSUNGPAY: [Hint_vp0] isHomePackageRunning topPkgName = com.android.todolist, topClsName = com.android.todolist.MainActivity, return false , se : false
05-11 18:35:05.861  1148  1343 D SGM:GameManager: identifyGamePackage. com.android.todolist, mCurrentUserId: 0, callerUserId: 0, callingMethodInfo: com.samsung.android.game.IGameManagerService$Stub.onTransact(IGameManagerService.java:242)
05-11 18:35:05.861  1148  1343 D SGM:PkgDataHelper: getGamePkgData(). com.android.todolist
05-11 18:35:05.872  1148  4151 V WindowManager: Changing focus from Window{4d61cc1 u0 Bouncer} to Window{e89b11 u0 com.android.todolist/com.android.todolist.MainActivity} displayId=0 Callers=com.android.server.wm.RootWindowContainer.updateFocusedWindowLocked:583 com.android.server.wm.WindowManagerService.updateFocusedWindowLocked:6461 com.android.server.wm.WindowManagerService.relayoutWindow:2746 com.android.server.wm.Session.relayout:242 
05-11 18:35:05.872  1148  4151 D MARsPolicyManager: onPackageResumedFG pkgName = com.android.todolist, userId = 0
05-11 18:35:05.882  1148  1976 I WindowManager: Reparenting to leash, surface=Surface(name=d9a1455 SnapshotStartingWindow for taskId=1503)/@0xf8f9e6, leashParent=Surface(name=ActivityRecord{71ed504 u0 com.android.todolist/.MainActivity t1503})/@0x1956a81
05-11 18:35:05.884   801   801 D SurfaceFlinger:      DEVICE | 0x7ad594fc80 | 0100 | RGBA_8888    |  223.0  448.0  857.0 1857.0 |    0    0 1080 2400 | com.android.todolist/com.android.todolist.MainActivity$_3310#0
05-11 18:35:05.886   801   801 I SurfaceFlinger: [e89b11 com.android.todolist/com.android.todolist.MainActivity#0] FrameRatePriority: 1
05-11 18:35:05.887  1148  1440 D InputDispatcher: Focus entered window (0): e89b11 com.android.todolist/com.android.todolist.MainActivity
05-11 18:35:05.938  1148  1201 I WindowManager: Reparenting to original parent: Surface(name=ActivityRecord{71ed504 u0 com.android.todolist/.MainActivity t1503})/@0x1956a81, destroy=true, surface=Surface(name=d9a1455 SnapshotStartingWindow for taskId=1503)/@0xf8f9e6
05-11 18:35:05.949   801   801 D SurfaceFlinger:      DEVICE | 0x7ad5284400 | 0100 | RGBA_8888    |  139.0  278.0  941.0 2062.0 |    0    0 1080 2400 | com.android.todolist/com.android.todolist.MainActivity$_3310#0
05-11 18:35:06.053  1148  1387 D SGM:GameManager:   handleUserPresent(). resume signal is needed for com.android.todolist
05-11 18:35:06.054  1148  1148 D MdnieScenarioControlService:  packageName : com.android.todolist    className : com.android.todolist.MainActivity
05-11 18:35:06.068   801   801 D SurfaceFlinger:      DEVICE | 0x7ad5284400 | 0100 | RGBA_8888    |   47.0   95.0 1033.0 2284.0 |    0    0 1080 2400 | com.android.todolist/com.android.todolist.MainActivity$_3310#0
05-11 18:35:06.201   801   801 D SurfaceFlinger:      DEVICE | 0x7ad5284400 | 0100 | RGBA_8888    |    9.0   17.0 1071.0 2379.0 |    0    0 1080 2400 | com.android.todolist/com.android.todolist.MainActivity$_3310#0
05-11 18:35:06.374  1148  1200 D SGM:GameManager: identifyForegroundApp. com.android.todolist, mCurrentUserId: 0, callerUserId: 0
05-11 18:35:06.374  1148  1200 D SGM:PkgDataHelper: getGamePkgData(). com.android.todolist
05-11 18:35:06.978 21865 21865 I RecentsView: onGestureAnimationStart, runningTaskInfo : TaskInfo{userId=0 taskId=1503 displayId=0 isRunning=true baseIntent=Intent { act=android.intent.action.MAIN cat=[android.intent.category.LAUNCHER] flg=0x10200000 cmp=com.android.todolist/.MainActivity } baseActivity=ComponentInfo{com.android.todolist/com.android.todolist.MainActivity} topActivity=ComponentInfo{com.android.todolist/com.android.todolist.MainActivity} origActivity=null realActivity=ComponentInfo{com.android.todolist/com.android.todolist.MainActivity} numActivities=1 lastActiveTime=1140181815 supportsSplitScreenMultiWindow=true supportsMultiWindow=true resizeMode=1 isResizeable=true token=WCT{android.window.IWindowContainerToken$Stub$Proxy@f3582cc} topActivityType=1 pictureInPictureParams=PictureInPictureParams( aspectRatio=null sourceRectHint=null hasSetActions=false isAutoPipEnabled=false isSeamlessResizeEnabled=true) displayCutoutSafeInsets=Rect(0, 88 - 0, 0) topActivityInfo=ActivityInfo{d6b0915 com.android.todolist.MainActivity} launchCookies=[com.android.launcher3.util.ObjectWrapper@326bbef] positionInParent=Point(0, 0) parentTaskId=-1 isFocused=true isVisible=true topActivityInSizeCompat=false locusId= null topLaunchHome=false launchSplitWindowingMode=0 isPairTask=false pairedTaskIds=[] pairWindowingMode=0 pairDockSide=0 isAnimatingByRecent=false originallySupportedSplitScreen=true isAnimatingFreeformToFullscreen=false topActivityInFixedAspectRatio=false isTopTransparentActivity=false}
05-11 18:35:06.998 21865 21865 I RecentsView: showCurrentTask : TaskInfo{userId=0 taskId=1503 displayId=0 isRunning=true baseIntent=Intent { act=android.intent.action.MAIN cat=[android.intent.category.LAUNCHER] flg=0x10200000 cmp=com.android.todolist/.MainActivity } baseActivity=ComponentInfo{com.android.todolist/com.android.todolist.MainActivity} topActivity=ComponentInfo{com.android.todolist/com.android.todolist.MainActivity} origActivity=null realActivity=ComponentInfo{com.android.todolist/com.android.todolist.MainActivity} numActivities=1 lastActiveTime=1140181815 supportsSplitScreenMultiWindow=true supportsMultiWindow=true resizeMode=1 isResizeable=true token=WCT{android.window.IWindowContainerToken$Stub$Proxy@f3582cc} topActivityType=1 pictureInPictureParams=PictureInPictureParams( aspectRatio=null sourceRectHint=null hasSetActions=false isAutoPipEnabled=false isSeamlessResizeEnabled=true) displayCutoutSafeInsets=Rect(0, 88 - 0, 0) topActivityInfo=ActivityInfo{d6b0915 com.android.todolist.MainActivity} launchCookies=[com.android.launcher3.util.ObjectWrapper@326bbef] positionInParent=Point(0, 0) parentTaskId=-1 isFocused=true isVisible=true topActivityInSizeCompat=false locusId= null topLaunchHome=false launchSplitWindowingMode=0 isPairTask=false pairedTaskIds=[] pairWindowingMode=0 pairDockSide=0 isAnimatingByRecent=false originallySupportedSplitScreen=true isAnimatingFreeformToFullscreen=false topActivityInFixedAspectRatio=false isTopTransparentActivity=false}
05-11 18:35:07.000 21865 21865 I RecentsView: onGestureAnimationStart, runningTaskInfo : TaskInfo{userId=0 taskId=1503 displayId=0 isRunning=true baseIntent=Intent { act=android.intent.action.MAIN cat=[android.intent.category.LAUNCHER] flg=0x10200000 cmp=com.android.todolist/.MainActivity } baseActivity=ComponentInfo{com.android.todolist/com.android.todolist.MainActivity} topActivity=ComponentInfo{com.android.todolist/com.android.todolist.MainActivity} origActivity=null realActivity=ComponentInfo{com.android.todolist/com.android.todolist.MainActivity} numActivities=1 lastActiveTime=1140181815 supportsSplitScreenMultiWindow=true supportsMultiWindow=true resizeMode=1 isResizeable=true token=WCT{android.window.IWindowContainerToken$Stub$Proxy@f3582cc} topActivityType=1 pictureInPictureParams=PictureInPictureParams( aspectRatio=null sourceRectHint=null hasSetActions=false isAutoPipEnabled=false isSeamlessResizeEnabled=true) displayCutoutSafeInsets=Rect(0, 88 - 0, 0) topActivityInfo=ActivityInfo{d6b0915 com.android.todolist.MainActivity} launchCookies=[com.android.launcher3.util.ObjectWrapper@326bbef] positionInParent=Point(0, 0) parentTaskId=-1 isFocused=true isVisible=true topActivityInSizeCompat=false locusId= null topLaunchHome=false launchSplitWindowingMode=0 isPairTask=false pairedTaskIds=[] pairWindowingMode=0 pairDockSide=0 isAnimatingByRecent=false originallySupportedSplitScreen=true isAnimatingFreeformToFullscreen=false topActivityInFixedAspectRatio=false isTopTransparentActivity=false}
05-11 18:35:07.000 21865 21865 I RecentsView: showCurrentTask : TaskInfo{userId=0 taskId=1503 displayId=0 isRunning=true baseIntent=Intent { act=android.intent.action.MAIN cat=[android.intent.category.LAUNCHER] flg=0x10200000 cmp=com.android.todolist/.MainActivity } baseActivity=ComponentInfo{com.android.todolist/com.android.todolist.MainActivity} topActivity=ComponentInfo{com.android.todolist/com.android.todolist.MainActivity} origActivity=null realActivity=ComponentInfo{com.android.todolist/com.android.todolist.MainActivity} numActivities=1 lastActiveTime=1140181815 supportsSplitScreenMultiWindow=true supportsMultiWindow=true resizeMode=1 isResizeable=true token=WCT{android.window.IWindowContainerToken$Stub$Proxy@f3582cc} topActivityType=1 pictureInPictureParams=PictureInPictureParams( aspectRatio=null sourceRectHint=null hasSetActions=false isAutoPipEnabled=false isSeamlessResizeEnabled=true) displayCutoutSafeInsets=Rect(0, 88 - 0, 0) topActivityInfo=ActivityInfo{d6b0915 com.android.todolist.MainActivity} launchCookies=[com.android.launcher3.util.ObjectWrapper@326bbef] positionInParent=Point(0, 0) parentTaskId=-1 isFocused=true isVisible=true topActivityInSizeCompat=false locusId= null topLaunchHome=false launchSplitWindowingMode=0 isPairTask=false pairedTaskIds=[] pairWindowingMode=0 pairDockSide=0 isAnimatingByRecent=false originallySupportedSplitScreen=true isAnimatingFreeformToFullscreen=false topActivityInFixedAspectRatio=false isTopTransparentActivity=false}
05-11 18:35:07.005  1148  2091 D WindowManager: Moved rootTask=Task{80a2118 #1 type=home ?? U=0 visible=false mode=fullscreen translucent=true sz=1} behind rootTask=Task{2201aed #1503 type=standard A=10466:com.android.todolist U=0 visible=true mode=fullscreen translucent=false sz=1}
05-11 18:35:07.033   801   801 D SurfaceFlinger:      DEVICE | 0x7ad5284400 | 0100 | RGBA_8888    |    0.0    0.0 1080.0 2400.0 |    0    0 1080 2400 | com.android.todolist/com.android.todolist.MainActivity$_3310#0
05-11 18:35:07.053 23947 24176 I SAMSUNGPAY: [Hint_vp0] isHomePackageRunning topPkgName = com.android.todolist, topClsName = com.android.todolist.MainActivity, return false , se : false
05-11 18:35:07.087 21865 24006 I AppIconSolution: getThemeIconWithBG called with public API, pkg = com.android.todolist
05-11 18:35:07.087 21865 24006 I AppIconSolution: return adaptive icon for com.android.todolist, isNight = false
05-11 18:35:07.087 21865 24006 I LauncherActivityInfo: packageName: com.android.todolist, useThemeIcon: false, height: 216, width: 216, density: 480
05-11 18:35:07.090  1148  1343 V WindowManager: Changing focus from Window{e89b11 u0 com.android.todolist/com.android.todolist.MainActivity} to null displayId=0 Callers=com.android.server.wm.RootWindowContainer.updateFocusedWindowLocked:583 com.android.server.wm.WindowManagerService.updateFocusedWindowLocked:6461 com.android.server.wm.WindowManagerService.relayoutWindow:2746 com.android.server.wm.Session.relayout:242 
05-11 18:35:07.090  1148  1343 D MARsPolicyManager: onPackageResumedFG pkgName = com.android.todolist, userId = 0
05-11 18:35:07.096   801   801 I SurfaceFlinger: [e89b11 com.android.todolist/com.android.todolist.MainActivity#0] FrameRatePriority: -1
05-11 18:35:07.097  1148  4151 D InputDispatcher: Focus left window (0): e89b11 com.android.todolist/com.android.todolist.MainActivity
05-11 18:35:07.139 21865 24006 I AppIconSolution: getThemeIconWithBG called with public API, pkg = com.android.todolist
05-11 18:35:07.139 21865 24006 I AppIconSolution: return adaptive icon for com.android.todolist, isNight = false
05-11 18:35:07.139 21865 24006 I LauncherActivityInfo: packageName: com.android.todolist, useThemeIcon: false, height: 216, width: 216, density: 480
05-11 18:35:07.143   801   801 D SurfaceFlinger:      DEVICE | 0x7adff2dac0 | 0100 | RGBA_8888    |    0.0    0.0 1080.0 2400.0 |    0    0 1080 2400 | com.android.todolist/com.android.todolist.MainActivity$_3310#0
05-11 18:35:07.174  1148  1619 D MdnieScenarioControlService:  packageName : com.android.todolist    className : com.android.todolist.MainActivity
05-11 18:35:07.468  1148  4151 D WindowManager: onAnimationFinished(): targetRootTask=Task{80a2118 #1 type=home ?? U=0 visible=false mode=fullscreen translucent=false sz=1} targetActivity=ActivityRecord{e2e864b u0 com.sec.android.app.launcher/.activities.LauncherActivity t562} mRestoreTargetBehindRootTask=Task{2201aed #1503 type=standard A=10466:com.android.todolist U=0 visible=true mode=fullscreen translucent=false sz=1}
05-11 18:35:07.481  1148  4151 V WindowManager: Setting visibility of Window{e89b11 u0 com.android.todolist/com.android.todolist.MainActivity}: false, caller=com.android.server.wm.WindowContainer.sendAppVisibilityToClients:1104 com.android.server.wm.WindowToken.setClientVisible:448 com.android.server.wm.ActivityRecord.setClientVisible:6985 com.android.server.wm.ActivityRecord.onAnimationFinished:7872 com.android.server.wm.ActivityRecord.postApplyAnimation:5573 
05-11 18:35:07.493  1148  1200 D SGM:GameManager: notePauseComponent(), received pkgName: com.android.todolist, userId: 0
05-11 18:35:07.494  1148  3919 V WindowManager: Relayout Window{e89b11 u0 com.android.todolist/com.android.todolist.MainActivity}: viewVisibility=8 req=1080x2400 d0
05-11 18:35:07.521  1148  3919 V WindowManager: Relayout Window{e89b11 u0 com.android.todolist/com.android.todolist.MainActivity}: viewVisibility=8 req=1080x2400 d0
05-11 18:35:07.531  1148  2866 E WindowManager: win=Window{e89b11 u0 com.android.todolist/com.android.todolist.MainActivity} destroySurfaces: appStopped=true win.mWindowRemovalAllowed=false win.mRemoveOnExit=false win.mViewVisibility=8 caller=com.android.server.wm.ActivityRecord.destroySurfaces:5842 com.android.server.wm.ActivityRecord.destroySurfaces:5823 com.android.server.wm.ActivityRecord.notifyAppStopped:5887 com.android.server.wm.ActivityRecord.activityStopped:6513 com.android.server.wm.ActivityClientController.activityStopped:253 android.app.IActivityClientController$Stub.onTransact:596 com.android.server.wm.ActivityClientController.onTransact:129 
05-11 18:35:07.531  1148  2866 I WindowManager: Destroying surface Surface(name=com.android.todolist/com.android.todolist.MainActivity$_3310)/@0x992ecaf called by com.android.server.wm.WindowStateAnimator.destroySurface:987 com.android.server.wm.WindowStateAnimator.destroySurfaceLocked:518 com.android.server.wm.WindowState.destroySurfaceUnchecked:4229 com.android.server.wm.WindowState.destroySurface:4203 com.android.server.wm.ActivityRecord.destroySurfaces:5842 com.android.server.wm.ActivityRecord.destroySurfaces:5823 com.android.server.wm.ActivityRecord.notifyAppStopped:5887 com.android.server.wm.ActivityRecord.activityStopped:6513 
05-11 18:35:07.537   801   801 I Layer   : id=109534 removeFromCurrentState com.android.todolist/com.android.todolist.MainActivity$_3310#0 (109)
05-11 18:35:07.537   801   801 I SurfaceFlinger: id=109534 Removed com.android.todolist/com.android.todolist.MainActivity$_3310#0 (109)
05-11 18:35:07.537   801   801 I Layer   : id=109534 Destroyed com.android.todolist/com.android.todolist.MainActivity$_3310#0
05-11 18:35:07.815  1148  1200 I ActivityManager: Killing 3310:com.android.todolist/u0a466 (adj 905): remove task:remove-task
05-11 18:35:07.815  1148  1200 D ActivityManager: [SD] user menu kill listen remove action name:com.android.todolist uid:10466
05-11 18:35:07.865  1148  2866 I WindowManager: WIN DEATH: Window{e89b11 u0 com.android.todolist/com.android.todolist.MainActivity}
05-11 18:35:07.865  1148  2866 W InputManager-JNI: Input channel object 'e89b11 com.android.todolist/com.android.todolist.MainActivity (client)' was disposed without first being removed with the input manager!
05-11 18:35:07.867   801   801 I Layer   : id=109023 removeFromCurrentState e89b11 com.android.todolist/com.android.todolist.MainActivity#0 (108)
05-11 18:35:07.868   801  2149 I SurfaceFlinger: id=109023 Removed e89b11 com.android.todolist/com.android.todolist.MainActivity#0 (108)
05-11 18:35:07.870  1148  2091 I ActivityTaskManager: Removing activity ActivityRecord{71ed504 u0 com.android.todolist/.MainActivity t1503 f}}(appDied)  from stack callers=com.android.server.wm.ActivityRecord.handleAppDied:4261 com.android.server.wm.WindowProcessController.handleAppDied:1287 com.android.server.wm.ActivityTaskManagerService$LocalService.handleAppDied:7031 com.android.server.am.ActivityManagerService.handleAppDiedLocked:3649 com.android.server.am.ActivityManagerService.appDiedLocked:3839 
05-11 18:35:07.875   801   801 I Layer   : id=109015 removeFromCurrentState ActivityRecord{71ed504 u0 com.android.todolist/.MainActivity t1503}#0 (109)
05-11 18:35:07.875   801   801 I SurfaceFlinger: id=109015 Removed ActivityRecord{71ed504 u0 com.android.todolist/.MainActivity t1503}#0 (109)
05-11 18:35:07.876   801   801 I Layer   : id=109023 Destroyed e89b11 com.android.todolist/com.android.todolist.MainActivity#0
05-11 18:35:07.876   801   801 I Layer   : id=109015 Destroyed ActivityRecord{71ed504 u0 com.android.todolist/.MainActivity t1503}#0
05-11 18:35:09.445  1148  1206 W UsageStatsService: Unexpected activity event reported! (com.android.todolist/com.android.todolist.MainActivity event : 23 instanceId : 17849623)
05-11 18:35:12.199  1148  2562 I ActivityTaskManager: [SecIpm] intent received, starting preload launch:com.android.todolist
05-11 18:35:12.209  1148  1208 I ActivityManager: Start proc 19306:com.android.todolist/u0a466 for IpmLaunch {com.android.todolist/com.android.todolist.MainActivity}
05-11 18:35:12.341 19306 19306 E USNET   : USNET: appName: com.android.todolist
05-11 18:35:12.399  1148  2091 I ActivityManager: DSS OFF for com.android.todolist
05-11 18:35:12.402  1148  2091 D ActivityManager: attachApplicationLocked() app=ProcessRecord{fa5525f 19306:com.android.todolist/u0a466} app.isolatedEntryPoint=null instr2=null
05-11 18:35:12.498 19306 19306 D ActivityThread: handleBindApplication()++ app=com.android.todolist
05-11 18:35:12.583 19306 19306 V GraphicsEnvironment: ANGLE Developer option for 'com.android.todolist' set to: 'default'
05-11 18:35:12.591 19306 19306 D LoadedApk: LoadedApk::makeApplication() appContext.mOpPackageName=com.android.todolist appContext.mBasePackageName=com.android.todolist
05-11 18:41:18.940  1148  1522 I Pageboost: start alp : com.android.todolist
05-11 18:41:18.940  1148  1526 I Pageboost: alp for : com.android.todolist , 1
05-11 18:41:18.941  1148  1522 D ActivityTaskManager: request preloading for newly launching app : com.android.todolist.MainActivity
05-11 18:41:18.941  2644 20761 E pageboostd: alp start : app comandroidtodolist
05-11 18:41:18.941  1562  1562 D StartingSurfaceDrawer: preloadSplashScreenAppIcon com.android.todolist
05-11 18:41:18.946  2644 20761 E pageboostd: comandroidtodolist, amt 3211264 scnt 1 fcnt 0
05-11 18:41:18.946  2644 20761 E pageboostd: comandroidtodolist, amt 0 scnt 0 fcnt 6
05-11 18:41:18.947  2644 20761 E pageboostd: alp end : app comandroidtodolist data_amount 3211264
05-11 18:41:18.994 21865 21998 I AppIconSolution: getThemeIconWithBG called with public API, pkg = com.android.todolist
05-11 18:41:18.994 21865 21998 I AppIconSolution: return adaptive icon for com.android.todolist, isNight = false
05-11 18:41:18.995  1148  4437 I ActivityTaskManager: START u0 {act=android.intent.action.MAIN cat=[android.intent.category.LAUNCHER] flg=0x10200000 cmp=com.android.todolist/.MainActivity bnds=[291,672][537,1037]} from uid 10142
05-11 18:41:18.996 21865 21998 I LauncherActivityInfo: packageName: com.android.todolist, useThemeIcon: false, height: 216, width: 216, density: 640
05-11 18:41:18.999  1148  4437 D ActivityTaskManager: TaskLaunchParamsModifier:task=null activity=ActivityRecord{4bc453c u0 com.android.todolist/.MainActivity display-from-option=0 display-id=0 display-windowing-mode=1 suggested-display-area=DefaultTaskDisplayArea@211848610
05-11 18:41:18.999  1148  4437 D [secipm]: mSecIpmManager Preload com.android.todolist dex files
05-11 18:41:19.000  1148  2571 D PkgPredictorService-IpmAdcpController: create a new DexPreloadTask pkg:com.android.todolist  path:/data/app/~~nXvU_h403ph3xqIbhf6y4w==/com.android.todolist-gRWIWOMkg5aK4QrkfCGe4Q==
05-11 18:41:19.000  1148  4437 D ActivityTaskManager: TaskLaunchParamsModifier:task=null activity=ActivityRecord{4bc453c u0 com.android.todolist/.MainActivity t-1} display-from-option=0 display-id=0 display-windowing-mode=1 suggested-display-area=DefaultTaskDisplayArea@211848610 inherit-from-source=fullscreen activity-options-fullscreen=Rect(0, 0 - 0, 0) non-freeform-display display-area=DefaultTaskDisplayArea@211848610 maximized-bounds
05-11 18:41:19.000  1148  2571 D PkgPredictorService-IpmAdcpController: /data/app/~~nXvU_h403ph3xqIbhf6y4w==/com.android.todolist-gRWIWOMkg5aK4QrkfCGe4Q==/oat/arm64/base.odex size 50080
05-11 18:41:19.004  1148  4437 D ActivityTaskManager: TaskLaunchParamsModifier:task=Task{eb2941a #1508 type=standard A=10466:com.android.todolist U=0 visible=false mode=fullscreen translucent=true sz=0} activity=ActivityRecord{4bc453c u0 com.android.todolist/.MainActivity t-1} display-from-option=0 display-id=0 display-windowing-mode=1 suggested-display-area=DefaultTaskDisplayArea@211848610 inherit-from-source=fullscreen activity-options-fullscreen=Rect(0, 0 - 0, 0) non-freeform-display display-area=DefaultTaskDisplayArea@211848610 maximized-bounds
05-11 18:41:19.009   801   831 I SurfaceFlinger: id=109619 createSurf (0x0),-1 flag=80004, ActivityRecord{4bc453c u0 com.android.todolist/.MainActivity t1508}#0
05-11 18:41:19.016  1562  1735 D StartingSurfaceDrawer: addSplashScreen com.android.todolist theme=7f0f0008 task=1508 suggestType=1
05-11 18:41:19.023  1148  1148 I Pageboost: package com.android.todolist
05-11 18:41:19.026   801   831 I SurfaceFlinger: id=109620 createSurf (0x0),-1 flag=80004, 27dffd4 Splash Screen com.android.todolist#0
05-11 18:41:19.027  1562  1735 I ViewRootImpl@a7d8580[todolist]: setView = android.widget.FrameLayout@71f07b9 TM=true
05-11 18:41:19.029  1148  4161 D MARsPolicyManager: onPackageResumedFG pkgName = com.android.todolist, userId = 0
05-11 18:41:19.030  1148  4161 D WindowManager: rotationForOrientation, orientationSource=ActivityRecord{4bc453c u0 com.android.todolist/.MainActivity t1508}
05-11 18:41:19.030  1148  4161 D WindowManager: rotationForOrientation, orientationSource=ActivityRecord{4bc453c u0 com.android.todolist/.MainActivity t1508}
05-11 18:41:19.030  1148  4161 D WindowManager: rotationForOrientation, orientationSource=ActivityRecord{4bc453c u0 com.android.todolist/.MainActivity t1508}
05-11 18:41:19.031  1148  4161 D SGM:PkgDataHelper: notifyAppCreate(), pkgName: com.android.todolist, userId: 0, sendRet: true
05-11 18:41:19.031  1148  1387 D SGM:GameManager: onLooperPrepared(), msg: MSG_APP_CREATE, pkgName: com.android.todolist, userId: 0
05-11 18:41:19.032  1148  4161 D SGM:GameManager:   sendRunningComponentFocus(), pkgName: com.android.todolist, userId: 0
05-11 18:41:19.032  1148  1387 D SGM:GameManager: onLooperPrepared(), msg: MSG_TASK_FOCUSED, pkgName: com.android.todolist, userId: 0
05-11 18:41:19.032  1148  1387 D SGM:GameManager:   handleTaskFocused(), pkgName: com.android.todolist, userID:0
05-11 18:41:19.032  1148  1387 D SGM:GameManager:   handleResume(). pkgName: com.android.todolist, userId: 0, isTunableApp: null
05-11 18:41:19.032  1148  1387 D SGM:GameManager: notifyFocusInOut(). of pkg: com.android.todolist, type: 4, isMinimized: false, isTunableApp: false, userId: 0
05-11 18:41:19.034  1148  4437 V WindowManager: Relayout Window{27dffd4 u0 Splash Screen com.android.todolist}: viewVisibility=0 req=1080x2400 d0
05-11 18:41:19.034   801   831 I SurfaceFlinger: id=109621 createSurf (1080x2400),-3 flag=40004, Splash Screen com.android.todolist$_1562#0
05-11 18:41:19.035  1148  4437 D WindowManager: makeSurface duration=0 name=Splash Screen com.android.todolist$_1562
05-11 18:41:19.036  1148  1386 V ActivityManager: Changed top to ProcessRecord{fa5525f 19306:com.android.todolist/u0a466}
05-11 18:41:19.038  1562  1735 I ViewRootImpl@a7d8580[todolist]: Relayout returned: old=(0,0,1080,2400) new=(0,0,1080,2400) req=(1080,2400)0 dur=9 res=0x7 s={true 486430449664} ch=true fn=-1
05-11 18:41:19.039  1562  1735 I ViewRootImpl@a7d8580[todolist]: [DP] dp(1) 0 android.view.ViewRootImpl.reportNextDraw:11374 android.view.ViewRootImpl.performTraversals:4167 android.view.ViewRootImpl.doTraversal:2893 
05-11 18:41:19.044  1562  1735 I ViewRootImpl@a7d8580[todolist]: [DP] pdf(0) 0 android.view.ViewRootImpl.lambda$addFrameCompleteCallbackIfNeeded$3$ViewRootImpl:4969 android.view.ViewRootImpl$$ExternalSyntheticLambda16.run:6 android.os.Handler.handleCallback:938 
05-11 18:41:19.044  1562  1735 I ViewRootImpl@a7d8580[todolist]: [DP] rdf()
05-11 18:41:19.044  1562  1735 D ViewRootImpl@a7d8580[todolist]: reportDrawFinished (fn: -1) 
05-11 18:41:19.044  1148  1172 D WindowManager: finishDrawingWindow: Window{27dffd4 u0 Splash Screen com.android.todolist} mDrawState=DRAW_PENDING
